Component: Arm Compiler for Embedded 6.21 Tool: armlink [5ec1fa00]

==============================================================================

Section Cross References

    gd32_foc_it.o(.text.NMI_Handler) refers to gd32f50x_syscfg.o(.text.syscfg_sram_ecc_flag_get) for syscfg_sram_ecc_flag_get
    gd32_foc_it.o(.ARM.exidx.text.NMI_Handler) refers to gd32_foc_it.o(.text.NMI_Handler) for [Anonymous Symbol]
    gd32_foc_it.o(.ARM.exidx.text.HardFault_Handler) refers to gd32_foc_it.o(.text.HardFault_Handler) for [Anonymous Symbol]
    gd32_foc_it.o(.ARM.exidx.text.MemManage_Handler) refers to gd32_foc_it.o(.text.MemManage_Handler) for [Anonymous Symbol]
    gd32_foc_it.o(.ARM.exidx.text.BusFault_Handler) refers to gd32_foc_it.o(.text.BusFault_Handler) for [Anonymous Symbol]
    gd32_foc_it.o(.ARM.exidx.text.UsageFault_Handler) refers to gd32_foc_it.o(.text.UsageFault_Handler) for [Anonymous Symbol]
    gd32_foc_it.o(.ARM.exidx.text.SVC_Handler) refers to gd32_foc_it.o(.text.SVC_Handler) for [Anonymous Symbol]
    gd32_foc_it.o(.ARM.exidx.text.DebugMon_Handler) refers to gd32_foc_it.o(.text.DebugMon_Handler) for [Anonymous Symbol]
    gd32_foc_it.o(.ARM.exidx.text.PendSV_Handler) refers to gd32_foc_it.o(.text.PendSV_Handler) for [Anonymous Symbol]
    gd32_foc_it.o(.text.SysTick_Handler) refers to systick.o(.text.delay_decrement) for delay_decrement
    gd32_foc_it.o(.text.SysTick_Handler) refers to gdfoc_config.o(.data.rotor_angle) for rotor_angle
    gd32_foc_it.o(.text.SysTick_Handler) refers to gdfoc_config.o(.data.motor) for motor
    gd32_foc_it.o(.text.SysTick_Handler) refers to angle.o(.text.speed_get) for speed_get
    gd32_foc_it.o(.text.SysTick_Handler) refers to motor_ctrl.o(.text.motor_idqref_calc) for motor_idqref_calc
    gd32_foc_it.o(.text.SysTick_Handler) refers to motor_protect.o(.text.motor_protect_check) for motor_protect_check
    gd32_foc_it.o(.text.SysTick_Handler) refers to can_protocol.o(.text.can_heartbeat_timeout_check) for can_heartbeat_timeout_check
    gd32_foc_it.o(.ARM.exidx.text.SysTick_Handler) refers to gd32_foc_it.o(.text.SysTick_Handler) for [Anonymous Symbol]
    gd32_foc_it.o(.text.TIMER2_IRQHandler) refers to gdfoc_config.o(.data.rotor_angle) for rotor_angle
    gd32_foc_it.o(.text.TIMER2_IRQHandler) refers to gdfoc_config.o(.data.motor) for motor
    gd32_foc_it.o(.text.TIMER2_IRQHandler) refers to angle.o(.text.angle_sensor_interrupt_handler) for angle_sensor_interrupt_handler
    gd32_foc_it.o(.ARM.exidx.text.TIMER2_IRQHandler) refers to gd32_foc_it.o(.text.TIMER2_IRQHandler) for [Anonymous Symbol]
    gd32_foc_it.o(.text.ADC0_1_IRQHandler) refers to gd32f50x_adc.o(.text.adc_interrupt_flag_clear) for adc_interrupt_flag_clear
    gd32_foc_it.o(.text.ADC0_1_IRQHandler) refers to gdfoc_config.o(.data.pwm_current) for pwm_current
    gd32_foc_it.o(.text.ADC0_1_IRQHandler) refers to gdfoc_config.o(.data.motor) for motor
    gd32_foc_it.o(.text.ADC0_1_IRQHandler) refers to pwm_current.o(.text.get_iab) for get_iab
    gd32_foc_it.o(.text.ADC0_1_IRQHandler) refers to gdfoc_config.o(.data.rotor_angle) for rotor_angle
    gd32_foc_it.o(.text.ADC0_1_IRQHandler) refers to uart4_drv.o(.text.uart4_request_encoder_data) for uart4_request_encoder_data
    gd32_foc_it.o(.text.ADC0_1_IRQHandler) refers to uart4_drv.o(.text.uart4_get_last_elec_angle_rad) for uart4_get_last_elec_angle_rad
    gd32_foc_it.o(.text.ADC0_1_IRQHandler) refers to angle.o(.text.angle_set_elec_angle_from_uart4) for angle_set_elec_angle_from_uart4
    gd32_foc_it.o(.text.ADC0_1_IRQHandler) refers to angle.o(.text.angle_get) for angle_get
    gd32_foc_it.o(.text.ADC0_1_IRQHandler) refers to can_drv.o(.bss.g_can_rx_new_flag) for g_can_rx_new_flag
    gd32_foc_it.o(.text.ADC0_1_IRQHandler) refers to can_drv.o(.bss.g_can_rx_message) for g_can_rx_message
    gd32_foc_it.o(.text.ADC0_1_IRQHandler) refers to can_protocol.o(.text.od_0x07FF_callback) for od_0x07FF_callback
    gd32_foc_it.o(.text.ADC0_1_IRQHandler) refers to foc_math.o(.text.sin_cos_float) for sin_cos_float
    gd32_foc_it.o(.text.ADC0_1_IRQHandler) refers to foc_math.o(.text.clarke_amplitude) for clarke_amplitude
    gd32_foc_it.o(.text.ADC0_1_IRQHandler) refers to foc_math.o(.text.park) for park
    gd32_foc_it.o(.text.ADC0_1_IRQHandler) refers to motor_ctrl.o(.text.motor_mit_iq_ref_update) for motor_mit_iq_ref_update
    gd32_foc_it.o(.text.ADC0_1_IRQHandler) refers to motor_ctrl.o(.text.motor_udq_calc) for motor_udq_calc
    gd32_foc_it.o(.text.ADC0_1_IRQHandler) refers to modulation.o(.text.over_modulation) for over_modulation
    gd32_foc_it.o(.text.ADC0_1_IRQHandler) refers to foc_math.o(.text.rev_park) for rev_park
    gd32_foc_it.o(.text.ADC0_1_IRQHandler) refers to pwm_current.o(.text.pwm_generation) for pwm_generation
    gd32_foc_it.o(.ARM.exidx.text.ADC0_1_IRQHandler) refers to gd32_foc_it.o(.text.ADC0_1_IRQHandler) for [Anonymous Symbol]
[...]
    motor_idqref_calc                        0x08009e2d   Thumb Code   130  motor_ctrl.o(.text.motor_idqref_calc)
    motor_init                               0x08009eb1   Thumb Code    16  motor_ctrl.o(.text.motor_init)
    motor_mit_iq_ref_update                  0x08009ec1   Thumb Code   200  motor_ctrl.o(.text.motor_mit_iq_ref_update)
    motor_protect_check                      0x0800a099   Thumb Code   100  motor_protect.o(.text.motor_protect_check)
    motor_protect_peripheral_init            0x0800a4ad   Thumb Code    20  motor_protect.o(.text.motor_protect_peripheral_init)
    motor_protect_var_init                   0x0800a4ed   Thumb Code   122  motor_protect.o(.text.motor_protect_var_init)
    motor_start                              0x0800a8dd   Thumb Code    18  motor_ctrl.o(.text.motor_start)
    motor_stop                               0x0800aac9   Thumb Code    18  motor_ctrl.o(.text.motor_stop)
    motor_udq_calc                           0x0800aadd   Thumb Code   108  motor_ctrl.o(.text.motor_udq_calc)
    moving_average_float                     0x0800ab49   Thumb Code   128  foc_math.o(.text.moving_average_float)
    nvic_irq_enable                          0x0800abc9   Thumb Code   138  gd32f50x_misc.o(.text.nvic_irq_enable)
    nvic_priority_group_set                  0x0800ac55   Thumb Code    28  gd32f50x_misc.o(.text.nvic_priority_group_set)
    nvic_vector_table_set                    0x0800ac71   Thumb Code    40  gd32f50x_misc.o(.text.nvic_vector_table_set)
    od_0x07FF_callback                       0x0800ac99   Thumb Code   816  can_protocol.o(.text.od_0x07FF_callback)
    over_modulation                          0x0800bd09   Thumb Code   250  modulation.o(.text.over_modulation)
    park                                     0x0800be05   Thumb Code    94  foc_math.o(.text.park)
    pid_incremental_regulation               0x0800be65   Thumb Code   226  foc_math.o(.text.pid_incremental_regulation)
    pid_init                                 0x0800bf49   Thumb Code    64  foc_math.o(.text.pid_init)
    pwm_2shunt_update_duty                   0x0800c135   Thumb Code    74  pwm_current_2shunt.o(.text.pwm_2shunt_update_duty)
    pwm_3shunt_update_duty                   0x0800c329   Thumb Code    74  pwm_current_3shunt.o(.text.pwm_3shunt_update_duty)
    pwm_current_1shunt_get_current           0x0800c42d   Thumb Code   524  pwm_current_1shunt.o(.text.pwm_current_1shunt_get_current)
    pwm_current_1shunt_peripheral_init       0x0800c76d   Thumb Code    32  pwm_current_1shunt.o(.text.pwm_current_1shunt_peripheral_init)
    pwm_current_1shunt_sampling_point_config 0x0800c7ed   Thumb Code   540  pwm_current_1shunt.o(.text.pwm_current_1shunt_sampling_point_config)
    pwm_current_2shunt_get_current           0x0800cbb1   Thumb Code   204  pwm_current_2shunt.o(.text.pwm_current_2shunt_get_current)
    pwm_current_2shunt_peripheral_init       0x0800cdc1   Thumb Code    28  pwm_current_2shunt.o(.text.pwm_current_2shunt_peripheral_init)
    pwm_current_2shunt_sampling_point_config 0x0800ce49   Thumb Code    10  pwm_current_2shunt.o(.text.pwm_current_2shunt_sampling_point_config)
    pwm_current_3shunt_get_current           0x0800ce55   Thumb Code   412  pwm_current_3shunt.o(.text.pwm_current_3shunt_get_current)
    pwm_current_3shunt_peripheral_init       0x0800d141   Thumb Code    28  pwm_current_3shunt.o(.text.pwm_current_3shunt_peripheral_init)
    pwm_current_3shunt_sampling_point_config 0x0800d1d1   Thumb Code   178  pwm_current_3shunt.o(.text.pwm_current_3shunt_sampling_point_config)
    pwm_current_peripheral_init              0x0800d285   Thumb Code    76  pwm_current.o(.text.pwm_current_peripheral_init)
    pwm_generation                           0x0800d2d1   Thumb Code   206  pwm_current.o(.text.pwm_generation)
    rcu_adc_clock_config                     0x0800d3f1   Thumb Code   200  gd32f50x_rcu.o(.text.rcu_adc_clock_config)
    rcu_clock_freq_get                       0x0800d4b9   Thumb Code   734  gd32f50x_rcu.o(.text.rcu_clock_freq_get)
    rcu_periph_clock_enable                  0x0800d799   Thumb Code    40  gd32f50x_rcu.o(.text.rcu_periph_clock_enable)
    rcu_periph_reset_disable                 0x0800d7c1   Thumb Code    40  gd32f50x_rcu.o(.text.rcu_periph_reset_disable)
    rcu_periph_reset_enable                  0x0800d7e9   Thumb Code    40  gd32f50x_rcu.o(.text.rcu_periph_reset_enable)
    rev_park                                 0x0800d811   Thumb Code    94  foc_math.o(.text.rev_park)
    sin_cos_float                            0x0800d871   Thumb Code   804  foc_math.o(.text.sin_cos_float)
    smo_observer_update                      0x0800dd65   Thumb Code   562  smo_observer.o(.text.smo_observer_update)
    soft_delay_1us                           0x0800e0c9   Thumb Code    68  foc_soft_delay.o(.text.soft_delay_1us)
    soft_delay_ms                            0x0800e10d   Thumb Code    56  foc_soft_delay.o(.text.soft_delay_ms)
    speed_get                                0x0800e145   Thumb Code   224  angle.o(.text.speed_get)
    sqrt_float                               0x0800e225   Thumb Code   160  foc_math.o(.text.sqrt_float)
    start_ctrl                               0x0800e2c5   Thumb Code   134  motor_ctrl_driver.o(.text.start_ctrl)
    stop_ctrl                                0x0800e34d   Thumb Code   194  motor_ctrl_driver.o(.text.stop_ctrl)
    syscfg_sram_ecc_flag_get                 0x0800e411   Thumb Code    46  gd32f50x_syscfg.o(.text.syscfg_sram_ecc_flag_get)
    systick_config                           0x0800e631   Thumb Code    50  systick.o(.text.systick_config)
    systick_get_ms                           0x0800e665   Thumb Code    12  systick.o(.text.systick_get_ms)
    timer_auto_reload_shadow_enable          0x0800e785   Thumb Code    18  gd32f50x_timer.o(.text.timer_auto_reload_shadow_enable)
    timer_break_config                       0x0800e799   Thumb Code   168  gd32f50x_timer.o(.text.timer_break_config)
    timer_break_struct_para_init             0x0800e841   Thumb Code    66  gd32f50x_timer.o(.text.timer_break_struct_para_init)
    timer_channel_capture_value_register_read 0x0800e885   Thumb Code    96  gd32f50x_timer.o(.text.timer_channel_capture_value_register_read)
    timer_channel_complementary_output_state_config 0x0800e8e5   Thumb Code   158  gd32f50x_timer.o(.text.timer_channel_complementary_output_state_config)
    timer_channel_input_capture_prescaler_config 0x0800e985   Thumb Code   198  gd32f50x_timer.o(.text.timer_channel_input_capture_prescaler_config)
    timer_channel_input_struct_para_init     0x0800ea4d   Thumb Code    50  gd32f50x_timer.o(.text.timer_channel_input_struct_para_init)
    timer_channel_output_config              0x0800ea81   Thumb Code  1838  gd32f50x_timer.o(.text.timer_channel_output_config)
    timer_channel_output_mode_config         0x0800f1b1   Thumb Code   248  gd32f50x_timer.o(.text.timer_channel_output_mode_config)
    timer_channel_output_pulse_value_config  0x0800f2a9   Thumb Code    92  gd32f50x_timer.o(.text.timer_channel_output_pulse_value_config)
    timer_channel_output_shadow_config       0x0800f305   Thumb Code   198  gd32f50x_timer.o(.text.timer_channel_output_shadow_config)
    timer_channel_output_state_config        0x0800f3cd   Thumb Code   188  gd32f50x_timer.o(.text.timer_channel_output_state_config)
    timer_channel_output_struct_para_init    0x0800f489   Thumb Code    56  gd32f50x_timer.o(.text.timer_channel_output_struct_para_init)
    timer_channel_primary_output_config      0x0800f4c1   Thumb Code   172  gd32f50x_timer.o(.text.timer_channel_primary_output_config)
    timer_deinit                             0x0800f56d   Thumb Code   348  gd32f50x_timer.o(.text.timer_deinit)
    timer_disable                            0x0800f6c9   Thumb Code    18  gd32f50x_timer.o(.text.timer_disable)
    timer_dma_enable                         0x0800f6dd   Thumb Code    32  gd32f50x_timer.o(.text.timer_dma_enable)
    timer_dma_transfer_config                0x0800f6fd   Thumb Code    54  gd32f50x_timer.o(.text.timer_dma_transfer_config)
    timer_enable                             0x0800f735   Thumb Code    18  gd32f50x_timer.o(.text.timer_enable)
    timer_event_software_generate            0x0800f749   Thumb Code    20  gd32f50x_timer.o(.text.timer_event_software_generate)
    timer_hall_mode_config                   0x0800f75d   Thumb Code    52  gd32f50x_timer.o(.text.timer_hall_mode_config)
    timer_init                               0x0800f791   Thumb Code   358  gd32f50x_timer.o(.text.timer_init)
    timer_input_capture_config               0x0800f8f9   Thumb Code   692  gd32f50x_timer.o(.text.timer_input_capture_config)
    timer_input_trigger_source_select        0x0800fbad   Thumb Code   444  gd32f50x_timer.o(.text.timer_input_trigger_source_select)
    timer_interrupt_disable                  0x0800fd69   Thumb Code    34  gd32f50x_timer.o(.text.timer_interrupt_disable)
    timer_interrupt_enable                   0x0800fd8d   Thumb Code    34  gd32f50x_timer.o(.text.timer_interrupt_enable)
    timer_interrupt_flag_clear               0x0800fdb1   Thumb Code    32  gd32f50x_timer.o(.text.timer_interrupt_flag_clear)
    timer_interrupt_flag_get                 0x0800fdd1   Thumb Code    98  gd32f50x_timer.o(.text.timer_interrupt_flag_get)
    timer_master_output_trigger_source_select 0x0800fe35   Thumb Code    52  gd32f50x_timer.o(.text.timer_master_output_trigger_source_select)
    timer_master_slave_mode_config           0x0800fe69   Thumb Code    52  gd32f50x_timer.o(.text.timer_master_slave_mode_config)
    timer_primary_output_config              0x0800fe9d   Thumb Code    46  gd32f50x_timer.o(.text.timer_primary_output_config)
    timer_quadrature_decoder_mode_config     0x0800fecd   Thumb Code   198  gd32f50x_timer.o(.text.timer_quadrature_decoder_mode_config)
    timer_slave_mode_select                  0x0800ff95   Thumb Code   464  gd32f50x_timer.o(.text.timer_slave_mode_select)
    timer_struct_para_init                   0x08010165   Thumb Code    60  gd32f50x_timer.o(.text.timer_struct_para_init)
    timer_update_event_disable               0x080101a1   Thumb Code    18  gd32f50x_timer.o(.text.timer_update_event_disable)
    timer_update_event_enable                0x080101b5   Thumb Code    18  gd32f50x_timer.o(.text.timer_update_event_enable)
    trigsel_init                             0x080101c9   Thumb Code    92  gd32f50x_trigsel.o(.text.trigsel_init)
    trigsel_register_lock_get                0x08010225   Thumb Code    54  gd32f50x_trigsel.o(.text.trigsel_register_lock_get)
    uart4_encoder_rx_process                 0x080103b5   Thumb Code   600  uart4_drv.o(.text.uart4_encoder_rx_process)
    uart4_get_last_elec_angle_rad            0x08010625   Thumb Code    30  uart4_drv.o(.text.uart4_get_last_elec_angle_rad)
    uart4_get_last_output_state              0x08010645   Thumb Code    54  uart4_drv.o(.text.uart4_get_last_output_state)
    uart4_init                               0x0801067d   Thumb Code   206  uart4_drv.o(.text.uart4_init)
    uart4_request_encoder_data               0x0801074d   Thumb Code    24  uart4_drv.o(.text.uart4_request_encoder_data)
    uart4_send                               0x08010765   Thumb Code   114  uart4_drv.o(.text.uart4_send)
    usart_baudrate_set                       0x080107d9   Thumb Code   294  gd32f50x_usart.o(.text.usart_baudrate_set)
    usart_data_receive                       0x08010981   Thumb Code    16  gd32f50x_usart.o(.text.usart_data_receive)
    usart_data_transmit                      0x08010991   Thumb Code    20  gd32f50x_usart.o(.text.usart_data_transmit)
    usart_deinit                             0x080109a5   Thumb Code   184  gd32f50x_usart.o(.text.usart_deinit)
    usart_dma_receive_config                 0x08010a5d   Thumb Code    34  gd32f50x_usart.o(.text.usart_dma_receive_config)
    usart_dma_transmit_config                0x08010a81   Thumb Code    34  gd32f50x_usart.o(.text.usart_dma_transmit_config)
    usart_enable                             0x08010aa5   Thumb Code    18  gd32f50x_usart.o(.text.usart_enable)
    usart_flag_clear                         0x08010ab9   Thumb Code    74  gd32f50x_usart.o(.text.usart_flag_clear)
    usart_flag_get                           0x08010b05   Thumb Code    64  gd32f50x_usart.o(.text.usart_flag_get)
    usart_hardware_flow_cts_config           0x08010b9d   Thumb Code    34  gd32f50x_usart.o(.text.usart_hardware_flow_cts_config)
    usart_hardware_flow_rts_config           0x08010bc1   Thumb Code    34  gd32f50x_usart.o(.text.usart_hardware_flow_rts_config)
    usart_interrupt_enable                   0x08010be5   Thumb Code    36  gd32f50x_usart.o(.text.usart_interrupt_enable)
    usart_interrupt_flag_get                 0x08010c09   Thumb Code    98  gd32f50x_usart.o(.text.usart_interrupt_flag_get)
    usart_parity_config                      0x08010c6d   Thumb Code    34  gd32f50x_usart.o(.text.usart_parity_config)
    usart_receive_config                     0x08010cc9   Thumb Code    34  gd32f50x_usart.o(.text.usart_receive_config)
    usart_stop_bit_set                       0x08010ced   Thumb Code    34  gd32f50x_usart.o(.text.usart_stop_bit_set)
    usart_transmit_config                    0x08010d11   Thumb Code    34  gd32f50x_usart.o(.text.usart_transmit_config)
    usart_word_length_set                    0x08010d35   Thumb Code    34  gd32f50x_usart.o(.text.usart_word_length_set)
    vf_start_up                              0x08010d59   Thumb Code   206  vf_if_startup.o(.text.vf_start_up)
    vf_start_up_init                         0x08010e29   Thumb Code   224  vf_if_startup.o(.text.vf_start_up_init)
    __0printf                                0x08010f09   Thumb Code    22  printfa.o(i.__0printf)
    __1printf                                0x08010f09   Thumb Code     0  printfa.o(i.__0printf)
    __2printf                                0x08010f09   Thumb Code     0  printfa.o(i.__0printf)
    __c89printf                              0x08010f09   Thumb Code     0  printfa.o(i.__0printf)
    printf                                   0x08010f09   Thumb Code     0  printfa.o(i.__0printf)
    __scatterload_copy                       0x08010f29   Thumb Code    14  handlers.o(i.__scatterload_copy)
    __scatterload_null                       0x08010f37   Thumb Code     2  handlers.o(i.__scatterload_null)
    __scatterload_zeroinit                   0x08010f39   Thumb Code    14  handlers.o(i.__scatterload_zeroinit)
    GDQR_logo                                0x080117fa   Data         625  gd32_bldc_foc_eval.o(.rodata.GDQR_logo)
    asc2_0806                                0x08011a6b   Data         552  gd32_bldc_foc_eval.o(.rodata.asc2_0806)
    asc2_1608                                0x08011c93   Data        1520  gd32_bldc_foc_eval.o(.rodata.asc2_1608)
    asc2_2412                                0x08012283   Data        3420  gd32_bldc_foc_eval.o(.rodata.asc2_2412)
    gImage_logo                              0x08013178   Data         688  gd32_bldc_foc_eval.o(.rodata.gImage_logo)
    g_can_fdlength_table                     0x08013428   Data           7  gd32f50x_can.o(.rodata.g_can_fdlength_table)
    Region$$Table$$Base                      0x08013714   Number         0  anon$$obj.o(Region$$Table)
    Region$$Table$$Limit                     0x08013734   Number         0  anon$$obj.o(Region$$Table)
    __stdout                                 0x20000000   Data           4  stdout.o(.data)
    SystemCoreClock                          0x20000004   Data           4  system_gd32f50x.o(.data.SystemCoreClock)
    aflux                                    0x20000008   Data         112  gdfoc_config.o(.data.aflux)
    alpha_pll_pid                            0x20000078   Data          68  gdfoc_config.o(.data.alpha_pll_pid)
    arrow_11_11_left                         0x200000bc   Data          22  gd32_bldc_foc_eval.o(.data.arrow_11_11_left)
    arrow_11_11_right                        0x200000d2   Data          22  gd32_bldc_foc_eval.o(.data.arrow_11_11_right)
    beta_pll_pid                             0x200000e8   Data          68  gdfoc_config.o(.data.beta_pll_pid)
    current_sampling_43_42                   0x2000012c   Data         258  gd32_bldc_foc_eval.o(.data.current_sampling_43_42)
    direction_config_43_42                   0x2000022e   Data         258  gd32_bldc_foc_eval.o(.data.direction_config_43_42)
    direction_database                       0x20000330   Data           8  gd32_bldc_foc_eval.o(.data.direction_database)
    ec_orientation                           0x20000338   Data           1  gd32_bldc_foc_eval.o(.data.ec_orientation)
    encoder                                  0x2000033c   Data          52  gdfoc_config.o(.data.encoder)
    end_edge                                 0x20000370   Data           1  gd32_bldc_foc_eval.o(.data.end_edge)
    fault_database                           0x20000371   Data          98  gd32_bldc_foc_eval.o(.data.fault_database)
    flux_pid                                 0x200003d4   Data          68  gdfoc_config.o(.data.flux_pid)
    hall                                     0x20000418   Data         128  gdfoc_config.o(.data.hall)
    if_startup                               0x20000498   Data         100  gdfoc_config.o(.data.if_startup)
    if_startup_pid                           0x200004fc   Data          68  gdfoc_config.o(.data.if_startup_pid)
    mode_database                            0x20000634   Data         190  gd32_bldc_foc_eval.o(.data.mode_database)
    mode_select_43_42                        0x200006f2   Data         258  gd32_bldc_foc_eval.o(.data.mode_select_43_42)
    modulation_database                      0x200007f4   Data          33  gd32_bldc_foc_eval.o(.data.modulation_database)
    modulation_set_43_42                     0x20000815   Data         258  gd32_bldc_foc_eval.o(.data.modulation_set_43_42)
    motor                                    0x20000918   Data         288  gdfoc_config.o(.data.motor)
    pre_edge                                 0x20000eda   Data           1  gd32_bldc_foc_eval.o(.data.pre_edge)
    pwm_current                              0x20000edc   Data          72  gdfoc_config.o(.data.pwm_current)
    rotor_angle                              0x20000f24   Data          44  gdfoc_config.o(.data.rotor_angle)
    sample_database                          0x20000f50   Data          24  gd32_bldc_foc_eval.o(.data.sample_database)
    smo                                      0x20000f6c   Data         512  gdfoc_config.o(.data.smo)
    smo_pll_pid                              0x2000116c   Data          68  gdfoc_config.o(.data.smo_pll_pid)
    speed_pid                                0x200011b0   Data          68  gdfoc_config.o(.data.speed_pid)
    state_database                           0x200011f4   Data          30  gd32_bldc_foc_eval.o(.data.state_database)
    torque_pid                               0x20001214   Data          68  gdfoc_config.o(.data.torque_pid)
    vf_startup                               0x20001258   Data          68  gdfoc_config.o(.data.vf_startup)
    adc_interrupt_cnt                        0x200012a0   Data           4  angle_hall.o(.bss.adc_interrupt_cnt)
    display_menu                             0x200012bc   Data           4  gd32_bldc_foc_eval.o(.bss.display_menu)
    err_report_buff_index                    0x200012c0   Data           1  gd32f50x_err_report.o(.bss.err_report_buff_index)
    err_report_buffer                        0x200012c2   Data          12  gd32f50x_err_report.o(.bss.err_report_buffer)
    g_can_rx_message                         0x200012d0   Data          16  can_drv.o(.bss.g_can_rx_message)
    g_can_rx_new_flag                        0x200012e0   Data           1  can_drv.o(.bss.g_can_rx_new_flag)
    hall_detect                              0x200012e4   Data          68  angle_hall.o(.bss.hall_detect)
    hall_speed                               0x20001328   Data          48  angle_hall.o(.bss.hall_speed)
    motor_protect                            0x20001360   Data          48  motor_protect.o(.bss.motor_protect)
    return_4data                             0x2000142e   Data           4  can_protocol.o(.bss.return_4data)
    return_5data                             0x20001432   Data           5  can_protocol.o(.bss.return_5data)
    return_8data                             0x20001437   Data           8  can_protocol.o(.bss.return_8data)
    usart_receive                            0x200015e0   Data         132  communication.o(.bss.usart_receive)
    __initial_sp                             0x20001a68   Data           0  startup_gd32f50x.o(STACK)



==============================================================================

Memory Map of the image

  Image Entry point : 0x08000181

  Load Region LR_IROM1 (Base: 0x08000000, Size: 0x000149d8, Max: 0x00080000, ABSOLUTE, COMPRESSED[0x00013d28])

    Execution Region ER_IROM1 (Exec base: 0x08000000, Load base: 0x08000000, Size: 0x00013734, Max: 0x00080000, ABSOLUTE)

    Exec Addr    Load Addr    Size         Type   Attr      Idx    E Section Name        Object

    0x08000000   0x08000000   0x00000180   Data   RO         2530    RESET               startup_gd32f50x.o
    0x08000180   0x08000180   0x00000000   Code   RO         2583  * .ARM.Collect$$$$00000000  mc_w.l(entry.o)
    0x08000180   0x08000180   0x00000004   Code   RO         2622    .ARM.Collect$$$$00000001  mc_w.l(entry2.o)
    0x08000184   0x08000184   0x00000004   Code   RO         2625    .ARM.Collect$$$$00000004  mc_w.l(entry5.o)
    0x08000188   0x08000188   0x00000000   Code   RO         2627    .ARM.Collect$$$$00000008  mc_w.l(entry7b.o)
    0x08000188   0x08000188   0x00000000   Code   RO         2629    .ARM.Collect$$$$0000000A  mc_w.l(entry8b.o)
    0x08000188   0x08000188   0x00000008   Code   RO         2630    .ARM.Collect$$$$0000000B  mc_w.l(entry9a.o)
    0x08000190   0x08000190   0x00000000   Code   RO         2632    .ARM.Collect$$$$0000000D  mc_w.l(entry10a.o)
    0x08000190   0x08000190   0x00000000   Code   RO         2634    .ARM.Collect$$$$0000000F  mc_w.l(entry11a.o)
    0x08000190   0x08000190   0x00000004   Code   RO         2623    .ARM.Collect$$$$00002712  mc_w.l(entry2.o)
    0x08000194   0x08000194   0x0000004c   Code   RO         2531    .text               startup_gd32f50x.o
    0x080001e0   0x080001e0   0x00000024   Code   RO         2586    .text               mc_w.l(memcpya.o)
    0x08000204   0x08000204   0x00000026   Code   RO         2620    .text               mf_w.l(f2d.o)
    0x0800022a   0x0800022a   0x0000002c   Code   RO         2646    .text               mc_w.l(uidiv.o)
    0x08000256   0x08000256   0x00000062   Code   RO         2648    .text               mc_w.l(uldiv.o)
    0x080002b8   0x080002b8   0x00000000   Code   RO         2650    .text               mc_w.l(iusefp.o)
    0x080002b8   0x080002b8   0x0000014e   Code   RO         2651    .text               mf_w.l(dadd.o)
    0x08000406   0x08000406   0x000000e4   Code   RO         2653    .text               mf_w.l(dmul.o)
    0x080004ea   0x080004ea   0x000000de   Code   RO         2655    .text               mf_w.l(ddiv.o)
    0x080005c8   0x080005c8   0x00000030   Code   RO         2657    .text               mf_w.l(dfixul.o)
    0x080005f8   0x080005f8   0x00000030   Code   RO         2659    .text               mf_w.l(cdrcmple.o)
    0x08000628   0x08000628   0x00000030   Code   RO         2661    .text               mc_w.l(init.o)
    0x08000658   0x08000658   0x0000001e   Code   RO         2663    .text               mc_w.l(llshl.o)
    0x08000676   0x08000676   0x00000020   Code   RO         2665    .text               mc_w.l(llushr.o)
    0x08000696   0x08000696   0x00000024   Code   RO         2667    .text               mc_w.l(llsshr.o)
    0x080006ba   0x080006ba   0x000000ba   Code   RO         2669    .text               mf_w.l(depilogue.o)
    0x08000774   0x08000774   0x00000056   Code   RO         2679    .text               mc_w.l(__dczerorl2.o)
    0x080007ca   0x080007ca   0x00000002   PAD
    0x080007cc   0x080007cc   0x0000013e   Code   RO           22    .text.ADC0_1_IRQHandler  gd32_foc_it.o
    0x0800090a   0x0800090a   0x00000002   PAD
    0x0800090c   0x0800090c   0x00000004   Code   RO            8    .text.BusFault_Handler  gd32_foc_it.o
    0x08000910   0x08000910   0x00000122   Code   RO          685    .text.CAN1_RX0_IRQHandler  can_drv.o
    0x08000a32   0x08000a32   0x00000002   PAD
    0x08000a34   0x08000a34   0x00000032   Code   RO          687    .text.CAN1_TX_IRQHandler  can_drv.o
    0x08000a66   0x08000a66   0x00000002   PAD
    0x08000a68   0x08000a68   0x00000008   Code   RO           26    .text.DMA0_Channel2_IRQHandler  gd32_foc_it.o
    0x08000a70   0x08000a70   0x00000004   Code   RO           14    .text.DebugMon_Handler  gd32_foc_it.o
    0x08000a74   0x08000a74   0x0000020c   Code   RO           24    .text.EXTI10_15_IRQHandler  gd32_foc_it.o
    0x08000c80   0x08000c80   0x00000004   Code   RO            4    .text.HardFault_Handler  gd32_foc_it.o
    0x08000c84   0x08000c84   0x00000004   Code   RO            6    .text.MemManage_Handler  gd32_foc_it.o
    0x08000c88   0x08000c88   0x0000003e   Code   RO            2    .text.NMI_Handler   gd32_foc_it.o
    0x08000cc6   0x08000cc6   0x00000002   PAD
    0x08000cc8   0x08000cc8   0x0000006c   Code   RO         1744    .text.NVIC_EncodePriority  gd32f50x_misc.o
    0x08000d34   0x08000d34   0x00000004   Code   RO           16    .text.PendSV_Handler  gd32_foc_it.o
    0x08000d38   0x08000d38   0x00000004   Code   RO           12    .text.SVC_Handler   gd32_foc_it.o
    0x08000d3c   0x08000d3c   0x00000052   Code   RO          302    .text.SysTick_Config  systick.o
    0x08000d8e   0x08000d8e   0x00000002   PAD
    0x08000d90   0x08000d90   0x00000030   Code   RO           18    .text.SysTick_Handler  gd32_foc_it.o
    0x08000dc0   0x08000dc0   0x000001b4   Code   RO          736    .text.SystemInit    system_gd32f50x.o
    0x08000f74   0x08000f74   0x00000018   Code   RO           20    .text.TIMER2_IRQHandler  gd32_foc_it.o
    0x08000f8c   0x08000f8c   0x0000003e   Code   RO          656    .text.UART4_IRQHandler  uart4_drv.o
    0x08000fca   0x08000fca   0x00000002   PAD
    0x08000fcc   0x08000fcc   0x00000004   Code   RO           10    .text.UsageFault_Handler  gd32_foc_it.o
    0x08000fd0   0x08000fd0   0x00000030   Code   RO         1748    .text.__NVIC_EnableIRQ  gd32f50x_misc.o
    0x08001000   0x08001000   0x00000010   Code   RO         1742    .text.__NVIC_GetPriorityGrouping  gd32f50x_misc.o
    0x08001010   0x08001010   0x00000030   Code   RO          681    .text.__NVIC_SetPendingIRQ  can_drv.o
    0x08001040   0x08001040   0x00000042   Code   RO          304    .text.__NVIC_SetPriority  systick.o
    0x08001082   0x08001082   0x00000002   PAD
    0x08001084   0x08001084   0x00000042   Code   RO         1746    .text.__NVIC_SetPriority  gd32f50x_misc.o
    0x080010c6   0x080010c6   0x00000002   PAD
    0x080010c8   0x080010c8   0x00000028   Code   RO          738    .text._soft_delay_  system_gd32f50x.o
    0x080010f0   0x080010f0   0x0000008e   Code   RO          792    .text.adc_channel_length_config  gd32f50x_adc.o
    0x0800117e   0x0800117e   0x00000002   PAD
    0x08001180   0x08001180   0x00000022   Code   RO          790    .text.adc_data_alignment_config  gd32f50x_adc.o
    0x080011a2   0x080011a2   0x00000002   PAD
    0x080011a4   0x080011a4   0x00000074   Code   RO          770    .text.adc_deinit    gd32f50x_adc.o
    0x08001218   0x08001218   0x0000008c   Code   RO          780    .text.adc_discontinuous_mode_config  gd32f50x_adc.o
    0x080012a4   0x080012a4   0x0000003c   Code   RO          776    .text.adc_dma_mode_enable  gd32f50x_adc.o
    0x080012e0   0x080012e0   0x0000001e   Code   RO          772    .text.adc_enable    gd32f50x_adc.o
    0x080012fe   0x080012fe   0x00000002   PAD
    0x08001300   0x08001300   0x00000082   Code   RO          800    .text.adc_external_trigger_config  gd32f50x_adc.o
    0x08001382   0x08001382   0x00000002   PAD
    0x08001384   0x08001384   0x00000018   Code   RO          830    .text.adc_flag_clear  gd32f50x_adc.o
    0x0800139c   0x0800139c   0x00000028   Code   RO          828    .text.adc_flag_get  gd32f50x_adc.o
    0x080013c4   0x080013c4   0x000000fc   Code   RO          796    .text.adc_inserted_channel_config  gd32f50x_adc.o
    0x080014c0   0x080014c0   0x0000001c   Code   RO          834    .text.adc_interrupt_disable  gd32f50x_adc.o
    0x080014dc   0x080014dc   0x00000018   Code   RO          832    .text.adc_interrupt_enable  gd32f50x_adc.o
    0x080014f4   0x080014f4   0x00000018   Code   RO          838    .text.adc_interrupt_flag_clear  gd32f50x_adc.o
    0x0800150c   0x0800150c   0x0000004c   Code   RO          808    .text.adc_latch_data_read  gd32f50x_adc.o
    0x08001558   0x08001558   0x0000016c   Code   RO          794    .text.adc_routine_channel_config  gd32f50x_adc.o
    0x080016c4   0x080016c4   0x0000000e   Code   RO          804    .text.adc_routine_data_read  gd32f50x_adc.o
    0x080016d2   0x080016d2   0x00000002   PAD
    0x080016d4   0x080016d4   0x0000003a   Code   RO          802    .text.adc_software_trigger_enable  gd32f50x_adc.o
    0x0800170e   0x0800170e   0x00000002   PAD
    0x08001710   0x08001710   0x000000a8   Code   RO          782    .text.adc_special_function_config  gd32f50x_adc.o
    0x080017b8   0x080017b8   0x00000024   Code   RO          786    .text.adc_sync_mode_config  gd32f50x_adc.o
    0x080017dc   0x080017dc   0x000002c8   Code   RO          325    .text.angle_get     angle.o
    0x08001aa4   0x08001aa4   0x0000015e   Code   RO          323    .text.angle_init    angle.o
    0x08001c02   0x08001c02   0x00000002   PAD
    0x08001c04   0x08001c04   0x00000060   Code   RO          417    .text.angle_nomalize_float  foc_math.o
    0x08001c64   0x08001c64   0x000000ba   Code   RO          329    .text.angle_sensor_interrupt_handler  angle.o
    0x08001d1e   0x08001d1e   0x00000002   PAD
    0x08001d20   0x08001d20   0x00000016   Code   RO          321    .text.angle_set_elec_angle_from_uart4  angle.o
    0x08001d36   0x08001d36   0x00000002   PAD
    0x08001d38   0x08001d38   0x000004d4   Code   RO          429    .text.atan2_float   foc_math.o
    0x0800220c   0x0800220c   0x00000034   Code   RO          470    .text.break_ctrl    motor_ctrl_driver.o
    0x08002240   0x08002240   0x0000003a   Code   RO          912    .text.can1_filter_start_bank  gd32f50x_can.o
    0x0800227a   0x0800227a   0x00000002   PAD
    0x0800227c   0x0800227c   0x0000003e   Code   RO          894    .text.can_deinit    gd32f50x_can.o
    0x080022ba   0x080022ba   0x00000002   PAD
    0x080022bc   0x080022bc   0x000000ee   Code   RO          675    .text.can_drv_init  can_drv.o
    0x080023aa   0x080023aa   0x00000002   PAD
    0x080023ac   0x080023ac   0x0000010e   Code   RO          679    .text.can_drv_send_std  can_drv.o
    0x080024ba   0x080024ba   0x00000002   PAD
    0x080024bc   0x080024bc   0x00000166   Code   RO          902    .text.can_filter_init  gd32f50x_can.o
    0x08002622   0x08002622   0x00000002   PAD
    0x08002624   0x08002624   0x00000102   Code   RO          904    .text.can_filter_mask_mode_init  gd32f50x_can.o
    0x08002726   0x08002726   0x00000002   PAD
    0x08002728   0x08002728   0x00000066   Code   RO          677    .text.can_gpio_init  can_drv.o
    0x0800278e   0x0800278e   0x00000002   PAD
    0x08002790   0x08002790   0x0000001e   Code   RO          716    .text.can_heartbeat_feed  can_protocol.o
    0x080027ae   0x080027ae   0x00000002   PAD
    0x080027b0   0x080027b0   0x0000009e   Code   RO          718    .text.can_heartbeat_timeout_check  can_protocol.o
    0x0800284e   0x0800284e   0x00000002   PAD
    0x08002850   0x08002850   0x0000026a   Code   RO          898    .text.can_init      gd32f50x_can.o
    0x08002aba   0x08002aba   0x00000002   PAD
    0x08002abc   0x08002abc   0x00000020   Code   RO          944    .text.can_interrupt_enable  gd32f50x_can.o
    0x08002adc   0x08002adc   0x0000001a   Code   RO          954    .text.can_interrupt_flag_clear  gd32f50x_can.o
    0x08002af6   0x08002af6   0x00000002   PAD
    0x08002af8   0x08002af8   0x000002b6   Code   RO          928    .text.can_message_receive  gd32f50x_can.o
    0x08002dae   0x08002dae   0x00000002   PAD
    0x08002db0   0x08002db0   0x000002e6   Code   RO          922    .text.can_message_transmit  gd32f50x_can.o
    0x08003096   0x08003096   0x00000002   PAD
    0x08003098   0x08003098   0x00000048   Code   RO          932    .text.can_receive_message_length_get  gd32f50x_can.o
    0x080030e0   0x080030e0   0x0000018c   Code   RO          896    .text.can_struct_para_init  gd32f50x_can.o
    0x0800326c   0x0800326c   0x000000da   Code   RO          689    .text.can_tx_kick   can_drv.o
    0x08003346   0x08003346   0x00000002   PAD
    0x08003348   0x08003348   0x00000044   Code   RO          389    .text.clarke_amplitude  foc_math.o
    0x0800338c   0x0800338c   0x00000010   Code   RO           54    .text.comm_init     communication.o
    0x0800339c   0x0800339c   0x00000052   Code   RO           66    .text.comm_usart_interrupt_handler  communication.o
    0x080033ee   0x080033ee   0x00000002   PAD
    0x080033f0   0x080033f0   0x00000418   Code   RO          444    .text.csvpwm        modulation.o
    0x08003808   0x08003808   0x000000e2   Code   RO          533    .text.current_2shunt_adc_config  pwm_current_2shunt.o
    0x080038ea   0x080038ea   0x00000002   PAD
    0x080038ec   0x080038ec   0x000000e2   Code   RO          558    .text.current_3shunt_adc_config  pwm_current_3shunt.o
    0x080039ce   0x080039ce   0x00000002   PAD
    0x080039d0   0x080039d0   0x00000350   Code   RO          541    .text.current_calibration  pwm_current_2shunt.o
    0x08003d20   0x08003d20   0x000003cc   Code   RO          566    .text.current_calibration  pwm_current_3shunt.o
    0x080040ec   0x080040ec   0x00000298   Code   RO          593    .text.current_calibration  pwm_current_1shunt.o
    0x08004384   0x08004384   0x000000d8   Code   RO          595    .text.current_sample_region1_handle  pwm_current_1shunt.o
    0x0800445c   0x0800445c   0x000000da   Code   RO          597    .text.current_sample_region2_handle  pwm_current_1shunt.o
    0x08004536   0x08004536   0x00000002   PAD
    0x08004538   0x08004538   0x000001d2   Code   RO          591    .text.current_sample_region_divide  pwm_current_1shunt.o
    0x0800470a   0x0800470a   0x00000002   PAD
    0x0800470c   0x0800470c   0x00000028   Code   RO         1207    .text.dbg_periph_enable  gd32f50x_dbg.o
    0x08004734   0x08004734   0x00000026   Code   RO          306    .text.delay_1ms     systick.o
    0x0800475a   0x0800475a   0x00000002   PAD
    0x0800475c   0x0800475c   0x0000002e   Code   RO          308    .text.delay_decrement  systick.o
    0x0800478a   0x0800478a   0x00000002   PAD
    0x0800478c   0x0800478c   0x00000022   Code   RO         1238    .text.dma_channel_enable  gd32f50x_dma.o
    0x080047ae   0x080047ae   0x00000002   PAD
    0x080047b0   0x080047b0   0x00000022   Code   RO         1230    .text.dma_circulation_enable  gd32f50x_dma.o
    0x080047d2   0x080047d2   0x00000002   PAD
    0x080047d4   0x080047d4   0x00000078   Code   RO         1224    .text.dma_deinit    gd32f50x_dma.o
    0x0800484c   0x0800484c   0x000001ea   Code   RO         1228    .text.dma_init      gd32f50x_dma.o
    0x08004a36   0x08004a36   0x00000002   PAD
    0x08004a38   0x08004a38   0x00000022   Code   RO         1272    .text.dma_interrupt_flag_clear  gd32f50x_dma.o
    0x08004a5a   0x08004a5a   0x00000002   PAD
    0x08004a5c   0x08004a5c   0x000000d0   Code   RO         1270    .text.dma_interrupt_flag_get  gd32f50x_dma.o
    0x08004b2c   0x08004b2c   0x00000022   Code   RO         1236    .text.dma_memory_to_memory_disable  gd32f50x_dma.o
    0x08004b4e   0x08004b4e   0x00000002   PAD
    0x08004b50   0x08004b50   0x0000004e   Code   RO         1226    .text.dma_struct_para_init  gd32f50x_dma.o
    0x08004b9e   0x08004b9e   0x00000002   PAD
    0x08004ba0   0x08004ba0   0x000003d8   Code   RO          446    .text.dsvpwm        modulation.o
    0x08004f78   0x08004f78   0x000001a0   Code   RO           99    .text.ec11_handle   gd32_bldc_foc_eval.o
    0x08005118   0x08005118   0x0000003e   Code   RO           97    .text.ec_delay      gd32_bldc_foc_eval.o
    0x08005156   0x08005156   0x00000002   PAD
    0x08005158   0x08005158   0x000000a2   Code   RO           93    .text.ec_init       gd32_bldc_foc_eval.o
    0x080051fa   0x080051fa   0x00000002   PAD
    0x080051fc   0x080051fc   0x00000178   Code   RO          615    .text.encoder_sensor_angle_calc  angle_encoder.o
    0x08005374   0x08005374   0x0000000a   Code   RO          623    .text.encoder_sensor_angle_detect  angle_encoder.o
    0x0800537e   0x0800537e   0x00000002   PAD
    0x08005380   0x08005380   0x00000064   Code   RO          629    .text.encoder_sensor_detect_fmc_data_program  angle_encoder.o
    0x080053e4   0x080053e4   0x00000044   Code   RO          621    .text.encoder_sensor_detect_fmc_data_read  angle_encoder.o
    0x08005428   0x08005428   0x0000002c   Code   RO          627    .text.encoder_sensor_detect_fmc_erase_pages  angle_encoder.o
    0x08005454   0x08005454   0x00000024   Code   RO          617    .text.encoder_sensor_detect_var_init  angle_encoder.o
    0x08005478   0x08005478   0x00000084   Code   RO          625    .text.encoder_sensor_interrupt_handler  angle_encoder.o
    0x080054fc   0x080054fc   0x0000012c   Code   RO          611    .text.encoder_sensor_peripheral_init  angle_encoder.o
    0x08005628   0x08005628   0x00000020   Code   RO          613    .text.encoder_sensor_speed_calc  angle_encoder.o
    0x08005648   0x08005648   0x00000012   Code   RO          619    .text.encoder_sensor_var_init  angle_encoder.o
    0x0800565a   0x0800565a   0x00000002   PAD
    0x0800565c   0x0800565c   0x00000010   Code   RO           89    .text.eval_board_init  gd32_bldc_foc_eval.o
    0x0800566c   0x0800566c   0x0000010a   Code   RO         1370    .text.exti_init     gd32f50x_exti.o
    0x08005776   0x08005776   0x00000002   PAD
    0x08005778   0x08005778   0x00000014   Code   RO         1390    .text.exti_interrupt_flag_clear  gd32f50x_exti.o
    0x0800578c   0x0800578c   0x0000002e   Code   RO         1388    .text.exti_interrupt_flag_get  gd32f50x_exti.o
    0x080057ba   0x080057ba   0x00000002   PAD
    0x080057bc   0x080057bc   0x00000070   Code   RO         2572    .text.flux_observer_init  aflux_observer.lib(aflux_observer.o)
    0x0800582c   0x0800582c   0x0000032c   Code   RO         2574    .text.flux_observer_update  aflux_observer.lib(aflux_observer.o)
    0x08005b58   0x08005b58   0x00000012   Code   RO         1407    .text.fmc_bank0_lock  gd32f50x_fmc.o
    0x08005b6a   0x08005b6a   0x00000002   PAD
    0x08005b6c   0x08005b6c   0x0000005c   Code   RO         1413    .text.fmc_bank0_ready_wait  gd32f50x_fmc.o
    0x08005bc8   0x08005bc8   0x00000060   Code   RO         1493    .text.fmc_bank0_state_get  gd32f50x_fmc.o
    0x08005c28   0x08005c28   0x00000032   Code   RO         1401    .text.fmc_bank0_unlock  gd32f50x_fmc.o
    0x08005c5a   0x08005c5a   0x00000002   PAD
    0x08005c5c   0x08005c5c   0x0000005c   Code   RO         1415    .text.fmc_bank1_ready_wait  gd32f50x_fmc.o
    0x08005cb8   0x08005cb8   0x00000060   Code   RO         1495    .text.fmc_bank1_state_get  gd32f50x_fmc.o
    0x08005d18   0x08005d18   0x00000028   Code   RO         1483    .text.fmc_flag_clear  gd32f50x_fmc.o
    0x08005d40   0x08005d40   0x0000015a   Code   RO         1425    .text.fmc_halfword_program  gd32f50x_fmc.o
    0x08005e9a   0x08005e9a   0x00000002   PAD
    0x08005e9c   0x08005e9c   0x00000036   Code   RO         1405    .text.fmc_lock      gd32f50x_fmc.o
    0x08005ed2   0x08005ed2   0x00000002   PAD
    0x08005ed4   0x08005ed4   0x00000012   Code   RO         1433    .text.fmc_nwa_enable  gd32f50x_fmc.o
    0x08005ee6   0x08005ee6   0x00000002   PAD
    0x08005ee8   0x08005ee8   0x00000178   Code   RO         1411    .text.fmc_page_erase  gd32f50x_fmc.o
    0x08006060   0x08006060   0x00000076   Code   RO         1399    .text.fmc_unlock    gd32f50x_fmc.o
    0x080060d6   0x080060d6   0x00000002   PAD
    0x080060d8   0x080060d8   0x00000152   Code   RO         1423    .text.fmc_word_program  gd32f50x_fmc.o
    0x0800622a   0x0800622a   0x00000002   PAD
    0x0800622c   0x0800622c   0x00000034   Code   RO           41    .text.fputc         main.o
    0x08006260   0x08006260   0x000002ec   Code   RO          123    .text.fun_index1_0  gd32_bldc_foc_eval.o
    0x0800654c   0x0800654c   0x00000150   Code   RO          125    .text.fun_index1_1  gd32_bldc_foc_eval.o
    0x0800669c   0x0800669c   0x0000009e   Code   RO          127    .text.fun_index2_2  gd32_bldc_foc_eval.o
    0x0800673a   0x0800673a   0x00000002   PAD
    0x0800673c   0x0800673c   0x0000009e   Code   RO          129    .text.fun_index2_3  gd32_bldc_foc_eval.o
    0x080067da   0x080067da   0x00000002   PAD
    0x080067dc   0x080067dc   0x0000009e   Code   RO          131    .text.fun_index2_4  gd32_bldc_foc_eval.o
    0x0800687a   0x0800687a   0x00000002   PAD
    0x0800687c   0x0800687c   0x00000082   Code   RO          133    .text.fun_index2_5  gd32_bldc_foc_eval.o
    0x080068fe   0x080068fe   0x00000002   PAD
    0x08006900   0x08006900   0x000000ae   Code   RO          141    .text.fun_index3_10  gd32_bldc_foc_eval.o
    0x080069ae   0x080069ae   0x00000002   PAD
    0x080069b0   0x080069b0   0x000000ae   Code   RO          143    .text.fun_index3_11  gd32_bldc_foc_eval.o
    0x08006a5e   0x08006a5e   0x00000002   PAD
    0x08006a60   0x08006a60   0x000000b2   Code   RO          145    .text.fun_index3_12  gd32_bldc_foc_eval.o
    0x08006b12   0x08006b12   0x00000002   PAD
    0x08006b14   0x08006b14   0x000000b2   Code   RO          147    .text.fun_index3_13  gd32_bldc_foc_eval.o
    0x08006bc6   0x08006bc6   0x00000002   PAD
    0x08006bc8   0x08006bc8   0x000000b2   Code   RO          149    .text.fun_index3_14  gd32_bldc_foc_eval.o
    0x08006c7a   0x08006c7a   0x00000002   PAD
    0x08006c7c   0x08006c7c   0x000000b2   Code   RO          151    .text.fun_index3_15  gd32_bldc_foc_eval.o
    0x08006d2e   0x08006d2e   0x00000002   PAD
    0x08006d30   0x08006d30   0x000000b2   Code   RO          153    .text.fun_index3_16  gd32_bldc_foc_eval.o
    0x08006de2   0x08006de2   0x00000002   PAD
    0x08006de4   0x08006de4   0x0000007c   Code   RO          155    .text.fun_index3_17  gd32_bldc_foc_eval.o
    0x08006e60   0x08006e60   0x0000007c   Code   RO          157    .text.fun_index3_18  gd32_bldc_foc_eval.o
    0x08006edc   0x08006edc   0x0000008e   Code   RO          159    .text.fun_index3_19  gd32_bldc_foc_eval.o
    0x08006f6a   0x08006f6a   0x00000002   PAD
    0x08006f6c   0x08006f6c   0x0000008e   Code   RO          161    .text.fun_index3_20  gd32_bldc_foc_eval.o
    0x08006ffa   0x08006ffa   0x00000002   PAD
    0x08006ffc   0x08006ffc   0x0000008e   Code   RO          163    .text.fun_index3_21  gd32_bldc_foc_eval.o
    0x0800708a   0x0800708a   0x00000002   PAD
    0x0800708c   0x0800708c   0x0000008e   Code   RO          165    .text.fun_index3_22  gd32_bldc_foc_eval.o
    0x0800711a   0x0800711a   0x00000002   PAD
    0x0800711c   0x0800711c   0x00000082   Code   RO          167    .text.fun_index3_23  gd32_bldc_foc_eval.o
    0x0800719e   0x0800719e   0x00000002   PAD
    0x080071a0   0x080071a0   0x00000082   Code   RO          169    .text.fun_index3_24  gd32_bldc_foc_eval.o
    0x08007222   0x08007222   0x00000002   PAD
    0x08007224   0x08007224   0x000000ae   Code   RO          135    .text.fun_index3_7  gd32_bldc_foc_eval.o
    0x080072d2   0x080072d2   0x00000002   PAD
    0x080072d4   0x080072d4   0x000000ae   Code   RO          137    .text.fun_index3_8  gd32_bldc_foc_eval.o
    0x08007382   0x08007382   0x00000002   PAD
    0x08007384   0x08007384   0x000000ae   Code   RO          139    .text.fun_index3_9  gd32_bldc_foc_eval.o
    0x08007432   0x08007432   0x00000002   PAD
    0x08007434   0x08007434   0x000000ce   Code   RO          171    .text.fun_index_hint  gd32_bldc_foc_eval.o
    0x08007502   0x08007502   0x00000002   PAD
    0x08007504   0x08007504   0x000000bc   Code   RO          121    .text.fun_index_start  gd32_bldc_foc_eval.o
    0x080075c0   0x080075c0   0x00000064   Code   RO          757    .text.fw_debug_report_err  gd32f50x_err_report.o
    0x08007624   0x08007624   0x0000000e   Code   RO          759    .text.fw_error_notification  gd32f50x_err_report.o
    0x08007632   0x08007632   0x00000002   PAD
    0x08007634   0x08007634   0x0000004c   Code   RO          372    .text.get_iab       pwm_current.o
    0x08007680   0x08007680   0x000000dc   Code   RO         1551    .text.gpio_af_set   gd32f50x_gpio.o
    0x0800775c   0x0800775c   0x00000012   Code   RO         1537    .text.gpio_bit_reset  gd32f50x_gpio.o
    0x0800776e   0x0800776e   0x00000002   PAD
    0x08007770   0x08007770   0x00000012   Code   RO         1535    .text.gpio_bit_set  gd32f50x_gpio.o
    0x08007782   0x08007782   0x00000002   PAD
    0x08007784   0x08007784   0x000000e4   Code   RO         1553    .text.gpio_exti_source_select  gd32f50x_gpio.o
    0x08007868   0x08007868   0x0000002a   Code   RO         1543    .text.gpio_input_bit_get  gd32f50x_gpio.o
    0x08007892   0x08007892   0x00000002   PAD
    0x08007894   0x08007894   0x000000a4   Code   RO         1531    .text.gpio_mode_set  gd32f50x_gpio.o
    0x08007938   0x08007938   0x000000a2   Code   RO         1533    .text.gpio_output_options_set  gd32f50x_gpio.o
    0x080079da   0x080079da   0x00000002   PAD
    0x080079dc   0x080079dc   0x00000130   Code   RO          499    .text.hall_angle_calc  angle_hall.o
    0x08007b0c   0x08007b0c   0x00000360   Code   RO          503    .text.hall_angle_detect  angle_hall.o
    0x08007e6c   0x08007e6c   0x0000014c   Code   RO          507    .text.hall_detect_fmc_data_program  angle_hall.o
    0x08007fb8   0x08007fb8   0x00000150   Code   RO          491    .text.hall_detect_fmc_data_read  angle_hall.o
    0x08008108   0x08008108   0x0000002c   Code   RO          505    .text.hall_detect_fmc_erase_pages  angle_hall.o
    0x08008134   0x08008134   0x0000008e   Code   RO          501    .text.hall_detect_var_init  angle_hall.o
    0x080081c2   0x080081c2   0x00000002   PAD
    0x080081c4   0x080081c4   0x000001b0   Code   RO          493    .text.hall_fix_macro_data_read  angle_hall.o
    0x08008374   0x08008374   0x00000064   Code   RO          485    .text.hall_gpio_config  angle_hall.o
    0x080083d8   0x080083d8   0x000000f0   Code   RO          489    .text.hall_normal_var_init  angle_hall.o
    0x080084c8   0x080084c8   0x00000010   Code   RO          481    .text.hall_peripheral_init  angle_hall.o
    0x080084d8   0x080084d8   0x00000038   Code   RO          483    .text.hall_rcu_config  angle_hall.o
    0x08008510   0x08008510   0x00000050   Code   RO          495    .text.hall_read_state  angle_hall.o
    0x08008560   0x08008560   0x00000100   Code   RO          513    .text.hall_rotor_location_update  angle_hall.o
    0x08008660   0x08008660   0x000001c0   Code   RO          509    .text.hall_sensor_interrupt_handler  angle_hall.o
    0x08008820   0x08008820   0x00000016   Code   RO          497    .text.hall_speed_calc  angle_hall.o
    0x08008836   0x08008836   0x00000002   PAD
    0x08008838   0x08008838   0x00000188   Code   RO          511    .text.hall_speed_update  angle_hall.o
    0x080089c0   0x080089c0   0x000000f6   Code   RO          487    .text.hall_timer_config  angle_hall.o
    0x08008ab6   0x08008ab6   0x00000002   PAD
    0x08008ab8   0x08008ab8   0x00000030   Code   RO         1647    .text.i2c_address_config  gd32f50x_i2c.o
    0x08008ae8   0x08008ae8   0x00000012   Code   RO         1635    .text.i2c_automatic_end_enable  gd32f50x_i2c.o
    0x08008afa   0x08008afa   0x00000002   PAD
    0x08008afc   0x08008afc   0x00000094   Code   RO          119    .text.i2c_bus_reset  gd32_bldc_foc_eval.o
    0x08008b90   0x08008b90   0x000000c4   Code   RO          193    .text.i2c_config    gd32_bldc_foc_eval.o
    0x08008c54   0x08008c54   0x00000014   Code   RO         1671    .text.i2c_data_transmit  gd32f50x_i2c.o
    0x08008c68   0x08008c68   0x00000012   Code   RO         1665    .text.i2c_enable    gd32f50x_i2c.o
    0x08008c7a   0x08008c7a   0x00000002   PAD
    0x08008c7c   0x08008c7c   0x0000001c   Code   RO         1721    .text.i2c_flag_clear  gd32f50x_i2c.o
    0x08008c98   0x08008c98   0x00000030   Code   RO         1719    .text.i2c_flag_get  gd32f50x_i2c.o
    0x08008cc8   0x08008cc8   0x0000004e   Code   RO          117    .text.i2c_gpio_reset  gd32_bldc_foc_eval.o
    0x08008d16   0x08008d16   0x00000002   PAD
    0x08008d18   0x08008d18   0x0000003e   Code   RO         1625    .text.i2c_master_addressing  gd32f50x_i2c.o
    0x08008d56   0x08008d56   0x00000002   PAD
    0x08008d58   0x08008d58   0x0000003e   Code   RO         1623    .text.i2c_master_clock_config  gd32f50x_i2c.o
    0x08008d96   0x08008d96   0x00000002   PAD
    0x08008d98   0x08008d98   0x00000012   Code   RO         1667    .text.i2c_start_on_bus  gd32f50x_i2c.o
    0x08008daa   0x08008daa   0x00000002   PAD
    0x08008dac   0x08008dac   0x0000005e   Code   RO         1615    .text.i2c_timing_config  gd32f50x_i2c.o
    0x08008e0a   0x08008e0a   0x00000002   PAD
    0x08008e0c   0x08008e0c   0x00000024   Code   RO         1679    .text.i2c_transfer_byte_number_config  gd32f50x_i2c.o
    0x08008e30   0x08008e30   0x000002e0   Code   RO         2558    .text.if_start_up   vf_if_startup.lib(vf_if_startup.o)
    0x08009110   0x08009110   0x00000116   Code   RO         2556    .text.if_start_up_init  vf_if_startup.lib(vf_if_startup.o)
    0x08009226   0x08009226   0x00000002   PAD
    0x08009228   0x08009228   0x000000c8   Code   RO         2560    .text.if_startup_phase_error_nomalize  vf_if_startup.lib(vf_if_startup.o)
    0x080092f0   0x080092f0   0x00000048   Code   RO           91    .text.key_init      gd32_bldc_foc_eval.o
    0x08009338   0x08009338   0x0000056a   Code   RO          101    .text.key_process   gd32_bldc_foc_eval.o
    0x080098a2   0x080098a2   0x00000002   PAD
    0x080098a4   0x080098a4   0x00000074   Code   RO          191    .text.key_read      gd32_bldc_foc_eval.o
    0x08009918   0x08009918   0x00000052   Code   RO          103    .text.key_read_debouncing  gd32_bldc_foc_eval.o
    0x0800996a   0x0800996a   0x00000002   PAD
    0x0800996c   0x0800996c   0x00000012   Code   RO          115    .text.led_off       gd32_bldc_foc_eval.o
    0x0800997e   0x0800997e   0x00000002   PAD
    0x08009980   0x08009980   0x00000012   Code   RO          113    .text.led_on        gd32_bldc_foc_eval.o
    0x08009992   0x08009992   0x00000002   PAD
    0x08009994   0x08009994   0x0000017a   Code   RO          111    .text.led_sacn_state  gd32_bldc_foc_eval.o
    0x08009b0e   0x08009b0e   0x00000002   PAD
    0x08009b10   0x08009b10   0x0000012c   Code   RO           35    .text.main          main.o
    0x08009c3c   0x08009c3c   0x00000046   Code   RO          403    .text.map_float     foc_math.o
    0x08009c82   0x08009c82   0x00000002   PAD
    0x08009c84   0x08009c84   0x00000070   Code   RO          354    .text.mit_wrap_to_pi  motor_ctrl.o
    0x08009cf4   0x08009cf4   0x00000012   Code   RO          346    .text.motor_break   motor_ctrl.o
    0x08009d06   0x08009d06   0x00000002   PAD
    0x08009d08   0x08009d08   0x0000006e   Code   RO          705    .text.motor_id_flash_load  flash_drv.o
    0x08009d76   0x08009d76   0x00000002   PAD
    0x08009d78   0x08009d78   0x000000b4   Code   RO          707    .text.motor_id_flash_save  flash_drv.o
    0x08009e2c   0x08009e2c   0x00000082   Code   RO          350    .text.motor_idqref_calc  motor_ctrl.o
    0x08009eae   0x08009eae   0x00000002   PAD
    0x08009eb0   0x08009eb0   0x00000010   Code   RO          340    .text.motor_init    motor_ctrl.o
    0x08009ec0   0x08009ec0   0x000000cc   Code   RO          352    .text.motor_mit_iq_ref_update  motor_ctrl.o
    0x08009f8c   0x08009f8c   0x000000be   Code   RO          472    .text.motor_patial_brake  motor_ctrl_driver.o
    0x0800a04a   0x0800a04a   0x00000002   PAD
    0x0800a04c   0x0800a04c   0x0000004c   Code   RO          276    .text.motor_protect_adc_config  motor_protect.o
    0x0800a098   0x0800a098   0x00000064   Code   RO          280    .text.motor_protect_check  motor_protect.o
    0x0800a0fc   0x0800a0fc   0x0000006e   Code   RO          274    .text.motor_protect_dma_config  motor_protect.o
    0x0800a16a   0x0800a16a   0x00000002   PAD
    0x0800a16c   0x0800a16c   0x00000016   Code   RO          272    .text.motor_protect_gpio_config  motor_protect.o
    0x0800a182   0x0800a182   0x00000002   PAD
    0x0800a184   0x0800a184   0x0000027c   Code   RO          286    .text.motor_protect_motor_locked_check  motor_protect.o
    0x0800a400   0x0800a400   0x000000aa   Code   RO          284    .text.motor_protect_over_current_check  motor_protect.o
    0x0800a4aa   0x0800a4aa   0x00000002   PAD
    0x0800a4ac   0x0800a4ac   0x00000014   Code   RO          268    .text.motor_protect_peripheral_init  motor_protect.o
    0x0800a4c0   0x0800a4c0   0x0000002a   Code   RO          270    .text.motor_protect_rcu_config  motor_protect.o
    0x0800a4ea   0x0800a4ea   0x00000002   PAD
    0x0800a4ec   0x0800a4ec   0x0000007a   Code   RO          278    .text.motor_protect_var_init  motor_protect.o
    0x0800a566   0x0800a566   0x00000002   PAD
    0x0800a568   0x0800a568   0x000000f4   Code   RO          282    .text.motor_protect_voltage_check  motor_protect.o
    0x0800a65c   0x0800a65c   0x00000280   Code   RO           37    .text.motor_running_mode_process  main.o
    0x0800a8dc   0x0800a8dc   0x00000012   Code   RO          342    .text.motor_start   motor_ctrl.o
    0x0800a8ee   0x0800a8ee   0x00000002   PAD
    0x0800a8f0   0x0800a8f0   0x000001d6   Code   RO           39    .text.motor_state_machine  main.o
    0x0800aac6   0x0800aac6   0x00000002   PAD
    0x0800aac8   0x0800aac8   0x00000012   Code   RO          344    .text.motor_stop    motor_ctrl.o
    0x0800aada   0x0800aada   0x00000002   PAD
    0x0800aadc   0x0800aadc   0x0000006c   Code   RO          348    .text.motor_udq_calc  motor_ctrl.o
    0x0800ab48   0x0800ab48   0x00000080   Code   RO          407    .text.moving_average_float  foc_math.o
    0x0800abc8   0x0800abc8   0x0000008a   Code   RO         1740    .text.nvic_irq_enable  gd32f50x_misc.o
    0x0800ac52   0x0800ac52   0x00000002   PAD
    0x0800ac54   0x0800ac54   0x0000001c   Code   RO         1738    .text.nvic_priority_group_set  gd32f50x_misc.o
    0x0800ac70   0x0800ac70   0x00000028   Code   RO         1758    .text.nvic_vector_table_set  gd32f50x_misc.o
    0x0800ac98   0x0800ac98   0x00000348   Code   RO          720    .text.od_0x07FF_callback  can_protocol.o
    0x0800afe0   0x0800afe0   0x00000054   Code   RO          199    .text.oled_clear    gd32_bldc_foc_eval.o
    0x0800b034   0x0800b034   0x0000005e   Code   RO          107    .text.oled_clear_all  gd32_bldc_foc_eval.o
    0x0800b092   0x0800b092   0x00000002   PAD
    0x0800b094   0x0800b094   0x0000002a   Code   RO          195    .text.oled_display_reverse  gd32_bldc_foc_eval.o
    0x0800b0be   0x0800b0be   0x00000002   PAD
    0x0800b0c0   0x0800b0c0   0x00000094   Code   RO          183    .text.oled_draw_point  gd32_bldc_foc_eval.o
    0x0800b154   0x0800b154   0x0000003e   Code   RO          197    .text.oled_flip_horizontal  gd32_bldc_foc_eval.o
    0x0800b192   0x0800b192   0x00000002   PAD
    0x0800b194   0x0800b194   0x000000fc   Code   RO           95    .text.oled_init     gd32_bldc_foc_eval.o
    0x0800b290   0x0800b290   0x00000084   Code   RO          109    .text.oled_page_refresh  gd32_bldc_foc_eval.o
    0x0800b314   0x0800b314   0x0000002e   Code   RO          201    .text.oled_parameter_init  gd32_bldc_foc_eval.o
    0x0800b342   0x0800b342   0x00000002   PAD
    0x0800b344   0x0800b344   0x00000032   Code   RO          185    .text.oled_pow      gd32_bldc_foc_eval.o
    0x0800b376   0x0800b376   0x00000002   PAD
    0x0800b378   0x0800b378   0x000001ae   Code   RO          181    .text.oled_show_char  gd32_bldc_foc_eval.o
    0x0800b526   0x0800b526   0x00000002   PAD
    0x0800b528   0x0800b528   0x00000188   Code   RO          179    .text.oled_show_line  gd32_bldc_foc_eval.o
    0x0800b6b0   0x0800b6b0   0x000000f0   Code   RO          177    .text.oled_show_num  gd32_bldc_foc_eval.o
    0x0800b7a0   0x0800b7a0   0x0000013a   Code   RO          187    .text.oled_show_picture  gd32_bldc_foc_eval.o
    0x0800b8da   0x0800b8da   0x00000002   PAD
    0x0800b8dc   0x0800b8dc   0x000000ae   Code   RO          189    .text.oled_show_qr_code  gd32_bldc_foc_eval.o
    0x0800b98a   0x0800b98a   0x00000002   PAD
    0x0800b98c   0x0800b98c   0x00000082   Code   RO          175    .text.oled_show_string  gd32_bldc_foc_eval.o
    0x0800ba0e   0x0800ba0e   0x00000002   PAD
    0x0800ba10   0x0800ba10   0x000002be   Code   RO          173    .text.oled_write_byte  gd32_bldc_foc_eval.o
    0x0800bcce   0x0800bcce   0x00000002   PAD
    0x0800bcd0   0x0800bcd0   0x00000038   Code   RO          599    .text.oneshunt_parameter_check  pwm_current_1shunt.o
    0x0800bd08   0x0800bd08   0x000000fa   Code   RO          442    .text.over_modulation  modulation.o
    0x0800be02   0x0800be02   0x00000002   PAD
    0x0800be04   0x0800be04   0x0000005e   Code   RO          397    .text.park          foc_math.o
    0x0800be62   0x0800be62   0x00000002   PAD
    0x0800be64   0x0800be64   0x000000e2   Code   RO          387    .text.pid_incremental_regulation  foc_math.o
    0x0800bf46   0x0800bf46   0x00000002   PAD
    0x0800bf48   0x0800bf48   0x00000040   Code   RO          385    .text.pid_init      foc_math.o
    0x0800bf88   0x0800bf88   0x000001aa   Code   RO          531    .text.pwm_2shunt_timer_config  pwm_current_2shunt.o
    0x0800c132   0x0800c132   0x00000002   PAD
    0x0800c134   0x0800c134   0x0000004a   Code   RO          535    .text.pwm_2shunt_update_duty  pwm_current_2shunt.o
    0x0800c17e   0x0800c17e   0x00000002   PAD
    0x0800c180   0x0800c180   0x000001a8   Code   RO          556    .text.pwm_3shunt_timer_config  pwm_current_3shunt.o
    0x0800c328   0x0800c328   0x0000004a   Code   RO          560    .text.pwm_3shunt_update_duty  pwm_current_3shunt.o
    0x0800c372   0x0800c372   0x00000002   PAD
    0x0800c374   0x0800c374   0x000000b8   Code   RO          583    .text.pwm_current_1shunt_adc_config  pwm_current_1shunt.o
    0x0800c42c   0x0800c42c   0x00000214   Code   RO          587    .text.pwm_current_1shunt_get_current  pwm_current_1shunt.o
    0x0800c640   0x0800c640   0x0000012a   Code   RO          579    .text.pwm_current_1shunt_gpio_config  pwm_current_1shunt.o
    0x0800c76a   0x0800c76a   0x00000002   PAD
    0x0800c76c   0x0800c76c   0x00000020   Code   RO          575    .text.pwm_current_1shunt_peripheral_init  pwm_current_1shunt.o
    0x0800c78c   0x0800c78c   0x0000005e   Code   RO          577    .text.pwm_current_1shunt_rcu_config  pwm_current_1shunt.o
    0x0800c7ea   0x0800c7ea   0x00000002   PAD
    0x0800c7ec   0x0800c7ec   0x0000021c   Code   RO          589    .text.pwm_current_1shunt_sampling_point_config  pwm_current_1shunt.o
    0x0800ca08   0x0800ca08   0x000001a8   Code   RO          581    .text.pwm_current_1shunt_timer_config  pwm_current_1shunt.o
    0x0800cbb0   0x0800cbb0   0x000000d8   Code   RO          537    .text.pwm_current_2shunt_get_current  pwm_current_2shunt.o
    0x0800cc88   0x0800cc88   0x00000136   Code   RO          529    .text.pwm_current_2shunt_gpio_config  pwm_current_2shunt.o
    0x0800cdbe   0x0800cdbe   0x00000002   PAD
    0x0800cdc0   0x0800cdc0   0x0000001c   Code   RO          525    .text.pwm_current_2shunt_peripheral_init  pwm_current_2shunt.o
    0x0800cddc   0x0800cddc   0x0000006c   Code   RO          527    .text.pwm_current_2shunt_rcu_config  pwm_current_2shunt.o
    0x0800ce48   0x0800ce48   0x0000000a   Code   RO          539    .text.pwm_current_2shunt_sampling_point_config  pwm_current_2shunt.o
    0x0800ce52   0x0800ce52   0x00000002   PAD
    0x0800ce54   0x0800ce54   0x000001a8   Code   RO          562    .text.pwm_current_3shunt_get_current  pwm_current_3shunt.o
    0x0800cffc   0x0800cffc   0x00000144   Code   RO          554    .text.pwm_current_3shunt_gpio_config  pwm_current_3shunt.o
    0x0800d140   0x0800d140   0x0000001c   Code   RO          550    .text.pwm_current_3shunt_peripheral_init  pwm_current_3shunt.o
    0x0800d15c   0x0800d15c   0x00000072   Code   RO          552    .text.pwm_current_3shunt_rcu_config  pwm_current_3shunt.o
    0x0800d1ce   0x0800d1ce   0x00000002   PAD
    0x0800d1d0   0x0800d1d0   0x000000b2   Code   RO          564    .text.pwm_current_3shunt_sampling_point_config  pwm_current_3shunt.o
    0x0800d282   0x0800d282   0x00000002   PAD
    0x0800d284   0x0800d284   0x0000004c   Code   RO          368    .text.pwm_current_peripheral_init  pwm_current.o
    0x0800d2d0   0x0800d2d0   0x000000ce   Code   RO          370    .text.pwm_generation  pwm_current.o
    0x0800d39e   0x0800d39e   0x00000002   PAD
    0x0800d3a0   0x0800d3a0   0x00000050   Code   RO          658    .text.rb_push       uart4_drv.o
    0x0800d3f0   0x0800d3f0   0x000000c8   Code   RO         1884    .text.rcu_adc_clock_config  gd32f50x_rcu.o
    0x0800d4b8   0x0800d4b8   0x000002de   Code   RO         1942    .text.rcu_clock_freq_get  gd32f50x_rcu.o
    0x0800d796   0x0800d796   0x00000002   PAD
    0x0800d798   0x0800d798   0x00000028   Code   RO         1848    .text.rcu_periph_clock_enable  gd32f50x_rcu.o
    0x0800d7c0   0x0800d7c0   0x00000028   Code   RO         1858    .text.rcu_periph_reset_disable  gd32f50x_rcu.o
    0x0800d7e8   0x0800d7e8   0x00000028   Code   RO         1856    .text.rcu_periph_reset_enable  gd32f50x_rcu.o
    0x0800d810   0x0800d810   0x0000005e   Code   RO          399    .text.rev_park      foc_math.o
    0x0800d86e   0x0800d86e   0x00000002   PAD
    0x0800d870   0x0800d870   0x00000340   Code   RO          427    .text.sin_cos_float  foc_math.o
    0x0800dbb0   0x0800dbb0   0x000001b4   Code   RO         2542    .text.smo_atan_update  smo_observer.lib(smo_observer.o)
    0x0800dd64   0x0800dd64   0x00000232   Code   RO         2538    .text.smo_observer_update  smo_observer.lib(smo_observer.o)
    0x0800df96   0x0800df96   0x00000002   PAD
    0x0800df98   0x0800df98   0x00000130   Code   RO         2540    .text.smo_pll_update  smo_observer.lib(smo_observer.o)
    0x0800e0c8   0x0800e0c8   0x00000044   Code   RO          455    .text.soft_delay_1us  foc_soft_delay.o
    0x0800e10c   0x0800e10c   0x00000038   Code   RO          457    .text.soft_delay_ms  foc_soft_delay.o
    0x0800e144   0x0800e144   0x000000e0   Code   RO          327    .text.speed_get     angle.o
    0x0800e224   0x0800e224   0x000000a0   Code   RO          421    .text.sqrt_float    foc_math.o
    0x0800e2c4   0x0800e2c4   0x00000086   Code   RO          466    .text.start_ctrl    motor_ctrl_driver.o
    0x0800e34a   0x0800e34a   0x00000002   PAD
    0x0800e34c   0x0800e34c   0x000000c2   Code   RO          468    .text.stop_ctrl     motor_ctrl_driver.o
    0x0800e40e   0x0800e40e   0x00000002   PAD
    0x0800e410   0x0800e410   0x0000002e   Code   RO         2117    .text.syscfg_sram_ecc_flag_get  gd32f50x_syscfg.o
    0x0800e43e   0x0800e43e   0x00000002   PAD
    0x0800e440   0x0800e440   0x000001e6   Code   RO          746    .text.system_clock_252m_hxtal  system_gd32f50x.o
    0x0800e626   0x0800e626   0x00000002   PAD
    0x0800e628   0x0800e628   0x00000008   Code   RO          740    .text.system_clock_config  system_gd32f50x.o
    0x0800e630   0x0800e630   0x00000032   Code   RO          300    .text.systick_config  systick.o
    0x0800e662   0x0800e662   0x00000002   PAD
    0x0800e664   0x0800e664   0x0000000c   Code   RO          310    .text.systick_get_ms  systick.o
    0x0800e670   0x0800e670   0x00000114   Code   RO          585    .text.timer0_dma_config  pwm_current_1shunt.o
    0x0800e784   0x0800e784   0x00000012   Code   RO         2138    .text.timer_auto_reload_shadow_enable  gd32f50x_timer.o
    0x0800e796   0x0800e796   0x00000002   PAD
    0x0800e798   0x0800e798   0x000000a8   Code   RO         2184    .text.timer_break_config  gd32f50x_timer.o
    0x0800e840   0x0800e840   0x00000042   Code   RO         2182    .text.timer_break_struct_para_init  gd32f50x_timer.o
    0x0800e882   0x0800e882   0x00000002   PAD
    0x0800e884   0x0800e884   0x00000060   Code   RO         2232    .text.timer_channel_capture_value_register_read  gd32f50x_timer.o
    0x0800e8e4   0x0800e8e4   0x0000009e   Code   RO         2220    .text.timer_channel_complementary_output_state_config  gd32f50x_timer.o
    0x0800e982   0x0800e982   0x00000002   PAD
    0x0800e984   0x0800e984   0x000000c6   Code   RO         2230    .text.timer_channel_input_capture_prescaler_config  gd32f50x_timer.o
    0x0800ea4a   0x0800ea4a   0x00000002   PAD
    0x0800ea4c   0x0800ea4c   0x00000032   Code   RO         2226    .text.timer_channel_input_struct_para_init  gd32f50x_timer.o
    0x0800ea7e   0x0800ea7e   0x00000002   PAD
    0x0800ea80   0x0800ea80   0x0000072e   Code   RO         2202    .text.timer_channel_output_config  gd32f50x_timer.o
    0x0800f1ae   0x0800f1ae   0x00000002   PAD
    0x0800f1b0   0x0800f1b0   0x000000f8   Code   RO         2204    .text.timer_channel_output_mode_config  gd32f50x_timer.o
    0x0800f2a8   0x0800f2a8   0x0000005c   Code   RO         2206    .text.timer_channel_output_pulse_value_config  gd32f50x_timer.o
    0x0800f304   0x0800f304   0x000000c6   Code   RO         2208    .text.timer_channel_output_shadow_config  gd32f50x_timer.o
    0x0800f3ca   0x0800f3ca   0x00000002   PAD
    0x0800f3cc   0x0800f3cc   0x000000bc   Code   RO         2218    .text.timer_channel_output_state_config  gd32f50x_timer.o
    0x0800f488   0x0800f488   0x00000038   Code   RO         2200    .text.timer_channel_output_struct_para_init  gd32f50x_timer.o
    0x0800f4c0   0x0800f4c0   0x000000ac   Code   RO         2310    .text.timer_channel_primary_output_config  gd32f50x_timer.o
    0x0800f56c   0x0800f56c   0x0000015c   Code   RO         2128    .text.timer_deinit  gd32f50x_timer.o
    0x0800f6c8   0x0800f6c8   0x00000012   Code   RO         2136    .text.timer_disable  gd32f50x_timer.o
    0x0800f6da   0x0800f6da   0x00000002   PAD
    0x0800f6dc   0x0800f6dc   0x00000020   Code   RO         2172    .text.timer_dma_enable  gd32f50x_timer.o
    0x0800f6fc   0x0800f6fc   0x00000036   Code   RO         2178    .text.timer_dma_transfer_config  gd32f50x_timer.o
    0x0800f732   0x0800f732   0x00000002   PAD
    0x0800f734   0x0800f734   0x00000012   Code   RO         2134    .text.timer_enable  gd32f50x_timer.o
    0x0800f746   0x0800f746   0x00000002   PAD
    0x0800f748   0x0800f748   0x00000014   Code   RO         2180    .text.timer_event_software_generate  gd32f50x_timer.o
    0x0800f75c   0x0800f75c   0x00000034   Code   RO         2236    .text.timer_hall_mode_config  gd32f50x_timer.o
    0x0800f790   0x0800f790   0x00000166   Code   RO         2132    .text.timer_init    gd32f50x_timer.o
    0x0800f8f6   0x0800f8f6   0x00000002   PAD
    0x0800f8f8   0x0800f8f8   0x000002b4   Code   RO         2228    .text.timer_input_capture_config  gd32f50x_timer.o
    0x0800fbac   0x0800fbac   0x000001bc   Code   RO         2244    .text.timer_input_trigger_source_select  gd32f50x_timer.o
    0x0800fd68   0x0800fd68   0x00000022   Code   RO         2334    .text.timer_interrupt_disable  gd32f50x_timer.o
    0x0800fd8a   0x0800fd8a   0x00000002   PAD
    0x0800fd8c   0x0800fd8c   0x00000022   Code   RO         2332    .text.timer_interrupt_enable  gd32f50x_timer.o
    0x0800fdae   0x0800fdae   0x00000002   PAD
    0x0800fdb0   0x0800fdb0   0x00000020   Code   RO         2338    .text.timer_interrupt_flag_clear  gd32f50x_timer.o
    0x0800fdd0   0x0800fdd0   0x00000062   Code   RO         2336    .text.timer_interrupt_flag_get  gd32f50x_timer.o
    0x0800fe32   0x0800fe32   0x00000002   PAD
    0x0800fe34   0x0800fe34   0x00000034   Code   RO         2246    .text.timer_master_output_trigger_source_select  gd32f50x_timer.o
    0x0800fe68   0x0800fe68   0x00000034   Code   RO         2250    .text.timer_master_slave_mode_config  gd32f50x_timer.o
    0x0800fe9c   0x0800fe9c   0x0000002e   Code   RO         2194    .text.timer_primary_output_config  gd32f50x_timer.o
    0x0800feca   0x0800feca   0x00000002   PAD
    0x0800fecc   0x0800fecc   0x000000c6   Code   RO         2254    .text.timer_quadrature_decoder_mode_config  gd32f50x_timer.o
    0x0800ff92   0x0800ff92   0x00000002   PAD
    0x0800ff94   0x0800ff94   0x000001d0   Code   RO         2248    .text.timer_slave_mode_select  gd32f50x_timer.o
    0x08010164   0x08010164   0x0000003c   Code   RO         2130    .text.timer_struct_para_init  gd32f50x_timer.o
    0x080101a0   0x080101a0   0x00000012   Code   RO         2144    .text.timer_update_event_disable  gd32f50x_timer.o
    0x080101b2   0x080101b2   0x00000002   PAD
    0x080101b4   0x080101b4   0x00000012   Code   RO         2142    .text.timer_update_event_enable  gd32f50x_timer.o
    0x080101c6   0x080101c6   0x00000002   PAD
    0x080101c8   0x080101c8   0x0000005c   Code   RO         2349    .text.trigsel_init  gd32f50x_trigsel.o
    0x08010224   0x08010224   0x00000036   Code   RO         2351    .text.trigsel_register_lock_get  gd32f50x_trigsel.o
    0x0801025a   0x0801025a   0x00000002   PAD
    0x0801025c   0x0801025c   0x00000158   Code   RO          722    .text.type1_response  can_protocol.o
    0x080103b4   0x080103b4   0x00000270   Code   RO          646    .text.uart4_encoder_rx_process  uart4_drv.o
    0x08010624   0x08010624   0x0000001e   Code   RO          652    .text.uart4_get_last_elec_angle_rad  uart4_drv.o
    0x08010642   0x08010642   0x00000002   PAD
    0x08010644   0x08010644   0x00000036   Code   RO          654    .text.uart4_get_last_output_state  uart4_drv.o
    0x0801067a   0x0801067a   0x00000002   PAD
    0x0801067c   0x0801067c   0x000000ce   Code   RO          640    .text.uart4_init    uart4_drv.o
    0x0801074a   0x0801074a   0x00000002   PAD
    0x0801074c   0x0801074c   0x00000018   Code   RO          644    .text.uart4_request_encoder_data  uart4_drv.o
    0x08010764   0x08010764   0x00000072   Code   RO          642    .text.uart4_send    uart4_drv.o
    0x080107d6   0x080107d6   0x00000002   PAD
    0x080107d8   0x080107d8   0x00000126   Code   RO         2393    .text.usart_baudrate_set  gd32f50x_usart.o
    0x080108fe   0x080108fe   0x00000002   PAD
    0x08010900   0x08010900   0x00000080   Code   RO           60    .text.usart_config  communication.o
    0x08010980   0x08010980   0x00000010   Code   RO         2425    .text.usart_data_receive  gd32f50x_usart.o
    0x08010990   0x08010990   0x00000014   Code   RO         2423    .text.usart_data_transmit  gd32f50x_usart.o
    0x080109a4   0x080109a4   0x000000b8   Code   RO         2391    .text.usart_deinit  gd32f50x_usart.o
    0x08010a5c   0x08010a5c   0x00000022   Code   RO         2485    .text.usart_dma_receive_config  gd32f50x_usart.o
    0x08010a7e   0x08010a7e   0x00000002   PAD
    0x08010a80   0x08010a80   0x00000022   Code   RO         2487    .text.usart_dma_transmit_config  gd32f50x_usart.o
    0x08010aa2   0x08010aa2   0x00000002   PAD
    0x08010aa4   0x08010aa4   0x00000012   Code   RO         2401    .text.usart_enable  gd32f50x_usart.o
    0x08010ab6   0x08010ab6   0x00000002   PAD
    0x08010ab8   0x08010ab8   0x0000004a   Code   RO         2491    .text.usart_flag_clear  gd32f50x_usart.o
    0x08010b02   0x08010b02   0x00000002   PAD
    0x08010b04   0x08010b04   0x00000040   Code   RO         2489    .text.usart_flag_get  gd32f50x_usart.o
    0x08010b44   0x08010b44   0x00000056   Code   RO           58    .text.usart_gpio_config  communication.o
    0x08010b9a   0x08010b9a   0x00000002   PAD
    0x08010b9c   0x08010b9c   0x00000022   Code   RO         2477    .text.usart_hardware_flow_cts_config  gd32f50x_usart.o
    0x08010bbe   0x08010bbe   0x00000002   PAD
    0x08010bc0   0x08010bc0   0x00000022   Code   RO         2475    .text.usart_hardware_flow_rts_config  gd32f50x_usart.o
    0x08010be2   0x08010be2   0x00000002   PAD
    0x08010be4   0x08010be4   0x00000024   Code   RO         2493    .text.usart_interrupt_enable  gd32f50x_usart.o
    0x08010c08   0x08010c08   0x00000062   Code   RO         2497    .text.usart_interrupt_flag_get  gd32f50x_usart.o
    0x08010c6a   0x08010c6a   0x00000002   PAD
    0x08010c6c   0x08010c6c   0x00000022   Code   RO         2395    .text.usart_parity_config  gd32f50x_usart.o
    0x08010c8e   0x08010c8e   0x00000002   PAD
    0x08010c90   0x08010c90   0x00000038   Code   RO           56    .text.usart_rcu_config  communication.o
    0x08010cc8   0x08010cc8   0x00000022   Code   RO         2407    .text.usart_receive_config  gd32f50x_usart.o
    0x08010cea   0x08010cea   0x00000002   PAD
    0x08010cec   0x08010cec   0x00000022   Code   RO         2399    .text.usart_stop_bit_set  gd32f50x_usart.o
    0x08010d0e   0x08010d0e   0x00000002   PAD
    0x08010d10   0x08010d10   0x00000022   Code   RO         2405    .text.usart_transmit_config  gd32f50x_usart.o
    0x08010d32   0x08010d32   0x00000002   PAD
    0x08010d34   0x08010d34   0x00000022   Code   RO         2397    .text.usart_word_length_set  gd32f50x_usart.o
    0x08010d56   0x08010d56   0x00000002   PAD
    0x08010d58   0x08010d58   0x000000ce   Code   RO         2554    .text.vf_start_up   vf_if_startup.lib(vf_if_startup.o)
    0x08010e26   0x08010e26   0x00000002   PAD
    0x08010e28   0x08010e28   0x000000e0   Code   RO         2552    .text.vf_start_up_init  vf_if_startup.lib(vf_if_startup.o)
    0x08010f08   0x08010f08   0x00000020   Code   RO         2593    i.__0printf         mc_w.l(printfa.o)
    0x08010f28   0x08010f28   0x0000000e   Code   RO         2673    i.__scatterload_copy  mc_w.l(handlers.o)
    0x08010f36   0x08010f36   0x00000002   Code   RO         2674    i.__scatterload_null  mc_w.l(handlers.o)
    0x08010f38   0x08010f38   0x0000000e   Code   RO         2675    i.__scatterload_zeroinit  mc_w.l(handlers.o)
    0x08010f46   0x08010f46   0x00000002   PAD
    0x08010f48   0x08010f48   0x00000184   Code   RO         2600    i._fp_digits        mc_w.l(printfa.o)
    0x080110cc   0x080110cc   0x000006dc   Code   RO         2601    i._printf_core      mc_w.l(printfa.o)
    0x080117a8   0x080117a8   0x00000024   Code   RO         2602    i._printf_post_padding  mc_w.l(printfa.o)
    0x080117cc   0x080117cc   0x0000002e   Code   RO         2603    i._printf_pre_padding  mc_w.l(printfa.o)
    0x080117fa   0x080117fa   0x00000271   Data   RO          225    .rodata.GDQR_logo   gd32_bldc_foc_eval.o
    0x08011a6b   0x08011a6b   0x00000228   Data   RO          203    .rodata.asc2_0806   gd32_bldc_foc_eval.o
    0x08011c93   0x08011c93   0x000005f0   Data   RO          205    .rodata.asc2_1608   gd32_bldc_foc_eval.o
    0x08012283   0x08012283   0x00000d5c   Data   RO          206    .rodata.asc2_2412   gd32_bldc_foc_eval.o
    0x08012fdf   0x08012fdf   0x00000001   PAD
    0x08012fe0   0x08012fe0   0x00000198   Data   RO          434    .rodata.atan_table  foc_math.o
    0x08013178   0x08013178   0x000002b0   Data   RO          224    .rodata.gImage_logo  gd32_bldc_foc_eval.o
    0x08013428   0x08013428   0x00000007   Data   RO          958    .rodata.g_can_fdlength_table  gd32f50x_can.o
    0x0801342f   0x0801342f   0x00000001   PAD
    0x08013430   0x08013430   0x0000020c   Data   RO          433    .rodata.sin_table   foc_math.o
    0x0801363c   0x0801363c   0x00000013   Data   RO           43    .rodata.str1.1      main.o
    0x0801364f   0x0801364f   0x000000c3   Data   RO          238    .rodata.str1.1      gd32_bldc_foc_eval.o
    0x08013712   0x08013712   0x00000002   PAD
    0x08013714   0x08013714   0x00000020   Data   RO         2672    Region$$Table       anon$$obj.o


    Execution Region RW_IRAM1 (Exec base: 0x20000000, Load base: 0x08013738, Size: 0x00001a68, Max: 0x00010000, ABSOLUTE, COMPRESSED[0x000005f0])

    Exec Addr    Load Addr    Size         Type   Attr      Idx    E Section Name        Object

    0x20000000   COMPRESSED   0x00000004   Data   RW         2636    .data               mc_w.l(stdout.o)
    0x20000004   COMPRESSED   0x00000004   Data   RW          748    .data.SystemCoreClock  system_gd32f50x.o
    0x20000008   COMPRESSED   0x00000070   Data   RW          258    .data.aflux         gdfoc_config.o
    0x20000078   COMPRESSED   0x00000044   Data   RW          251    .data.alpha_pll_pid  gdfoc_config.o
    0x200000bc   COMPRESSED   0x00000016   Data   RW          223    .data.arrow_11_11_left  gd32_bldc_foc_eval.o
    0x200000d2   COMPRESSED   0x00000016   Data   RW          222    .data.arrow_11_11_right  gd32_bldc_foc_eval.o
    0x200000e8   COMPRESSED   0x00000044   Data   RW          252    .data.beta_pll_pid  gdfoc_config.o
    0x2000012c   COMPRESSED   0x00000102   Data   RW          219    .data.current_sampling_43_42  gd32_bldc_foc_eval.o
    0x2000022e   COMPRESSED   0x00000102   Data   RW          218    .data.direction_config_43_42  gd32_bldc_foc_eval.o
    0x20000330   COMPRESSED   0x00000008   Data   RW          212    .data.direction_database  gd32_bldc_foc_eval.o
    0x20000338   COMPRESSED   0x00000001   Data   RW          228    .data.ec_orientation  gd32_bldc_foc_eval.o
    0x20000339   COMPRESSED   0x00000003   PAD
    0x2000033c   COMPRESSED   0x00000034   Data   RW          260    .data.encoder       gdfoc_config.o
    0x20000370   COMPRESSED   0x00000001   Data   RW          227    .data.end_edge      gd32_bldc_foc_eval.o
    0x20000371   COMPRESSED   0x00000062   Data   RW          216    .data.fault_database  gd32_bldc_foc_eval.o
    0x200003d3   COMPRESSED   0x00000001   PAD
    0x200003d4   COMPRESSED   0x00000044   Data   RW          249    .data.flux_pid      gdfoc_config.o
    0x20000418   COMPRESSED   0x00000080   Data   RW          259    .data.hall          gdfoc_config.o
    0x20000498   COMPRESSED   0x00000064   Data   RW          255    .data.if_startup    gdfoc_config.o
    0x200004fc   COMPRESSED   0x00000044   Data   RW          254    .data.if_startup_pid  gdfoc_config.o
    0x20000540   COMPRESSED   0x00000004   Data   RW          237    .data.led_sacn_state.j  gd32_bldc_foc_eval.o
    0x20000544   COMPRESSED   0x000000f0   Data   RW          230    .data.menu_table    gd32_bldc_foc_eval.o
    0x20000634   COMPRESSED   0x000000be   Data   RW          211    .data.mode_database  gd32_bldc_foc_eval.o
    0x200006f2   COMPRESSED   0x00000102   Data   RW          217    .data.mode_select_43_42  gd32_bldc_foc_eval.o
    0x200007f4   COMPRESSED   0x00000021   Data   RW          213    .data.modulation_database  gd32_bldc_foc_eval.o
    0x20000815   COMPRESSED   0x00000102   Data   RW          220    .data.modulation_set_43_42  gd32_bldc_foc_eval.o
    0x20000917   COMPRESSED   0x00000001   PAD
    0x20000918   COMPRESSED   0x00000120   Data   RW          256    .data.motor         gdfoc_config.o
    0x20000a38   COMPRESSED   0x000000a0   Data   RW          292    .data.motor_lock_voltage  motor_protect.o
    0x20000ad8   COMPRESSED   0x00000001   Data   RW           45    .data.motor_running_mode_process.first_flag  main.o
    0x20000ad9   COMPRESSED   0x00000001   Data   RW           44    .data.motor_running_mode_process.running_mode_pre  main.o
    0x20000ada   COMPRESSED   0x00000400   Data   RW          239    .data.oled_buffer   gd32_bldc_foc_eval.o
    0x20000eda   COMPRESSED   0x00000001   Data   RW          226    .data.pre_edge      gd32_bldc_foc_eval.o
    0x20000edb   COMPRESSED   0x00000001   PAD
    0x20000edc   COMPRESSED   0x00000048   Data   RW          262    .data.pwm_current   gdfoc_config.o
    0x20000f24   COMPRESSED   0x0000002c   Data   RW          261    .data.rotor_angle   gdfoc_config.o
    0x20000f50   COMPRESSED   0x00000018   Data   RW          214    .data.sample_database  gd32_bldc_foc_eval.o
    0x20000f68   COMPRESSED   0x00000002   Data   RW          603    .data.sample_point  pwm_current_1shunt.o
    0x20000f6a   COMPRESSED   0x00000002   PAD
    0x20000f6c   COMPRESSED   0x00000200   Data   RW          257    .data.smo           gdfoc_config.o
    0x2000116c   COMPRESSED   0x00000044   Data   RW          250    .data.smo_pll_pid   gdfoc_config.o
    0x200011b0   COMPRESSED   0x00000044   Data   RW          247    .data.speed_pid     gdfoc_config.o
    0x200011f4   COMPRESSED   0x0000001e   Data   RW          215    .data.state_database  gd32_bldc_foc_eval.o
    0x20001212   COMPRESSED   0x00000002   PAD
    0x20001214   COMPRESSED   0x00000044   Data   RW          248    .data.torque_pid    gdfoc_config.o
    0x20001258   COMPRESSED   0x00000044   Data   RW          253    .data.vf_startup    gdfoc_config.o
    0x2000129c   COMPRESSED   0x00000004   PAD
    0x200012a0        -       0x00000004   Zero   RW          515    .bss.adc_interrupt_cnt  angle_hall.o
    0x200012a4        -       0x00000002   Zero   RW          291    .bss.adc_regular_buffer  motor_protect.o
    0x200012a6   COMPRESSED   0x00000002   PAD
    0x200012a8        -       0x00000004   Zero   RW          331    .bss.angle_elec_from_uart4_rad  angle.o
    0x200012ac        -       0x00000001   Zero   RW          332    .bss.angle_sensor_interrupt_handler.encoder_detect_cnt  angle.o
    0x200012ad        -       0x00000001   Zero   RW          728    .bss.can_heartbeat_armed  can_protocol.o
    0x200012ae   COMPRESSED   0x00000002   PAD
    0x200012b0        -       0x00000004   Zero   RW          727    .bss.can_last_rx_ms  can_protocol.o
    0x200012b4        -       0x00000004   Zero   RW          312    .bss.delay          systick.o
    0x200012b8        -       0x00000002   Zero   RW          229    .bss.delay_ec       gd32_bldc_foc_eval.o
    0x200012ba   COMPRESSED   0x00000002   PAD
    0x200012bc        -       0x00000004   Zero   RW          233    .bss.display_menu   gd32_bldc_foc_eval.o
    0x200012c0        -       0x00000001   Zero   RW          761    .bss.err_report_buff_index  gd32f50x_err_report.o
    0x200012c1   COMPRESSED   0x00000001   PAD
    0x200012c2        -       0x0000000c   Zero   RW          762    .bss.err_report_buffer  gd32f50x_err_report.o
    0x200012ce        -       0x00000001   Zero   RW          231    .bss.func_index     gd32_bldc_foc_eval.o
    0x200012cf        -       0x00000001   Zero   RW          232    .bss.func_index_pre  gd32_bldc_foc_eval.o
    0x200012d0        -       0x00000010   Zero   RW          691    .bss.g_can_rx_message  can_drv.o
    0x200012e0        -       0x00000001   Zero   RW          692    .bss.g_can_rx_new_flag  can_drv.o
    0x200012e1   COMPRESSED   0x00000003   PAD
    0x200012e4        -       0x00000044   Zero   RW          517    .bss.hall_detect    angle_hall.o
    0x20001328        -       0x00000030   Zero   RW          516    .bss.hall_speed     angle_hall.o
    0x20001358        -       0x00000002   Zero   RW          236    .bss.led_sacn_state.dir  gd32_bldc_foc_eval.o
    0x2000135a        -       0x00000002   Zero   RW          235    .bss.led_sacn_state.i  gd32_bldc_foc_eval.o
    0x2000135c        -       0x00000002   Zero   RW          234    .bss.led_sacn_state.k  gd32_bldc_foc_eval.o
    0x2000135e   COMPRESSED   0x00000002   PAD
    0x20001360        -       0x00000030   Zero   RW          290    .bss.motor_protect  motor_protect.o
    0x20001390        -       0x0000001e   Zero   RW          601    .bss.oneshunt_current  pwm_current_1shunt.o
    0x200013ae        -       0x00000080   Zero   RW           79    .bss.receive_data   communication.o
    0x2000142e        -       0x00000004   Zero   RW          724    .bss.return_4data   can_protocol.o
    0x20001432        -       0x00000005   Zero   RW          725    .bss.return_5data   can_protocol.o
    0x20001437        -       0x00000008   Zero   RW          726    .bss.return_8data   can_protocol.o
    0x2000143f        -       0x00000100   Zero   RW          662    .bss.rx_buf         uart4_drv.o
    0x2000153f   COMPRESSED   0x00000001   PAD
    0x20001540        -       0x00000002   Zero   RW          661    .bss.rx_head        uart4_drv.o
    0x20001542        -       0x00000002   Zero   RW          660    .bss.rx_tail        uart4_drv.o
    0x20001544        -       0x00000010   Zero   RW          697    .bss.s_rx_frame     can_drv.o
    0x20001554        -       0x00000001   Zero   RW          696    .bss.s_rx_ready     can_drv.o
    0x20001555        -       0x00000001   Zero   RW          693    .bss.s_tx_head      can_drv.o
    0x20001556        -       0x00000060   Zero   RW          695    .bss.s_tx_queue     can_drv.o
    0x200015b6        -       0x00000001   Zero   RW          694    .bss.s_tx_tail      can_drv.o
    0x200015b7   COMPRESSED   0x00000001   PAD
    0x200015b8        -       0x00000004   Zero   RW          313    .bss.systick_ms     systick.o
    0x200015bc        -       0x00000010   Zero   RW          602    .bss.timer_update_buffer  pwm_current_1shunt.o
    0x200015cc        -       0x00000004   Zero   RW          663    .bss.uart4_last_elec_angle_rad  uart4_drv.o
    0x200015d0        -       0x00000004   Zero   RW          664    .bss.uart4_last_output_pos_rad  uart4_drv.o
    0x200015d4        -       0x00000004   Zero   RW          667    .bss.uart4_last_output_speed_rad_s  uart4_drv.o
    0x200015d8        -       0x00000001   Zero   RW          665    .bss.uart4_output_state_inited  uart4_drv.o
    0x200015d9   COMPRESSED   0x00000003   PAD
    0x200015dc        -       0x00000004   Zero   RW          666    .bss.uart4_prev_output_pos_rad  uart4_drv.o
    0x200015e0        -       0x00000084   Zero   RW           78    .bss.usart_receive  communication.o
    0x20001664   COMPRESSED   0x00000004   PAD
    0x20001668        -       0x00000400   Zero   RW         2528    STACK               startup_gd32f50x.o


==============================================================================

Image component sizes


      Code (inc. data)   RO Data    RW Data    ZI Data      Debug   Object Name

      1494         12          0          0          5      12207   angle.o
      1116         48          0          0          0      11201   angle_encoder.o
      4310        128          0          0        120      15956   angle_hall.o
      1216          0          0          0        132       8802   can_drv.o
      1372         40          0          0         22       3182   can_protocol.o
       368          0          0          0        260       7407   communication.o
       290          0          0          0          0       1562   flash_drv.o
      3068         68        932          0          0      11047   foc_math.o
       124          0          0          0          0       1001   foc_soft_delay.o
     11358         34       7000       2730         14      19165   gd32_bldc_foc_eval.o
      1012          0          0          0          0       3859   gd32_foc_it.o
      1760          4          0          0          0       8918   gd32f50x_adc.o
      3316         10          7          0          0      15894   gd32f50x_can.o
        40          0          0          0          0       2264   gd32f50x_dbg.o
      1032          0          0          0          0      12212   gd32f50x_dma.o
       114          0          0          0         13       1500   gd32f50x_err_report.o
       332          4          0          0          0       3224   gd32f50x_exti.o
      1734          0          0          0          0      10080   gd32f50x_fmc.o
       852          0          0          0          0       5152   gd32f50x_gpio.o
       452          0          0          0          0      10621   gd32f50x_i2c.o
       444          0          0          0          0       6779   gd32f50x_misc.o
      1054         22          0          0          0      15326   gd32f50x_rcu.o
        46          0          0          0          0       5029   gd32f50x_syscfg.o
      6688        154          0          0          0      27939   gd32f50x_timer.o
       146          0          0          0          0       6416   gd32f50x_trigsel.o
      1110          0          0          0          0      11851   gd32f50x_usart.o
         0          0          0       1852          0      10765   gdfoc_config.o
      1462          6         19          2          0       4064   main.o
      2282         60          0          0          0       7825   modulation.o
       624         20          0          0          0       6384   motor_ctrl.o
       570          0          0          0          0       1319   motor_ctrl_driver.o
      1542         16          0        160         50       5246   motor_protect.o
       358          0          0          0          0       6504   pwm_current.o
      4000         26          0          2         46      17470   pwm_current_1shunt.o
      2246         12          0          0          0      14269   pwm_current_2shunt.o
      2764         12          0          0          0      14560   pwm_current_3shunt.o
        76         12        384          0       1024       1112   startup_gd32f50x.o
       970          0          0          4          0       3854   system_gd32f50x.o
       294          0          0          0          8       5130   systick.o
      1194         24          0          0        277       8007   uart4_drv.o

    ----------------------------------------------------------------------
     63588        712       8378       4760       1996     345103   Object Totals
         0          0         32          0          0          0   (incl. Generated)
       358          0          4         10         25          0   (incl. Padding)

    ----------------------------------------------------------------------

      Code (inc. data)   RO Data    RW Data    ZI Data      Debug   Library Member Name

       924         40          0          0          0       6092   aflux_observer.o
        86          0          0          0          0          0   __dczerorl2.o
         0          0          0          0          0          0   entry.o
         0          0          0          0          0          0   entry10a.o
         0          0          0          0          0          0   entry11a.o
         8          4          0          0          0          0   entry2.o
         4          0          0          0          0          0   entry5.o
         0          0          0          0          0          0   entry7b.o
         0          0          0          0          0          0   entry8b.o
         8          4          0          0          0          0   entry9a.o
        30          0          0          0          0          0   handlers.o
        48         10          0          0          0         68   init.o
         0          0          0          0          0          0   iusefp.o
        30          0          0          0          0         68   llshl.o
        36          0          0          0          0         68   llsshr.o
        32          0          0          0          0         68   llushr.o
        36          0          0          0          0         68   memcpya.o
      2258         90          0          0          0        452   printfa.o
         0          0          0          4          0          0   stdout.o
        44          0          0          0          0         80   uidiv.o
        98          0          0          0          0         92   uldiv.o
        48          0          0          0          0         68   cdrcmple.o
       334          0          0          0          0        148   dadd.o
       222          0          0          0          0        100   ddiv.o
       186          0          0          0          0        176   depilogue.o
        48          0          0          0          0         68   dfixul.o
       228          0          0          0          0         96   dmul.o
        38          0          0          0          0         68   f2d.o
      1302         28          0          0          0       6696   smo_observer.o
      1644         24          0          0          0       8005   vf_if_startup.o

    ----------------------------------------------------------------------
      7702        200          0          4          0      22481   Library Totals
        10          0          0          0          0          0   (incl. Padding)

    ----------------------------------------------------------------------

      Code (inc. data)   RO Data    RW Data    ZI Data      Debug   Library Name

       924         40          0          0          0       6092   aflux_observer.lib
      2718        108          0          4          0        964   mc_w.l
      1104          0          0          0          0        724   mf_w.l
      1302         28          0          0          0       6696   smo_observer.lib
      1644         24          0          0          0       8005   vf_if_startup.lib

    ----------------------------------------------------------------------
      7702        200          0          4          0      22481   Library Totals

    ----------------------------------------------------------------------

==============================================================================


      Code (inc. data)   RO Data    RW Data    ZI Data      Debug   

     71290        912       8378       4764       1996     366264   Grand Totals
     71290        912       8378       1520       1996     366264   ELF Image Totals (compressed)
     71290        912       8378       1520          0          0   ROM Totals

==============================================================================

    Total RO  Size (Code + RO Data)                79668 (  77.80kB)
    Total RW  Size (RW Data + ZI Data)              6760 (   6.60kB)
    Total ROM Size (Code + RO Data + RW Data)      81188 (  79.29kB)

==============================================================================

