Component: Arm Compiler for Embedded 6.21 Tool: armlink [5ec1fa00]

==============================================================================

Section Cross References

    gd32_foc_it.o(.text.NMI_Handler) refers to gd32f50x_syscfg.o(.text.syscfg_sram_ecc_flag_get) for syscfg_sram_ecc_flag_get
    gd32_foc_it.o(.ARM.exidx.text.NMI_Handler) refers to gd32_foc_it.o(.text.NMI_Handler) for [Anonymous Symbol]
    gd32_foc_it.o(.ARM.exidx.text.HardFault_Handler) refers to gd32_foc_it.o(.text.HardFault_Handler) for [Anonymous Symbol]
    gd32_foc_it.o(.ARM.exidx.text.MemManage_Handler) refers to gd32_foc_it.o(.text.MemManage_Handler) for [Anonymous Symbol]
    gd32_foc_it.o(.ARM.exidx.text.BusFault_Handler) refers to gd32_foc_it.o(.text.BusFault_Handler) for [Anonymous Symbol]
    gd32_foc_it.o(.ARM.exidx.text.UsageFault_Handler) refers to gd32_foc_it.o(.text.UsageFault_Handler) for [Anonymous Symbol]
    gd32_foc_it.o(.ARM.exidx.text.SVC_Handler) refers to gd32_foc_it.o(.text.SVC_Handler) for [Anonymous Symbol]
    gd32_foc_it.o(.ARM.exidx.text.DebugMon_Handler) refers to gd32_foc_it.o(.text.DebugMon_Handler) for [Anonymous Symbol]
    gd32_foc_it.o(.ARM.exidx.text.PendSV_Handler) refers to gd32_foc_it.o(.text.PendSV_Handler) for [Anonymous Symbol]
    gd32_foc_it.o(.text.SysTick_Handler) refers to systick.o(.text.delay_decrement) for delay_decrement
    gd32_foc_it.o(.text.SysTick_Handler) refers to gdfoc_config.o(.data.rotor_angle) for rotor_angle
    gd32_foc_it.o(.text.SysTick_Handler) refers to gdfoc_config.o(.data.motor) for motor
    gd32_foc_it.o(.text.SysTick_Handler) refers to angle.o(.text.speed_get) for speed_get
    gd32_foc_it.o(.text.SysTick_Handler) refers to motor_ctrl.o(.text.motor_idqref_calc) for motor_idqref_calc
    gd32_foc_it.o(.text.SysTick_Handler) refers to motor_protect.o(.text.motor_protect_check) for motor_protect_check
    gd32_foc_it.o(.text.SysTick_Handler) refers to communication.o(.text.comm_usart_motor_state_data_transmit) for comm_usart_motor_state_data_transmit
    gd32_foc_it.o(.ARM.exidx.text.SysTick_Handler) refers to gd32_foc_it.o(.text.SysTick_Handler) for [Anonymous Symbol]
    gd32_foc_it.o(.text.TIMER2_IRQHandler) refers to gdfoc_config.o(.data.rotor_angle) for rotor_angle
    gd32_foc_it.o(.text.TIMER2_IRQHandler) refers to gdfoc_config.o(.data.motor) for motor
    gd32_foc_it.o(.text.TIMER2_IRQHandler) refers to angle.o(.text.angle_sensor_interrupt_handler) for angle_sensor_interrupt_handler
    gd32_foc_it.o(.ARM.exidx.text.TIMER2_IRQHandler) refers to gd32_foc_it.o(.text.TIMER2_IRQHandler) for [Anonymous Symbol]
    gd32_foc_it.o(.text.ADC0_1_IRQHandler) refers to gd32f50x_adc.o(.text.adc_interrupt_flag_clear) for adc_interrupt_flag_clear
    gd32_foc_it.o(.text.ADC0_1_IRQHandler) refers to gdfoc_config.o(.data.pwm_current) for pwm_current
    gd32_foc_it.o(.text.ADC0_1_IRQHandler) refers to gdfoc_config.o(.data.motor) for motor
    gd32_foc_it.o(.text.ADC0_1_IRQHandler) refers to pwm_current.o(.text.get_iab) for get_iab
    gd32_foc_it.o(.text.ADC0_1_IRQHandler) refers to motor_protect.o(.text.motor_protect_phase_loss_check) for motor_protect_phase_loss_check
    gd32_foc_it.o(.text.ADC0_1_IRQHandler) refers to gdfoc_config.o(.data.rotor_angle) for rotor_angle
    gd32_foc_it.o(.text.ADC0_1_IRQHandler) refers to uart4_drv.o(.text.uart4_request_encoder_data) for uart4_request_encoder_data
    gd32_foc_it.o(.text.ADC0_1_IRQHandler) refers to uart4_drv.o(.text.uart4_get_last_elec_angle_rad) for uart4_get_last_elec_angle_rad
    gd32_foc_it.o(.text.ADC0_1_IRQHandler) refers to angle.o(.text.angle_set_elec_angle_from_uart4) for angle_set_elec_angle_from_uart4
    gd32_foc_it.o(.text.ADC0_1_IRQHandler) refers to angle.o(.text.angle_get) for angle_get
    gd32_foc_it.o(.text.ADC0_1_IRQHandler) refers to foc_math.o(.text.sin_cos_float) for sin_cos_float
    gd32_foc_it.o(.text.ADC0_1_IRQHandler) refers to foc_math.o(.text.clarke_amplitude) for clarke_amplitude
    gd32_foc_it.o(.text.ADC0_1_IRQHandler) refers to foc_math.o(.text.park) for park
    gd32_foc_it.o(.text.ADC0_1_IRQHandler) refers to motor_ctrl.o(.text.motor_mit_iq_ref_update) for motor_mit_iq_ref_update
    gd32_foc_it.o(.text.ADC0_1_IRQHandler) refers to motor_ctrl.o(.text.motor_udq_calc) for motor_udq_calc
    gd32_foc_it.o(.text.ADC0_1_IRQHandler) refers to modulation.o(.text.over_modulation) for over_modulation
    gd32_foc_it.o(.text.ADC0_1_IRQHandler) refers to foc_math.o(.text.rev_park) for rev_park
    gd32_foc_it.o(.text.ADC0_1_IRQHandler) refers to pwm_current.o(.text.pwm_generation) for pwm_generation
    gd32_foc_it.o(.ARM.exidx.text.ADC0_1_IRQHandler) refers to gd32_foc_it.o(.text.ADC0_1_IRQHandler) for [Anonymous Symbol]
    gd32_foc_it.o(.text.EXTI10_15_IRQHandler) refers to gd32f50x_exti.o(.text.exti_interrupt_flag_get) for exti_interrupt_flag_get
    gd32_foc_it.o(.text.EXTI10_15_IRQHandler) refers to gd32f50x_exti.o(.text.exti_interrupt_flag_clear) for exti_interrupt_flag_clear
[...]
    dma_struct_para_init                     0x080035ed   Thumb Code    78  gd32f50x_dma.o(.text.dma_struct_para_init)
    dsvpwm                                   0x0800363d   Thumb Code   968  modulation.o(.text.dsvpwm)
    ec11_handle                              0x08003a15   Thumb Code   384  gd32_bldc_foc_eval.o(.text.ec11_handle)
    ec_delay                                 0x08003b95   Thumb Code    62  gd32_bldc_foc_eval.o(.text.ec_delay)
    encoder_sensor_angle_calc                0x08003c79   Thumb Code   348  angle_encoder.o(.text.encoder_sensor_angle_calc)
    encoder_sensor_angle_detect              0x08003df1   Thumb Code    10  angle_encoder.o(.text.encoder_sensor_angle_detect)
    encoder_sensor_detect_var_init           0x08003ed1   Thumb Code    36  angle_encoder.o(.text.encoder_sensor_detect_var_init)
    encoder_sensor_interrupt_handler         0x08003ef5   Thumb Code   132  angle_encoder.o(.text.encoder_sensor_interrupt_handler)
    encoder_sensor_peripheral_init           0x08003f79   Thumb Code   300  angle_encoder.o(.text.encoder_sensor_peripheral_init)
    encoder_sensor_speed_calc                0x080040a5   Thumb Code    28  angle_encoder.o(.text.encoder_sensor_speed_calc)
    encoder_sensor_var_init                  0x080040c5   Thumb Code    18  angle_encoder.o(.text.encoder_sensor_var_init)
    eval_board_init                          0x080040d9   Thumb Code    20  gd32_bldc_foc_eval.o(.text.eval_board_init)
    exti_init                                0x080040ed   Thumb Code   266  gd32f50x_exti.o(.text.exti_init)
    exti_interrupt_flag_clear                0x080041f9   Thumb Code    20  gd32f50x_exti.o(.text.exti_interrupt_flag_clear)
    exti_interrupt_flag_get                  0x0800420d   Thumb Code    46  gd32f50x_exti.o(.text.exti_interrupt_flag_get)
    flux_observer_init                       0x0800423d   Thumb Code   112  aflux_observer.o(.text.flux_observer_init)
    flux_observer_update                     0x080042ad   Thumb Code   812  aflux_observer.o(.text.flux_observer_update)
    fmc_bank0_lock                           0x080045d9   Thumb Code    18  gd32f50x_fmc.o(.text.fmc_bank0_lock)
    fmc_bank0_ready_wait                     0x080045ed   Thumb Code    92  gd32f50x_fmc.o(.text.fmc_bank0_ready_wait)
    fmc_bank0_state_get                      0x08004649   Thumb Code    96  gd32f50x_fmc.o(.text.fmc_bank0_state_get)
    fmc_bank0_unlock                         0x080046a9   Thumb Code    50  gd32f50x_fmc.o(.text.fmc_bank0_unlock)
    fmc_bank1_ready_wait                     0x080046dd   Thumb Code    92  gd32f50x_fmc.o(.text.fmc_bank1_ready_wait)
    fmc_bank1_state_get                      0x08004739   Thumb Code    96  gd32f50x_fmc.o(.text.fmc_bank1_state_get)
    fmc_flag_clear                           0x08004799   Thumb Code    40  gd32f50x_fmc.o(.text.fmc_flag_clear)
    fmc_halfword_program                     0x080047c1   Thumb Code   346  gd32f50x_fmc.o(.text.fmc_halfword_program)
    fmc_lock                                 0x0800491d   Thumb Code    54  gd32f50x_fmc.o(.text.fmc_lock)
    fmc_nwa_enable                           0x08004955   Thumb Code    18  gd32f50x_fmc.o(.text.fmc_nwa_enable)
    fmc_page_erase                           0x08004969   Thumb Code   376  gd32f50x_fmc.o(.text.fmc_page_erase)
    fmc_unlock                               0x08004ae1   Thumb Code   118  gd32f50x_fmc.o(.text.fmc_unlock)
    fmc_word_program                         0x08004b59   Thumb Code   338  gd32f50x_fmc.o(.text.fmc_word_program)
    fw_debug_report_err                      0x08006009   Thumb Code   100  gd32f50x_err_report.o(.text.fw_debug_report_err)
    fw_error_notification                    0x0800606d   Thumb Code    14  gd32f50x_err_report.o(.text.fw_error_notification)
    get_iab                                  0x0800607d   Thumb Code    76  pwm_current.o(.text.get_iab)
    gpio_af_set                              0x080060c9   Thumb Code   220  gd32f50x_gpio.o(.text.gpio_af_set)
    gpio_bit_reset                           0x080061a5   Thumb Code    18  gd32f50x_gpio.o(.text.gpio_bit_reset)
    gpio_bit_set                             0x080061b9   Thumb Code    18  gd32f50x_gpio.o(.text.gpio_bit_set)
    gpio_exti_source_select                  0x080061cd   Thumb Code   228  gd32f50x_gpio.o(.text.gpio_exti_source_select)
    gpio_input_bit_get                       0x080062b1   Thumb Code    42  gd32f50x_gpio.o(.text.gpio_input_bit_get)
    gpio_mode_set                            0x080062dd   Thumb Code   164  gd32f50x_gpio.o(.text.gpio_mode_set)
    gpio_output_options_set                  0x08006381   Thumb Code   162  gd32f50x_gpio.o(.text.gpio_output_options_set)
    hall_angle_calc                          0x08006425   Thumb Code   288  angle_hall.o(.text.hall_angle_calc)
    hall_angle_detect                        0x08006555   Thumb Code   836  angle_hall.o(.text.hall_angle_detect)
    hall_detect_var_init                     0x08006b7d   Thumb Code   142  angle_hall.o(.text.hall_detect_var_init)
    hall_normal_var_init                     0x08006e21   Thumb Code   236  angle_hall.o(.text.hall_normal_var_init)
    hall_peripheral_init                     0x08006f11   Thumb Code    16  angle_hall.o(.text.hall_peripheral_init)
    hall_sensor_interrupt_handler            0x080070a9   Thumb Code   444  angle_hall.o(.text.hall_sensor_interrupt_handler)
    hall_speed_calc                          0x08007269   Thumb Code    22  angle_hall.o(.text.hall_speed_calc)
    i2c_address_config                       0x08007501   Thumb Code    48  gd32f50x_i2c.o(.text.i2c_address_config)
    i2c_automatic_end_enable                 0x08007531   Thumb Code    18  gd32f50x_i2c.o(.text.i2c_automatic_end_enable)
    i2c_bus_reset                            0x08007545   Thumb Code   148  gd32_bldc_foc_eval.o(.text.i2c_bus_reset)
    i2c_data_transmit                        0x0800769d   Thumb Code    20  gd32f50x_i2c.o(.text.i2c_data_transmit)
    i2c_enable                               0x080076b1   Thumb Code    18  gd32f50x_i2c.o(.text.i2c_enable)
    i2c_flag_clear                           0x080076c5   Thumb Code    28  gd32f50x_i2c.o(.text.i2c_flag_clear)
    i2c_flag_get                             0x080076e1   Thumb Code    48  gd32f50x_i2c.o(.text.i2c_flag_get)
    i2c_gpio_reset                           0x08007711   Thumb Code    78  gd32_bldc_foc_eval.o(.text.i2c_gpio_reset)
    i2c_master_addressing                    0x08007761   Thumb Code    62  gd32f50x_i2c.o(.text.i2c_master_addressing)
    i2c_master_clock_config                  0x080077a1   Thumb Code    62  gd32f50x_i2c.o(.text.i2c_master_clock_config)
    i2c_start_on_bus                         0x080077e1   Thumb Code    18  gd32f50x_i2c.o(.text.i2c_start_on_bus)
    i2c_timing_config                        0x080077f5   Thumb Code    94  gd32f50x_i2c.o(.text.i2c_timing_config)
    i2c_transfer_byte_number_config          0x08007855   Thumb Code    36  gd32f50x_i2c.o(.text.i2c_transfer_byte_number_config)
    if_start_up                              0x08007879   Thumb Code   736  vf_if_startup.o(.text.if_start_up)
    if_start_up_init                         0x08007b59   Thumb Code   278  vf_if_startup.o(.text.if_start_up_init)
    key_process                              0x08007d81   Thumb Code  1376  gd32_bldc_foc_eval.o(.text.key_process)
    led_sacn_state                           0x08008409   Thumb Code   378  gd32_bldc_foc_eval.o(.text.led_sacn_state)
    main                                     0x08008585   Thumb Code    68  main.o(.text.main)
    map_float                                0x080085c9   Thumb Code    70  foc_math.o(.text.map_float)
    motor_break                              0x08008681   Thumb Code    18  motor_ctrl.o(.text.motor_break)
    motor_idqref_calc                        0x08008695   Thumb Code   126  motor_ctrl.o(.text.motor_idqref_calc)
    motor_init                               0x08008715   Thumb Code    16  motor_ctrl.o(.text.motor_init)
    motor_mit_iq_ref_update                  0x08008725   Thumb Code   232  motor_ctrl.o(.text.motor_mit_iq_ref_update)
    motor_protect_check                      0x0800891d   Thumb Code   100  motor_protect.o(.text.motor_protect_check)
    motor_protect_peripheral_init            0x08008d31   Thumb Code    20  motor_protect.o(.text.motor_protect_peripheral_init)
    motor_protect_phase_loss_check           0x08008d45   Thumb Code   428  motor_protect.o(.text.motor_protect_phase_loss_check)
    motor_protect_var_init                   0x08008f2d   Thumb Code   122  motor_protect.o(.text.motor_protect_var_init)
    motor_start                              0x08009319   Thumb Code    18  motor_ctrl.o(.text.motor_start)
    motor_stop                               0x08009505   Thumb Code    18  motor_ctrl.o(.text.motor_stop)
    motor_udq_calc                           0x08009519   Thumb Code   104  motor_ctrl.o(.text.motor_udq_calc)
    moving_average_float                     0x08009581   Thumb Code   128  foc_math.o(.text.moving_average_float)
    nvic_irq_enable                          0x08009601   Thumb Code   138  gd32f50x_misc.o(.text.nvic_irq_enable)
    nvic_priority_group_set                  0x0800968d   Thumb Code    28  gd32f50x_misc.o(.text.nvic_priority_group_set)
    nvic_vector_table_set                    0x080096a9   Thumb Code    40  gd32f50x_misc.o(.text.nvic_vector_table_set)
    over_modulation                          0x0800a3f9   Thumb Code   242  modulation.o(.text.over_modulation)
    park                                     0x0800a4ed   Thumb Code    94  foc_math.o(.text.park)
    pid_incremental_regulation               0x0800a54d   Thumb Code   226  foc_math.o(.text.pid_incremental_regulation)
    pid_init                                 0x0800a631   Thumb Code    64  foc_math.o(.text.pid_init)
    pwm_2shunt_update_duty                   0x0800a81d   Thumb Code    74  pwm_current_2shunt.o(.text.pwm_2shunt_update_duty)
    pwm_3shunt_update_duty                   0x0800aa11   Thumb Code    74  pwm_current_3shunt.o(.text.pwm_3shunt_update_duty)
    pwm_current_1shunt_get_current           0x0800ab15   Thumb Code   524  pwm_current_1shunt.o(.text.pwm_current_1shunt_get_current)
    pwm_current_1shunt_peripheral_init       0x0800ae55   Thumb Code    32  pwm_current_1shunt.o(.text.pwm_current_1shunt_peripheral_init)
    pwm_current_1shunt_sampling_point_config 0x0800aed5   Thumb Code   540  pwm_current_1shunt.o(.text.pwm_current_1shunt_sampling_point_config)
    pwm_current_2shunt_get_current           0x0800b299   Thumb Code   204  pwm_current_2shunt.o(.text.pwm_current_2shunt_get_current)
    pwm_current_2shunt_peripheral_init       0x0800b4a9   Thumb Code    28  pwm_current_2shunt.o(.text.pwm_current_2shunt_peripheral_init)
    pwm_current_2shunt_sampling_point_config 0x0800b531   Thumb Code    10  pwm_current_2shunt.o(.text.pwm_current_2shunt_sampling_point_config)
    pwm_current_3shunt_get_current           0x0800b53d   Thumb Code   412  pwm_current_3shunt.o(.text.pwm_current_3shunt_get_current)
    pwm_current_3shunt_peripheral_init       0x0800b829   Thumb Code    28  pwm_current_3shunt.o(.text.pwm_current_3shunt_peripheral_init)
    pwm_current_3shunt_sampling_point_config 0x0800b8b9   Thumb Code   178  pwm_current_3shunt.o(.text.pwm_current_3shunt_sampling_point_config)
    pwm_current_peripheral_init              0x0800b96d   Thumb Code    76  pwm_current.o(.text.pwm_current_peripheral_init)
    pwm_generation                           0x0800b9b9   Thumb Code   206  pwm_current.o(.text.pwm_generation)
    rcu_adc_clock_config                     0x0800bad9   Thumb Code   200  gd32f50x_rcu.o(.text.rcu_adc_clock_config)
    rcu_clock_freq_get                       0x0800bba1   Thumb Code   734  gd32f50x_rcu.o(.text.rcu_clock_freq_get)
    rcu_periph_clock_enable                  0x0800be81   Thumb Code    40  gd32f50x_rcu.o(.text.rcu_periph_clock_enable)
    rcu_periph_reset_disable                 0x0800bea9   Thumb Code    40  gd32f50x_rcu.o(.text.rcu_periph_reset_disable)
    rcu_periph_reset_enable                  0x0800bed1   Thumb Code    40  gd32f50x_rcu.o(.text.rcu_periph_reset_enable)
    rev_park                                 0x0800bef9   Thumb Code    94  foc_math.o(.text.rev_park)
    sin_cos_float                            0x0800bf59   Thumb Code   804  foc_math.o(.text.sin_cos_float)
    smo_observer_update                      0x0800c44d   Thumb Code   562  smo_observer.o(.text.smo_observer_update)
    soft_delay_1us                           0x0800c7b1   Thumb Code    68  foc_soft_delay.o(.text.soft_delay_1us)
    soft_delay_ms                            0x0800c7f5   Thumb Code    56  foc_soft_delay.o(.text.soft_delay_ms)
    speed_get                                0x0800c82d   Thumb Code   212  angle.o(.text.speed_get)
    sqrt_float                               0x0800c901   Thumb Code   160  foc_math.o(.text.sqrt_float)
    start_ctrl                               0x0800c9a1   Thumb Code   134  motor_ctrl_driver.o(.text.start_ctrl)
    stop_ctrl                                0x0800ca29   Thumb Code   194  motor_ctrl_driver.o(.text.stop_ctrl)
    syscfg_sram_ecc_flag_get                 0x0800caed   Thumb Code    46  gd32f50x_syscfg.o(.text.syscfg_sram_ecc_flag_get)
    systick_config                           0x0800cd0d   Thumb Code    50  systick.o(.text.systick_config)
    timer_auto_reload_shadow_enable          0x0800ce55   Thumb Code    18  gd32f50x_timer.o(.text.timer_auto_reload_shadow_enable)
    timer_break_config                       0x0800ce69   Thumb Code   168  gd32f50x_timer.o(.text.timer_break_config)
    timer_break_struct_para_init             0x0800cf11   Thumb Code    66  gd32f50x_timer.o(.text.timer_break_struct_para_init)
    timer_channel_capture_value_register_read 0x0800cf55   Thumb Code    96  gd32f50x_timer.o(.text.timer_channel_capture_value_register_read)
    timer_channel_complementary_output_state_config 0x0800cfb5   Thumb Code   158  gd32f50x_timer.o(.text.timer_channel_complementary_output_state_config)
    timer_channel_input_capture_prescaler_config 0x0800d055   Thumb Code   198  gd32f50x_timer.o(.text.timer_channel_input_capture_prescaler_config)
    timer_channel_input_struct_para_init     0x0800d11d   Thumb Code    50  gd32f50x_timer.o(.text.timer_channel_input_struct_para_init)
    timer_channel_output_config              0x0800d151   Thumb Code  1838  gd32f50x_timer.o(.text.timer_channel_output_config)
    timer_channel_output_mode_config         0x0800d881   Thumb Code   248  gd32f50x_timer.o(.text.timer_channel_output_mode_config)
    timer_channel_output_pulse_value_config  0x0800d979   Thumb Code    92  gd32f50x_timer.o(.text.timer_channel_output_pulse_value_config)
    timer_channel_output_shadow_config       0x0800d9d5   Thumb Code   198  gd32f50x_timer.o(.text.timer_channel_output_shadow_config)
    timer_channel_output_state_config        0x0800da9d   Thumb Code   188  gd32f50x_timer.o(.text.timer_channel_output_state_config)
    timer_channel_output_struct_para_init    0x0800db59   Thumb Code    56  gd32f50x_timer.o(.text.timer_channel_output_struct_para_init)
    timer_channel_primary_output_config      0x0800db91   Thumb Code   172  gd32f50x_timer.o(.text.timer_channel_primary_output_config)
    timer_deinit                             0x0800dc3d   Thumb Code   348  gd32f50x_timer.o(.text.timer_deinit)
    timer_disable                            0x0800dd99   Thumb Code    18  gd32f50x_timer.o(.text.timer_disable)
    timer_dma_enable                         0x0800ddad   Thumb Code    32  gd32f50x_timer.o(.text.timer_dma_enable)
    timer_dma_transfer_config                0x0800ddcd   Thumb Code    54  gd32f50x_timer.o(.text.timer_dma_transfer_config)
    timer_enable                             0x0800de05   Thumb Code    18  gd32f50x_timer.o(.text.timer_enable)
    timer_event_software_generate            0x0800de19   Thumb Code    20  gd32f50x_timer.o(.text.timer_event_software_generate)
    timer_hall_mode_config                   0x0800de2d   Thumb Code    52  gd32f50x_timer.o(.text.timer_hall_mode_config)
    timer_init                               0x0800de61   Thumb Code   358  gd32f50x_timer.o(.text.timer_init)
    timer_input_capture_config               0x0800dfc9   Thumb Code   692  gd32f50x_timer.o(.text.timer_input_capture_config)
    timer_input_trigger_source_select        0x0800e27d   Thumb Code   444  gd32f50x_timer.o(.text.timer_input_trigger_source_select)
    timer_interrupt_disable                  0x0800e439   Thumb Code    34  gd32f50x_timer.o(.text.timer_interrupt_disable)
    timer_interrupt_enable                   0x0800e45d   Thumb Code    34  gd32f50x_timer.o(.text.timer_interrupt_enable)
    timer_interrupt_flag_clear               0x0800e481   Thumb Code    32  gd32f50x_timer.o(.text.timer_interrupt_flag_clear)
    timer_interrupt_flag_get                 0x0800e4a1   Thumb Code    98  gd32f50x_timer.o(.text.timer_interrupt_flag_get)
    timer_master_output_trigger_source_select 0x0800e505   Thumb Code    52  gd32f50x_timer.o(.text.timer_master_output_trigger_source_select)
    timer_master_slave_mode_config           0x0800e539   Thumb Code    52  gd32f50x_timer.o(.text.timer_master_slave_mode_config)
    timer_primary_output_config              0x0800e56d   Thumb Code    46  gd32f50x_timer.o(.text.timer_primary_output_config)
    timer_quadrature_decoder_mode_config     0x0800e59d   Thumb Code   198  gd32f50x_timer.o(.text.timer_quadrature_decoder_mode_config)
    timer_slave_mode_select                  0x0800e665   Thumb Code   464  gd32f50x_timer.o(.text.timer_slave_mode_select)
    timer_struct_para_init                   0x0800e835   Thumb Code    60  gd32f50x_timer.o(.text.timer_struct_para_init)
    timer_update_event_disable               0x0800e871   Thumb Code    18  gd32f50x_timer.o(.text.timer_update_event_disable)
    timer_update_event_enable                0x0800e885   Thumb Code    18  gd32f50x_timer.o(.text.timer_update_event_enable)
    trigsel_init                             0x0800e899   Thumb Code    92  gd32f50x_trigsel.o(.text.trigsel_init)
    trigsel_register_lock_get                0x0800e8f5   Thumb Code    54  gd32f50x_trigsel.o(.text.trigsel_register_lock_get)
    uart4_encoder_rx_process                 0x0800e92d   Thumb Code   600  uart4_drv.o(.text.uart4_encoder_rx_process)
    uart4_get_last_elec_angle_rad            0x0800eb9d   Thumb Code    30  uart4_drv.o(.text.uart4_get_last_elec_angle_rad)
    uart4_get_last_output_state              0x0800ebbd   Thumb Code    54  uart4_drv.o(.text.uart4_get_last_output_state)
    uart4_init                               0x0800ebf5   Thumb Code   206  uart4_drv.o(.text.uart4_init)
    uart4_request_encoder_data               0x0800ecc5   Thumb Code    24  uart4_drv.o(.text.uart4_request_encoder_data)
    uart4_send                               0x0800ecdd   Thumb Code   114  uart4_drv.o(.text.uart4_send)
    usart_baudrate_set                       0x0800ed51   Thumb Code   294  gd32f50x_usart.o(.text.usart_baudrate_set)
    usart_data_receive                       0x0800eef9   Thumb Code    16  gd32f50x_usart.o(.text.usart_data_receive)
    usart_data_transmit                      0x0800ef09   Thumb Code    20  gd32f50x_usart.o(.text.usart_data_transmit)
    usart_deinit                             0x0800ef1d   Thumb Code   184  gd32f50x_usart.o(.text.usart_deinit)
    usart_dma_receive_config                 0x0800efd5   Thumb Code    34  gd32f50x_usart.o(.text.usart_dma_receive_config)
    usart_dma_transmit_config                0x0800eff9   Thumb Code    34  gd32f50x_usart.o(.text.usart_dma_transmit_config)
    usart_enable                             0x0800f01d   Thumb Code    18  gd32f50x_usart.o(.text.usart_enable)
    usart_flag_clear                         0x0800f031   Thumb Code    74  gd32f50x_usart.o(.text.usart_flag_clear)
    usart_flag_get                           0x0800f07d   Thumb Code    64  gd32f50x_usart.o(.text.usart_flag_get)
    usart_hardware_flow_cts_config           0x0800f115   Thumb Code    34  gd32f50x_usart.o(.text.usart_hardware_flow_cts_config)
    usart_hardware_flow_rts_config           0x0800f139   Thumb Code    34  gd32f50x_usart.o(.text.usart_hardware_flow_rts_config)
    usart_interrupt_enable                   0x0800f15d   Thumb Code    36  gd32f50x_usart.o(.text.usart_interrupt_enable)
    usart_interrupt_flag_get                 0x0800f181   Thumb Code    98  gd32f50x_usart.o(.text.usart_interrupt_flag_get)
    usart_parity_config                      0x0800f1e5   Thumb Code    34  gd32f50x_usart.o(.text.usart_parity_config)
    usart_receive_config                     0x0800f241   Thumb Code    34  gd32f50x_usart.o(.text.usart_receive_config)
    usart_stop_bit_set                       0x0800f265   Thumb Code    34  gd32f50x_usart.o(.text.usart_stop_bit_set)
    usart_transmit_config                    0x0800f289   Thumb Code    34  gd32f50x_usart.o(.text.usart_transmit_config)
    usart_word_length_set                    0x0800f2ad   Thumb Code    34  gd32f50x_usart.o(.text.usart_word_length_set)
    vf_start_up                              0x0800f2d1   Thumb Code   206  vf_if_startup.o(.text.vf_start_up)
    vf_start_up_init                         0x0800f3a1   Thumb Code   224  vf_if_startup.o(.text.vf_start_up_init)
    __scatterload_copy                       0x0800f481   Thumb Code    14  handlers.o(i.__scatterload_copy)
    __scatterload_null                       0x0800f48f   Thumb Code     2  handlers.o(i.__scatterload_null)
    __scatterload_zeroinit                   0x0800f491   Thumb Code    14  handlers.o(i.__scatterload_zeroinit)
    GDQR_logo                                0x0800f49e   Data         625  gd32_bldc_foc_eval.o(.rodata.GDQR_logo)
    asc2_0806                                0x0800f70f   Data         552  gd32_bldc_foc_eval.o(.rodata.asc2_0806)
    asc2_1608                                0x0800f937   Data        1520  gd32_bldc_foc_eval.o(.rodata.asc2_1608)
    asc2_2412                                0x0800ff27   Data        3420  gd32_bldc_foc_eval.o(.rodata.asc2_2412)
    gImage_logo                              0x08010e1c   Data         688  gd32_bldc_foc_eval.o(.rodata.gImage_logo)
    Region$$Table$$Base                      0x0801139c   Number         0  anon$$obj.o(Region$$Table)
    Region$$Table$$Limit                     0x080113bc   Number         0  anon$$obj.o(Region$$Table)
    SystemCoreClock                          0x20000000   Data           4  system_gd32f50x.o(.data.SystemCoreClock)
    aflux                                    0x20000004   Data         112  gdfoc_config.o(.data.aflux)
    alpha_pll_pid                            0x20000074   Data          68  gdfoc_config.o(.data.alpha_pll_pid)
    arrow_11_11_left                         0x200000b8   Data          22  gd32_bldc_foc_eval.o(.data.arrow_11_11_left)
    arrow_11_11_right                        0x200000ce   Data          22  gd32_bldc_foc_eval.o(.data.arrow_11_11_right)
    beta_pll_pid                             0x200000e4   Data          68  gdfoc_config.o(.data.beta_pll_pid)
    current_sampling_43_42                   0x20000128   Data         258  gd32_bldc_foc_eval.o(.data.current_sampling_43_42)
    direction_config_43_42                   0x2000022a   Data         258  gd32_bldc_foc_eval.o(.data.direction_config_43_42)
    direction_database                       0x2000032c   Data           8  gd32_bldc_foc_eval.o(.data.direction_database)
    ec_orientation                           0x20000334   Data           1  gd32_bldc_foc_eval.o(.data.ec_orientation)
    encoder                                  0x20000338   Data          52  gdfoc_config.o(.data.encoder)
    end_edge                                 0x2000036c   Data           1  gd32_bldc_foc_eval.o(.data.end_edge)
    fault_database                           0x2000036d   Data          98  gd32_bldc_foc_eval.o(.data.fault_database)
    flux_pid                                 0x200003d0   Data          68  gdfoc_config.o(.data.flux_pid)
    hall                                     0x20000414   Data         128  gdfoc_config.o(.data.hall)
    if_startup                               0x20000494   Data         100  gdfoc_config.o(.data.if_startup)
    if_startup_pid                           0x200004f8   Data          68  gdfoc_config.o(.data.if_startup_pid)
    mit_kd                                   0x20000630   Data           4  motor_ctrl.o(.data.mit_kd)
    mit_v_des                                0x20000634   Data           4  motor_ctrl.o(.data.mit_v_des)
    mode_database                            0x20000638   Data         190  gd32_bldc_foc_eval.o(.data.mode_database)
    mode_select_43_42                        0x200006f6   Data         258  gd32_bldc_foc_eval.o(.data.mode_select_43_42)
    modulation_database                      0x200007f8   Data          33  gd32_bldc_foc_eval.o(.data.modulation_database)
    modulation_set_43_42                     0x20000819   Data         258  gd32_bldc_foc_eval.o(.data.modulation_set_43_42)
    motor                                    0x2000091c   Data         220  gdfoc_config.o(.data.motor)
    pre_edge                                 0x20000e9a   Data           1  gd32_bldc_foc_eval.o(.data.pre_edge)
    pwm_current                              0x20000e9c   Data          72  gdfoc_config.o(.data.pwm_current)
    rotor_angle                              0x20000ee4   Data          44  gdfoc_config.o(.data.rotor_angle)
    sample_database                          0x20000f10   Data          24  gd32_bldc_foc_eval.o(.data.sample_database)
    smo                                      0x20000f2c   Data         512  gdfoc_config.o(.data.smo)
    smo_pll_pid                              0x2000112c   Data          68  gdfoc_config.o(.data.smo_pll_pid)
    speed_pid                                0x20001170   Data          68  gdfoc_config.o(.data.speed_pid)
    state_database                           0x200011b4   Data          30  gd32_bldc_foc_eval.o(.data.state_database)
    torque_pid                               0x200011d4   Data          68  gdfoc_config.o(.data.torque_pid)
    vf_startup                               0x20001218   Data          68  gdfoc_config.o(.data.vf_startup)
    adc_interrupt_cnt                        0x20001260   Data           4  angle_hall.o(.bss.adc_interrupt_cnt)
    display_menu                             0x20001278   Data           4  gd32_bldc_foc_eval.o(.bss.display_menu)
    err_report_buff_index                    0x2000127c   Data           1  gd32f50x_err_report.o(.bss.err_report_buff_index)
    err_report_buffer                        0x2000127e   Data          12  gd32f50x_err_report.o(.bss.err_report_buffer)
    hall_detect                              0x2000128c   Data          68  angle_hall.o(.bss.hall_detect)
    hall_speed                               0x200012d0   Data          48  angle_hall.o(.bss.hall_speed)
    mit_kp                                   0x20001308   Data           4  motor_ctrl.o(.bss.mit_kp)
    mit_p_des                                0x2000130c   Data           4  motor_ctrl.o(.bss.mit_p_des)
    mit_t_ff                                 0x20001310   Data           4  motor_ctrl.o(.bss.mit_t_ff)
    motor_protect                            0x20001314   Data          48  motor_protect.o(.bss.motor_protect)
    usart_receive                            0x2000158c   Data         132  communication.o(.bss.usart_receive)
    usart_transmit                           0x20001610   Data          12  communication.o(.bss.usart_transmit)
    __initial_sp                             0x20001a20   Data           0  startup_gd32f50x.o(STACK)



==============================================================================

Memory Map of the image

  Image Entry point : 0x08000181

  Load Region LR_IROM1 (Base: 0x08000000, Size: 0x00012620, Max: 0x00080000, ABSOLUTE, COMPRESSED[0x000119b0])

    Execution Region ER_IROM1 (Exec base: 0x08000000, Load base: 0x08000000, Size: 0x000113bc, Max: 0x00080000, ABSOLUTE)

    Exec Addr    Load Addr    Size         Type   Attr      Idx    E Section Name        Object

    0x08000000   0x08000000   0x00000180   Data   RO         2467    RESET               startup_gd32f50x.o
    0x08000180   0x08000180   0x00000000   Code   RO         2520  * .ARM.Collect$$$$00000000  mc_w.l(entry.o)
    0x08000180   0x08000180   0x00000004   Code   RO         2529    .ARM.Collect$$$$00000001  mc_w.l(entry2.o)
    0x08000184   0x08000184   0x00000004   Code   RO         2532    .ARM.Collect$$$$00000004  mc_w.l(entry5.o)
    0x08000188   0x08000188   0x00000000   Code   RO         2534    .ARM.Collect$$$$00000008  mc_w.l(entry7b.o)
    0x08000188   0x08000188   0x00000000   Code   RO         2536    .ARM.Collect$$$$0000000A  mc_w.l(entry8b.o)
    0x08000188   0x08000188   0x00000008   Code   RO         2537    .ARM.Collect$$$$0000000B  mc_w.l(entry9a.o)
    0x08000190   0x08000190   0x00000000   Code   RO         2539    .ARM.Collect$$$$0000000D  mc_w.l(entry10a.o)
    0x08000190   0x08000190   0x00000000   Code   RO         2541    .ARM.Collect$$$$0000000F  mc_w.l(entry11a.o)
    0x08000190   0x08000190   0x00000004   Code   RO         2530    .ARM.Collect$$$$00002712  mc_w.l(entry2.o)
    0x08000194   0x08000194   0x0000004c   Code   RO         2468    .text               startup_gd32f50x.o
    0x080001e0   0x080001e0   0x00000024   Code   RO         2523    .text               mc_w.l(memcpya.o)
    0x08000204   0x08000204   0x00000030   Code   RO         2543    .text               mc_w.l(init.o)
    0x08000234   0x08000234   0x00000056   Code   RO         2553    .text               mc_w.l(__dczerorl2.o)
    0x0800028a   0x0800028a   0x00000002   PAD
    0x0800028c   0x0800028c   0x00000110   Code   RO           22    .text.ADC0_1_IRQHandler  gd32_foc_it.o
    0x0800039c   0x0800039c   0x00000004   Code   RO            8    .text.BusFault_Handler  gd32_foc_it.o
    0x080003a0   0x080003a0   0x00000008   Code   RO           26    .text.DMA0_Channel2_IRQHandler  gd32_foc_it.o
    0x080003a8   0x080003a8   0x00000004   Code   RO           14    .text.DebugMon_Handler  gd32_foc_it.o
    0x080003ac   0x080003ac   0x0000020c   Code   RO           24    .text.EXTI10_15_IRQHandler  gd32_foc_it.o
    0x080005b8   0x080005b8   0x00000004   Code   RO            4    .text.HardFault_Handler  gd32_foc_it.o
    0x080005bc   0x080005bc   0x00000004   Code   RO            6    .text.MemManage_Handler  gd32_foc_it.o
    0x080005c0   0x080005c0   0x0000003e   Code   RO            2    .text.NMI_Handler   gd32_foc_it.o
    0x080005fe   0x080005fe   0x00000002   PAD
    0x08000600   0x08000600   0x0000006c   Code   RO         1681    .text.NVIC_EncodePriority  gd32f50x_misc.o
    0x0800066c   0x0800066c   0x00000004   Code   RO           16    .text.PendSV_Handler  gd32_foc_it.o
    0x08000670   0x08000670   0x00000004   Code   RO           12    .text.SVC_Handler   gd32_foc_it.o
    0x08000674   0x08000674   0x00000052   Code   RO          303    .text.SysTick_Config  systick.o
    0x080006c6   0x080006c6   0x00000002   PAD
    0x080006c8   0x080006c8   0x00000030   Code   RO           18    .text.SysTick_Handler  gd32_foc_it.o
    0x080006f8   0x080006f8   0x000001b4   Code   RO          673    .text.SystemInit    system_gd32f50x.o
    0x080008ac   0x080008ac   0x00000018   Code   RO           20    .text.TIMER2_IRQHandler  gd32_foc_it.o
    0x080008c4   0x080008c4   0x0000003e   Code   RO          654    .text.UART4_IRQHandler  uart4_drv.o
    0x08000902   0x08000902   0x00000002   PAD
    0x08000904   0x08000904   0x00000004   Code   RO           10    .text.UsageFault_Handler  gd32_foc_it.o
    0x08000908   0x08000908   0x00000030   Code   RO         1685    .text.__NVIC_EnableIRQ  gd32f50x_misc.o
    0x08000938   0x08000938   0x00000010   Code   RO         1679    .text.__NVIC_GetPriorityGrouping  gd32f50x_misc.o
    0x08000948   0x08000948   0x00000042   Code   RO          305    .text.__NVIC_SetPriority  systick.o
    0x0800098a   0x0800098a   0x00000002   PAD
    0x0800098c   0x0800098c   0x00000042   Code   RO         1683    .text.__NVIC_SetPriority  gd32f50x_misc.o
    0x080009ce   0x080009ce   0x00000002   PAD
    0x080009d0   0x080009d0   0x00000028   Code   RO          675    .text._soft_delay_  system_gd32f50x.o
    0x080009f8   0x080009f8   0x0000008e   Code   RO          729    .text.adc_channel_length_config  gd32f50x_adc.o
    0x08000a86   0x08000a86   0x00000002   PAD
    0x08000a88   0x08000a88   0x00000022   Code   RO          727    .text.adc_data_alignment_config  gd32f50x_adc.o
    0x08000aaa   0x08000aaa   0x00000002   PAD
    0x08000aac   0x08000aac   0x00000074   Code   RO          707    .text.adc_deinit    gd32f50x_adc.o
    0x08000b20   0x08000b20   0x0000008c   Code   RO          717    .text.adc_discontinuous_mode_config  gd32f50x_adc.o
    0x08000bac   0x08000bac   0x0000003c   Code   RO          713    .text.adc_dma_mode_enable  gd32f50x_adc.o
    0x08000be8   0x08000be8   0x0000001e   Code   RO          709    .text.adc_enable    gd32f50x_adc.o
    0x08000c06   0x08000c06   0x00000002   PAD
    0x08000c08   0x08000c08   0x00000082   Code   RO          737    .text.adc_external_trigger_config  gd32f50x_adc.o
    0x08000c8a   0x08000c8a   0x00000002   PAD
    0x08000c8c   0x08000c8c   0x00000018   Code   RO          767    .text.adc_flag_clear  gd32f50x_adc.o
    0x08000ca4   0x08000ca4   0x00000028   Code   RO          765    .text.adc_flag_get  gd32f50x_adc.o
    0x08000ccc   0x08000ccc   0x000000fc   Code   RO          733    .text.adc_inserted_channel_config  gd32f50x_adc.o
    0x08000dc8   0x08000dc8   0x0000001c   Code   RO          771    .text.adc_interrupt_disable  gd32f50x_adc.o
    0x08000de4   0x08000de4   0x00000018   Code   RO          769    .text.adc_interrupt_enable  gd32f50x_adc.o
    0x08000dfc   0x08000dfc   0x00000018   Code   RO          775    .text.adc_interrupt_flag_clear  gd32f50x_adc.o
    0x08000e14   0x08000e14   0x0000004c   Code   RO          745    .text.adc_latch_data_read  gd32f50x_adc.o
    0x08000e60   0x08000e60   0x0000016c   Code   RO          731    .text.adc_routine_channel_config  gd32f50x_adc.o
    0x08000fcc   0x08000fcc   0x0000000e   Code   RO          741    .text.adc_routine_data_read  gd32f50x_adc.o
    0x08000fda   0x08000fda   0x00000002   PAD
    0x08000fdc   0x08000fdc   0x0000003a   Code   RO          739    .text.adc_software_trigger_enable  gd32f50x_adc.o
    0x08001016   0x08001016   0x00000002   PAD
    0x08001018   0x08001018   0x000000a8   Code   RO          719    .text.adc_special_function_config  gd32f50x_adc.o
    0x080010c0   0x080010c0   0x00000024   Code   RO          723    .text.adc_sync_mode_config  gd32f50x_adc.o
    0x080010e4   0x080010e4   0x000002c8   Code   RO          323    .text.angle_get     angle.o
    0x080013ac   0x080013ac   0x0000015e   Code   RO          321    .text.angle_init    angle.o
    0x0800150a   0x0800150a   0x00000002   PAD
    0x0800150c   0x0800150c   0x00000060   Code   RO          415    .text.angle_nomalize_float  foc_math.o
    0x0800156c   0x0800156c   0x000000ba   Code   RO          327    .text.angle_sensor_interrupt_handler  angle.o
    0x08001626   0x08001626   0x00000002   PAD
    0x08001628   0x08001628   0x00000016   Code   RO          319    .text.angle_set_elec_angle_from_uart4  angle.o
    0x0800163e   0x0800163e   0x00000002   PAD
    0x08001640   0x08001640   0x000004d4   Code   RO          427    .text.atan2_float   foc_math.o
    0x08001b14   0x08001b14   0x00000034   Code   RO          468    .text.break_ctrl    motor_ctrl_driver.o
    0x08001b48   0x08001b48   0x00000044   Code   RO          387    .text.clarke_amplitude  foc_math.o
    0x08001b8c   0x08001b8c   0x00000010   Code   RO           53    .text.comm_init     communication.o
    0x08001b9c   0x08001b9c   0x00000052   Code   RO           65    .text.comm_usart_interrupt_handler  communication.o
    0x08001bee   0x08001bee   0x00000002   PAD
    0x08001bf0   0x08001bf0   0x0000022c   Code   RO           61    .text.comm_usart_motor_state_data_transmit  communication.o
    0x08001e1c   0x08001e1c   0x00000418   Code   RO          442    .text.csvpwm        modulation.o
    0x08002234   0x08002234   0x000000e2   Code   RO          531    .text.current_2shunt_adc_config  pwm_current_2shunt.o
    0x08002316   0x08002316   0x00000002   PAD
    0x08002318   0x08002318   0x000000e2   Code   RO          556    .text.current_3shunt_adc_config  pwm_current_3shunt.o
    0x080023fa   0x080023fa   0x00000002   PAD
    0x080023fc   0x080023fc   0x00000350   Code   RO          539    .text.current_calibration  pwm_current_2shunt.o
    0x0800274c   0x0800274c   0x000003cc   Code   RO          564    .text.current_calibration  pwm_current_3shunt.o
    0x08002b18   0x08002b18   0x00000298   Code   RO          591    .text.current_calibration  pwm_current_1shunt.o
    0x08002db0   0x08002db0   0x000000d8   Code   RO          593    .text.current_sample_region1_handle  pwm_current_1shunt.o
    0x08002e88   0x08002e88   0x000000da   Code   RO          595    .text.current_sample_region2_handle  pwm_current_1shunt.o
    0x08002f62   0x08002f62   0x00000002   PAD
    0x08002f64   0x08002f64   0x000001d2   Code   RO          589    .text.current_sample_region_divide  pwm_current_1shunt.o
    0x08003136   0x08003136   0x00000002   PAD
    0x08003138   0x08003138   0x00000028   Code   RO         1144    .text.dbg_periph_enable  gd32f50x_dbg.o
    0x08003160   0x08003160   0x00000026   Code   RO          307    .text.delay_1ms     systick.o
    0x08003186   0x08003186   0x00000002   PAD
    0x08003188   0x08003188   0x00000020   Code   RO          309    .text.delay_decrement  systick.o
    0x080031a8   0x080031a8   0x00000022   Code   RO         1177    .text.dma_channel_disable  gd32f50x_dma.o
    0x080031ca   0x080031ca   0x00000002   PAD
    0x080031cc   0x080031cc   0x00000022   Code   RO         1175    .text.dma_channel_enable  gd32f50x_dma.o
    0x080031ee   0x080031ee   0x00000002   PAD
    0x080031f0   0x080031f0   0x00000022   Code   RO         1167    .text.dma_circulation_enable  gd32f50x_dma.o
    0x08003212   0x08003212   0x00000002   PAD
    0x08003214   0x08003214   0x00000078   Code   RO         1161    .text.dma_deinit    gd32f50x_dma.o
    0x0800328c   0x0800328c   0x00000022   Code   RO         1205    .text.dma_flag_clear  gd32f50x_dma.o
    0x080032ae   0x080032ae   0x00000002   PAD
    0x080032b0   0x080032b0   0x00000036   Code   RO         1203    .text.dma_flag_get  gd32f50x_dma.o
    0x080032e6   0x080032e6   0x00000002   PAD
    0x080032e8   0x080032e8   0x000001ea   Code   RO         1165    .text.dma_init      gd32f50x_dma.o
    0x080034d2   0x080034d2   0x00000002   PAD
    0x080034d4   0x080034d4   0x00000022   Code   RO         1209    .text.dma_interrupt_flag_clear  gd32f50x_dma.o
    0x080034f6   0x080034f6   0x00000002   PAD
    0x080034f8   0x080034f8   0x000000d0   Code   RO         1207    .text.dma_interrupt_flag_get  gd32f50x_dma.o
    0x080035c8   0x080035c8   0x00000022   Code   RO         1173    .text.dma_memory_to_memory_disable  gd32f50x_dma.o
    0x080035ea   0x080035ea   0x00000002   PAD
    0x080035ec   0x080035ec   0x0000004e   Code   RO         1163    .text.dma_struct_para_init  gd32f50x_dma.o
    0x0800363a   0x0800363a   0x00000002   PAD
    0x0800363c   0x0800363c   0x000003d8   Code   RO          444    .text.dsvpwm        modulation.o
    0x08003a14   0x08003a14   0x00000180   Code   RO          100    .text.ec11_handle   gd32_bldc_foc_eval.o
    0x08003b94   0x08003b94   0x0000003e   Code   RO           98    .text.ec_delay      gd32_bldc_foc_eval.o
    0x08003bd2   0x08003bd2   0x00000002   PAD
    0x08003bd4   0x08003bd4   0x000000a2   Code   RO           92    .text.ec_init       gd32_bldc_foc_eval.o
    0x08003c76   0x08003c76   0x00000002   PAD
    0x08003c78   0x08003c78   0x00000178   Code   RO          613    .text.encoder_sensor_angle_calc  angle_encoder.o
    0x08003df0   0x08003df0   0x0000000a   Code   RO          621    .text.encoder_sensor_angle_detect  angle_encoder.o
    0x08003dfa   0x08003dfa   0x00000002   PAD
    0x08003dfc   0x08003dfc   0x00000064   Code   RO          627    .text.encoder_sensor_detect_fmc_data_program  angle_encoder.o
    0x08003e60   0x08003e60   0x00000044   Code   RO          619    .text.encoder_sensor_detect_fmc_data_read  angle_encoder.o
    0x08003ea4   0x08003ea4   0x0000002c   Code   RO          625    .text.encoder_sensor_detect_fmc_erase_pages  angle_encoder.o
    0x08003ed0   0x08003ed0   0x00000024   Code   RO          615    .text.encoder_sensor_detect_var_init  angle_encoder.o
    0x08003ef4   0x08003ef4   0x00000084   Code   RO          623    .text.encoder_sensor_interrupt_handler  angle_encoder.o
    0x08003f78   0x08003f78   0x0000012c   Code   RO          609    .text.encoder_sensor_peripheral_init  angle_encoder.o
    0x080040a4   0x080040a4   0x00000020   Code   RO          611    .text.encoder_sensor_speed_calc  angle_encoder.o
    0x080040c4   0x080040c4   0x00000012   Code   RO          617    .text.encoder_sensor_var_init  angle_encoder.o
    0x080040d6   0x080040d6   0x00000002   PAD
    0x080040d8   0x080040d8   0x00000014   Code   RO           88    .text.eval_board_init  gd32_bldc_foc_eval.o
    0x080040ec   0x080040ec   0x0000010a   Code   RO         1307    .text.exti_init     gd32f50x_exti.o
    0x080041f6   0x080041f6   0x00000002   PAD
    0x080041f8   0x080041f8   0x00000014   Code   RO         1327    .text.exti_interrupt_flag_clear  gd32f50x_exti.o
    0x0800420c   0x0800420c   0x0000002e   Code   RO         1325    .text.exti_interrupt_flag_get  gd32f50x_exti.o
    0x0800423a   0x0800423a   0x00000002   PAD
    0x0800423c   0x0800423c   0x00000070   Code   RO         2509    .text.flux_observer_init  aflux_observer.lib(aflux_observer.o)
    0x080042ac   0x080042ac   0x0000032c   Code   RO         2511    .text.flux_observer_update  aflux_observer.lib(aflux_observer.o)
    0x080045d8   0x080045d8   0x00000012   Code   RO         1344    .text.fmc_bank0_lock  gd32f50x_fmc.o
    0x080045ea   0x080045ea   0x00000002   PAD
    0x080045ec   0x080045ec   0x0000005c   Code   RO         1350    .text.fmc_bank0_ready_wait  gd32f50x_fmc.o
    0x08004648   0x08004648   0x00000060   Code   RO         1430    .text.fmc_bank0_state_get  gd32f50x_fmc.o
    0x080046a8   0x080046a8   0x00000032   Code   RO         1338    .text.fmc_bank0_unlock  gd32f50x_fmc.o
    0x080046da   0x080046da   0x00000002   PAD
    0x080046dc   0x080046dc   0x0000005c   Code   RO         1352    .text.fmc_bank1_ready_wait  gd32f50x_fmc.o
    0x08004738   0x08004738   0x00000060   Code   RO         1432    .text.fmc_bank1_state_get  gd32f50x_fmc.o
    0x08004798   0x08004798   0x00000028   Code   RO         1420    .text.fmc_flag_clear  gd32f50x_fmc.o
    0x080047c0   0x080047c0   0x0000015a   Code   RO         1362    .text.fmc_halfword_program  gd32f50x_fmc.o
    0x0800491a   0x0800491a   0x00000002   PAD
    0x0800491c   0x0800491c   0x00000036   Code   RO         1342    .text.fmc_lock      gd32f50x_fmc.o
    0x08004952   0x08004952   0x00000002   PAD
    0x08004954   0x08004954   0x00000012   Code   RO         1370    .text.fmc_nwa_enable  gd32f50x_fmc.o
    0x08004966   0x08004966   0x00000002   PAD
    0x08004968   0x08004968   0x00000178   Code   RO         1348    .text.fmc_page_erase  gd32f50x_fmc.o
    0x08004ae0   0x08004ae0   0x00000076   Code   RO         1336    .text.fmc_unlock    gd32f50x_fmc.o
    0x08004b56   0x08004b56   0x00000002   PAD
    0x08004b58   0x08004b58   0x00000152   Code   RO         1360    .text.fmc_word_program  gd32f50x_fmc.o
    0x08004caa   0x08004caa   0x00000002   PAD
    0x08004cac   0x08004cac   0x000002e6   Code   RO          124    .text.fun_index1_0  gd32_bldc_foc_eval.o
    0x08004f92   0x08004f92   0x00000002   PAD
    0x08004f94   0x08004f94   0x00000150   Code   RO          126    .text.fun_index1_1  gd32_bldc_foc_eval.o
    0x080050e4   0x080050e4   0x0000009e   Code   RO          128    .text.fun_index2_2  gd32_bldc_foc_eval.o
    0x08005182   0x08005182   0x00000002   PAD
    0x08005184   0x08005184   0x0000009e   Code   RO          130    .text.fun_index2_3  gd32_bldc_foc_eval.o
    0x08005222   0x08005222   0x00000002   PAD
    0x08005224   0x08005224   0x0000009e   Code   RO          132    .text.fun_index2_4  gd32_bldc_foc_eval.o
    0x080052c2   0x080052c2   0x00000002   PAD
    0x080052c4   0x080052c4   0x00000082   Code   RO          134    .text.fun_index2_5  gd32_bldc_foc_eval.o
    0x08005346   0x08005346   0x00000002   PAD
    0x08005348   0x08005348   0x000000ae   Code   RO          142    .text.fun_index3_10  gd32_bldc_foc_eval.o
    0x080053f6   0x080053f6   0x00000002   PAD
    0x080053f8   0x080053f8   0x000000ae   Code   RO          144    .text.fun_index3_11  gd32_bldc_foc_eval.o
    0x080054a6   0x080054a6   0x00000002   PAD
    0x080054a8   0x080054a8   0x000000b2   Code   RO          146    .text.fun_index3_12  gd32_bldc_foc_eval.o
    0x0800555a   0x0800555a   0x00000002   PAD
    0x0800555c   0x0800555c   0x000000b2   Code   RO          148    .text.fun_index3_13  gd32_bldc_foc_eval.o
    0x0800560e   0x0800560e   0x00000002   PAD
    0x08005610   0x08005610   0x000000b2   Code   RO          150    .text.fun_index3_14  gd32_bldc_foc_eval.o
    0x080056c2   0x080056c2   0x00000002   PAD
    0x080056c4   0x080056c4   0x000000b2   Code   RO          152    .text.fun_index3_15  gd32_bldc_foc_eval.o
    0x08005776   0x08005776   0x00000002   PAD
    0x08005778   0x08005778   0x000000b2   Code   RO          154    .text.fun_index3_16  gd32_bldc_foc_eval.o
    0x0800582a   0x0800582a   0x00000002   PAD
    0x0800582c   0x0800582c   0x0000007c   Code   RO          156    .text.fun_index3_17  gd32_bldc_foc_eval.o
    0x080058a8   0x080058a8   0x0000007c   Code   RO          158    .text.fun_index3_18  gd32_bldc_foc_eval.o
    0x08005924   0x08005924   0x0000008e   Code   RO          160    .text.fun_index3_19  gd32_bldc_foc_eval.o
    0x080059b2   0x080059b2   0x00000002   PAD
    0x080059b4   0x080059b4   0x0000008e   Code   RO          162    .text.fun_index3_20  gd32_bldc_foc_eval.o
    0x08005a42   0x08005a42   0x00000002   PAD
    0x08005a44   0x08005a44   0x0000008e   Code   RO          164    .text.fun_index3_21  gd32_bldc_foc_eval.o
    0x08005ad2   0x08005ad2   0x00000002   PAD
    0x08005ad4   0x08005ad4   0x0000008e   Code   RO          166    .text.fun_index3_22  gd32_bldc_foc_eval.o
    0x08005b62   0x08005b62   0x00000002   PAD
    0x08005b64   0x08005b64   0x00000082   Code   RO          168    .text.fun_index3_23  gd32_bldc_foc_eval.o
    0x08005be6   0x08005be6   0x00000002   PAD
    0x08005be8   0x08005be8   0x00000082   Code   RO          170    .text.fun_index3_24  gd32_bldc_foc_eval.o
    0x08005c6a   0x08005c6a   0x00000002   PAD
    0x08005c6c   0x08005c6c   0x000000ae   Code   RO          136    .text.fun_index3_7  gd32_bldc_foc_eval.o
    0x08005d1a   0x08005d1a   0x00000002   PAD
    0x08005d1c   0x08005d1c   0x000000ae   Code   RO          138    .text.fun_index3_8  gd32_bldc_foc_eval.o
    0x08005dca   0x08005dca   0x00000002   PAD
    0x08005dcc   0x08005dcc   0x000000ae   Code   RO          140    .text.fun_index3_9  gd32_bldc_foc_eval.o
    0x08005e7a   0x08005e7a   0x00000002   PAD
    0x08005e7c   0x08005e7c   0x000000ce   Code   RO          172    .text.fun_index_hint  gd32_bldc_foc_eval.o
    0x08005f4a   0x08005f4a   0x00000002   PAD
    0x08005f4c   0x08005f4c   0x000000bc   Code   RO          122    .text.fun_index_start  gd32_bldc_foc_eval.o
    0x08006008   0x08006008   0x00000064   Code   RO          694    .text.fw_debug_report_err  gd32f50x_err_report.o
    0x0800606c   0x0800606c   0x0000000e   Code   RO          696    .text.fw_error_notification  gd32f50x_err_report.o
    0x0800607a   0x0800607a   0x00000002   PAD
    0x0800607c   0x0800607c   0x0000004c   Code   RO          370    .text.get_iab       pwm_current.o
    0x080060c8   0x080060c8   0x000000dc   Code   RO         1488    .text.gpio_af_set   gd32f50x_gpio.o
    0x080061a4   0x080061a4   0x00000012   Code   RO         1474    .text.gpio_bit_reset  gd32f50x_gpio.o
    0x080061b6   0x080061b6   0x00000002   PAD
    0x080061b8   0x080061b8   0x00000012   Code   RO         1472    .text.gpio_bit_set  gd32f50x_gpio.o
    0x080061ca   0x080061ca   0x00000002   PAD
    0x080061cc   0x080061cc   0x000000e4   Code   RO         1490    .text.gpio_exti_source_select  gd32f50x_gpio.o
    0x080062b0   0x080062b0   0x0000002a   Code   RO         1480    .text.gpio_input_bit_get  gd32f50x_gpio.o
    0x080062da   0x080062da   0x00000002   PAD
    0x080062dc   0x080062dc   0x000000a4   Code   RO         1468    .text.gpio_mode_set  gd32f50x_gpio.o
    0x08006380   0x08006380   0x000000a2   Code   RO         1470    .text.gpio_output_options_set  gd32f50x_gpio.o
    0x08006422   0x08006422   0x00000002   PAD
    0x08006424   0x08006424   0x00000130   Code   RO          497    .text.hall_angle_calc  angle_hall.o
    0x08006554   0x08006554   0x00000360   Code   RO          501    .text.hall_angle_detect  angle_hall.o
    0x080068b4   0x080068b4   0x0000014c   Code   RO          505    .text.hall_detect_fmc_data_program  angle_hall.o
    0x08006a00   0x08006a00   0x00000150   Code   RO          489    .text.hall_detect_fmc_data_read  angle_hall.o
    0x08006b50   0x08006b50   0x0000002c   Code   RO          503    .text.hall_detect_fmc_erase_pages  angle_hall.o
    0x08006b7c   0x08006b7c   0x0000008e   Code   RO          499    .text.hall_detect_var_init  angle_hall.o
    0x08006c0a   0x08006c0a   0x00000002   PAD
    0x08006c0c   0x08006c0c   0x000001b0   Code   RO          491    .text.hall_fix_macro_data_read  angle_hall.o
    0x08006dbc   0x08006dbc   0x00000064   Code   RO          483    .text.hall_gpio_config  angle_hall.o
    0x08006e20   0x08006e20   0x000000f0   Code   RO          487    .text.hall_normal_var_init  angle_hall.o
    0x08006f10   0x08006f10   0x00000010   Code   RO          479    .text.hall_peripheral_init  angle_hall.o
    0x08006f20   0x08006f20   0x00000038   Code   RO          481    .text.hall_rcu_config  angle_hall.o
    0x08006f58   0x08006f58   0x00000050   Code   RO          493    .text.hall_read_state  angle_hall.o
    0x08006fa8   0x08006fa8   0x00000100   Code   RO          511    .text.hall_rotor_location_update  angle_hall.o
    0x080070a8   0x080070a8   0x000001c0   Code   RO          507    .text.hall_sensor_interrupt_handler  angle_hall.o
    0x08007268   0x08007268   0x00000016   Code   RO          495    .text.hall_speed_calc  angle_hall.o
    0x0800727e   0x0800727e   0x00000002   PAD
    0x08007280   0x08007280   0x00000188   Code   RO          509    .text.hall_speed_update  angle_hall.o
    0x08007408   0x08007408   0x000000f6   Code   RO          485    .text.hall_timer_config  angle_hall.o
    0x080074fe   0x080074fe   0x00000002   PAD
    0x08007500   0x08007500   0x00000030   Code   RO         1584    .text.i2c_address_config  gd32f50x_i2c.o
    0x08007530   0x08007530   0x00000012   Code   RO         1572    .text.i2c_automatic_end_enable  gd32f50x_i2c.o
    0x08007542   0x08007542   0x00000002   PAD
    0x08007544   0x08007544   0x00000094   Code   RO          120    .text.i2c_bus_reset  gd32_bldc_foc_eval.o
    0x080075d8   0x080075d8   0x000000c4   Code   RO          194    .text.i2c_config    gd32_bldc_foc_eval.o
    0x0800769c   0x0800769c   0x00000014   Code   RO         1608    .text.i2c_data_transmit  gd32f50x_i2c.o
    0x080076b0   0x080076b0   0x00000012   Code   RO         1602    .text.i2c_enable    gd32f50x_i2c.o
    0x080076c2   0x080076c2   0x00000002   PAD
    0x080076c4   0x080076c4   0x0000001c   Code   RO         1658    .text.i2c_flag_clear  gd32f50x_i2c.o
    0x080076e0   0x080076e0   0x00000030   Code   RO         1656    .text.i2c_flag_get  gd32f50x_i2c.o
    0x08007710   0x08007710   0x0000004e   Code   RO          118    .text.i2c_gpio_reset  gd32_bldc_foc_eval.o
    0x0800775e   0x0800775e   0x00000002   PAD
    0x08007760   0x08007760   0x0000003e   Code   RO         1562    .text.i2c_master_addressing  gd32f50x_i2c.o
    0x0800779e   0x0800779e   0x00000002   PAD
    0x080077a0   0x080077a0   0x0000003e   Code   RO         1560    .text.i2c_master_clock_config  gd32f50x_i2c.o
    0x080077de   0x080077de   0x00000002   PAD
    0x080077e0   0x080077e0   0x00000012   Code   RO         1604    .text.i2c_start_on_bus  gd32f50x_i2c.o
    0x080077f2   0x080077f2   0x00000002   PAD
    0x080077f4   0x080077f4   0x0000005e   Code   RO         1552    .text.i2c_timing_config  gd32f50x_i2c.o
    0x08007852   0x08007852   0x00000002   PAD
    0x08007854   0x08007854   0x00000024   Code   RO         1616    .text.i2c_transfer_byte_number_config  gd32f50x_i2c.o
    0x08007878   0x08007878   0x000002e0   Code   RO         2495    .text.if_start_up   vf_if_startup.lib(vf_if_startup.o)
    0x08007b58   0x08007b58   0x00000116   Code   RO         2493    .text.if_start_up_init  vf_if_startup.lib(vf_if_startup.o)
    0x08007c6e   0x08007c6e   0x00000002   PAD
    0x08007c70   0x08007c70   0x000000c8   Code   RO         2497    .text.if_startup_phase_error_nomalize  vf_if_startup.lib(vf_if_startup.o)
    0x08007d38   0x08007d38   0x00000048   Code   RO           90    .text.key_init      gd32_bldc_foc_eval.o
    0x08007d80   0x08007d80   0x00000560   Code   RO          102    .text.key_process   gd32_bldc_foc_eval.o
    0x080082e0   0x080082e0   0x00000074   Code   RO          192    .text.key_read      gd32_bldc_foc_eval.o
    0x08008354   0x08008354   0x00000052   Code   RO          104    .text.key_read_debouncing  gd32_bldc_foc_eval.o
    0x080083a6   0x080083a6   0x00000002   PAD
    0x080083a8   0x080083a8   0x00000038   Code   RO           94    .text.led_init      gd32_bldc_foc_eval.o
    0x080083e0   0x080083e0   0x00000012   Code   RO          116    .text.led_off       gd32_bldc_foc_eval.o
    0x080083f2   0x080083f2   0x00000002   PAD
    0x080083f4   0x080083f4   0x00000012   Code   RO          114    .text.led_on        gd32_bldc_foc_eval.o
    0x08008406   0x08008406   0x00000002   PAD
    0x08008408   0x08008408   0x0000017a   Code   RO          112    .text.led_sacn_state  gd32_bldc_foc_eval.o
    0x08008582   0x08008582   0x00000002   PAD
    0x08008584   0x08008584   0x00000044   Code   RO           35    .text.main          main.o
    0x080085c8   0x080085c8   0x00000046   Code   RO          401    .text.map_float     foc_math.o
    0x0800860e   0x0800860e   0x00000002   PAD
    0x08008610   0x08008610   0x00000070   Code   RO          352    .text.mit_wrap_to_pi  motor_ctrl.o
    0x08008680   0x08008680   0x00000012   Code   RO          344    .text.motor_break   motor_ctrl.o
    0x08008692   0x08008692   0x00000002   PAD
    0x08008694   0x08008694   0x0000007e   Code   RO          348    .text.motor_idqref_calc  motor_ctrl.o
    0x08008712   0x08008712   0x00000002   PAD
    0x08008714   0x08008714   0x00000010   Code   RO          338    .text.motor_init    motor_ctrl.o
    0x08008724   0x08008724   0x000000ec   Code   RO          350    .text.motor_mit_iq_ref_update  motor_ctrl.o
    0x08008810   0x08008810   0x000000be   Code   RO          470    .text.motor_patial_brake  motor_ctrl_driver.o
    0x080088ce   0x080088ce   0x00000002   PAD
    0x080088d0   0x080088d0   0x0000004c   Code   RO          277    .text.motor_protect_adc_config  motor_protect.o
    0x0800891c   0x0800891c   0x00000064   Code   RO          281    .text.motor_protect_check  motor_protect.o
    0x08008980   0x08008980   0x0000006e   Code   RO          275    .text.motor_protect_dma_config  motor_protect.o
    0x080089ee   0x080089ee   0x00000002   PAD
    0x080089f0   0x080089f0   0x00000016   Code   RO          273    .text.motor_protect_gpio_config  motor_protect.o
    0x08008a06   0x08008a06   0x00000002   PAD
    0x08008a08   0x08008a08   0x0000027c   Code   RO          287    .text.motor_protect_motor_locked_check  motor_protect.o
    0x08008c84   0x08008c84   0x000000aa   Code   RO          285    .text.motor_protect_over_current_check  motor_protect.o
    0x08008d2e   0x08008d2e   0x00000002   PAD
    0x08008d30   0x08008d30   0x00000014   Code   RO          269    .text.motor_protect_peripheral_init  motor_protect.o
    0x08008d44   0x08008d44   0x000001bc   Code   RO          289    .text.motor_protect_phase_loss_check  motor_protect.o
    0x08008f00   0x08008f00   0x0000002a   Code   RO          271    .text.motor_protect_rcu_config  motor_protect.o
    0x08008f2a   0x08008f2a   0x00000002   PAD
    0x08008f2c   0x08008f2c   0x0000007a   Code   RO          279    .text.motor_protect_var_init  motor_protect.o
    0x08008fa6   0x08008fa6   0x00000002   PAD
    0x08008fa8   0x08008fa8   0x000000f4   Code   RO          283    .text.motor_protect_voltage_check  motor_protect.o
    0x0800909c   0x0800909c   0x0000027c   Code   RO           37    .text.motor_running_mode_process  main.o
    0x08009318   0x08009318   0x00000012   Code   RO          340    .text.motor_start   motor_ctrl.o
    0x0800932a   0x0800932a   0x00000002   PAD
    0x0800932c   0x0800932c   0x000001d6   Code   RO           39    .text.motor_state_machine  main.o
    0x08009502   0x08009502   0x00000002   PAD
    0x08009504   0x08009504   0x00000012   Code   RO          342    .text.motor_stop    motor_ctrl.o
    0x08009516   0x08009516   0x00000002   PAD
    0x08009518   0x08009518   0x00000068   Code   RO          346    .text.motor_udq_calc  motor_ctrl.o
    0x08009580   0x08009580   0x00000080   Code   RO          405    .text.moving_average_float  foc_math.o
    0x08009600   0x08009600   0x0000008a   Code   RO         1677    .text.nvic_irq_enable  gd32f50x_misc.o
    0x0800968a   0x0800968a   0x00000002   PAD
    0x0800968c   0x0800968c   0x0000001c   Code   RO         1675    .text.nvic_priority_group_set  gd32f50x_misc.o
    0x080096a8   0x080096a8   0x00000028   Code   RO         1695    .text.nvic_vector_table_set  gd32f50x_misc.o
    0x080096d0   0x080096d0   0x00000054   Code   RO          200    .text.oled_clear    gd32_bldc_foc_eval.o
    0x08009724   0x08009724   0x0000005e   Code   RO          108    .text.oled_clear_all  gd32_bldc_foc_eval.o
    0x08009782   0x08009782   0x00000002   PAD
    0x08009784   0x08009784   0x0000002a   Code   RO          196    .text.oled_display_reverse  gd32_bldc_foc_eval.o
    0x080097ae   0x080097ae   0x00000002   PAD
    0x080097b0   0x080097b0   0x00000094   Code   RO          184    .text.oled_draw_point  gd32_bldc_foc_eval.o
    0x08009844   0x08009844   0x0000003e   Code   RO          198    .text.oled_flip_horizontal  gd32_bldc_foc_eval.o
    0x08009882   0x08009882   0x00000002   PAD
    0x08009884   0x08009884   0x000000fc   Code   RO           96    .text.oled_init     gd32_bldc_foc_eval.o
    0x08009980   0x08009980   0x00000084   Code   RO          110    .text.oled_page_refresh  gd32_bldc_foc_eval.o
    0x08009a04   0x08009a04   0x0000002e   Code   RO          202    .text.oled_parameter_init  gd32_bldc_foc_eval.o
    0x08009a32   0x08009a32   0x00000002   PAD
    0x08009a34   0x08009a34   0x00000032   Code   RO          186    .text.oled_pow      gd32_bldc_foc_eval.o
    0x08009a66   0x08009a66   0x00000002   PAD
    0x08009a68   0x08009a68   0x000001ae   Code   RO          182    .text.oled_show_char  gd32_bldc_foc_eval.o
    0x08009c16   0x08009c16   0x00000002   PAD
    0x08009c18   0x08009c18   0x00000188   Code   RO          180    .text.oled_show_line  gd32_bldc_foc_eval.o
    0x08009da0   0x08009da0   0x000000f0   Code   RO          178    .text.oled_show_num  gd32_bldc_foc_eval.o
    0x08009e90   0x08009e90   0x0000013a   Code   RO          188    .text.oled_show_picture  gd32_bldc_foc_eval.o
    0x08009fca   0x08009fca   0x00000002   PAD
    0x08009fcc   0x08009fcc   0x000000ae   Code   RO          190    .text.oled_show_qr_code  gd32_bldc_foc_eval.o
    0x0800a07a   0x0800a07a   0x00000002   PAD
    0x0800a07c   0x0800a07c   0x00000082   Code   RO          176    .text.oled_show_string  gd32_bldc_foc_eval.o
    0x0800a0fe   0x0800a0fe   0x00000002   PAD
    0x0800a100   0x0800a100   0x000002be   Code   RO          174    .text.oled_write_byte  gd32_bldc_foc_eval.o
    0x0800a3be   0x0800a3be   0x00000002   PAD
    0x0800a3c0   0x0800a3c0   0x00000038   Code   RO          597    .text.oneshunt_parameter_check  pwm_current_1shunt.o
    0x0800a3f8   0x0800a3f8   0x000000f2   Code   RO          440    .text.over_modulation  modulation.o
    0x0800a4ea   0x0800a4ea   0x00000002   PAD
    0x0800a4ec   0x0800a4ec   0x0000005e   Code   RO          395    .text.park          foc_math.o
    0x0800a54a   0x0800a54a   0x00000002   PAD
    0x0800a54c   0x0800a54c   0x000000e2   Code   RO          385    .text.pid_incremental_regulation  foc_math.o
    0x0800a62e   0x0800a62e   0x00000002   PAD
    0x0800a630   0x0800a630   0x00000040   Code   RO          383    .text.pid_init      foc_math.o
    0x0800a670   0x0800a670   0x000001aa   Code   RO          529    .text.pwm_2shunt_timer_config  pwm_current_2shunt.o
    0x0800a81a   0x0800a81a   0x00000002   PAD
    0x0800a81c   0x0800a81c   0x0000004a   Code   RO          533    .text.pwm_2shunt_update_duty  pwm_current_2shunt.o
    0x0800a866   0x0800a866   0x00000002   PAD
    0x0800a868   0x0800a868   0x000001a8   Code   RO          554    .text.pwm_3shunt_timer_config  pwm_current_3shunt.o
    0x0800aa10   0x0800aa10   0x0000004a   Code   RO          558    .text.pwm_3shunt_update_duty  pwm_current_3shunt.o
    0x0800aa5a   0x0800aa5a   0x00000002   PAD
    0x0800aa5c   0x0800aa5c   0x000000b8   Code   RO          581    .text.pwm_current_1shunt_adc_config  pwm_current_1shunt.o
    0x0800ab14   0x0800ab14   0x00000214   Code   RO          585    .text.pwm_current_1shunt_get_current  pwm_current_1shunt.o
    0x0800ad28   0x0800ad28   0x0000012a   Code   RO          577    .text.pwm_current_1shunt_gpio_config  pwm_current_1shunt.o
    0x0800ae52   0x0800ae52   0x00000002   PAD
    0x0800ae54   0x0800ae54   0x00000020   Code   RO          573    .text.pwm_current_1shunt_peripheral_init  pwm_current_1shunt.o
    0x0800ae74   0x0800ae74   0x0000005e   Code   RO          575    .text.pwm_current_1shunt_rcu_config  pwm_current_1shunt.o
    0x0800aed2   0x0800aed2   0x00000002   PAD
    0x0800aed4   0x0800aed4   0x0000021c   Code   RO          587    .text.pwm_current_1shunt_sampling_point_config  pwm_current_1shunt.o
    0x0800b0f0   0x0800b0f0   0x000001a8   Code   RO          579    .text.pwm_current_1shunt_timer_config  pwm_current_1shunt.o
    0x0800b298   0x0800b298   0x000000d8   Code   RO          535    .text.pwm_current_2shunt_get_current  pwm_current_2shunt.o
    0x0800b370   0x0800b370   0x00000136   Code   RO          527    .text.pwm_current_2shunt_gpio_config  pwm_current_2shunt.o
    0x0800b4a6   0x0800b4a6   0x00000002   PAD
    0x0800b4a8   0x0800b4a8   0x0000001c   Code   RO          523    .text.pwm_current_2shunt_peripheral_init  pwm_current_2shunt.o
    0x0800b4c4   0x0800b4c4   0x0000006c   Code   RO          525    .text.pwm_current_2shunt_rcu_config  pwm_current_2shunt.o
    0x0800b530   0x0800b530   0x0000000a   Code   RO          537    .text.pwm_current_2shunt_sampling_point_config  pwm_current_2shunt.o
    0x0800b53a   0x0800b53a   0x00000002   PAD
    0x0800b53c   0x0800b53c   0x000001a8   Code   RO          560    .text.pwm_current_3shunt_get_current  pwm_current_3shunt.o
    0x0800b6e4   0x0800b6e4   0x00000144   Code   RO          552    .text.pwm_current_3shunt_gpio_config  pwm_current_3shunt.o
    0x0800b828   0x0800b828   0x0000001c   Code   RO          548    .text.pwm_current_3shunt_peripheral_init  pwm_current_3shunt.o
    0x0800b844   0x0800b844   0x00000072   Code   RO          550    .text.pwm_current_3shunt_rcu_config  pwm_current_3shunt.o
    0x0800b8b6   0x0800b8b6   0x00000002   PAD
    0x0800b8b8   0x0800b8b8   0x000000b2   Code   RO          562    .text.pwm_current_3shunt_sampling_point_config  pwm_current_3shunt.o
    0x0800b96a   0x0800b96a   0x00000002   PAD
    0x0800b96c   0x0800b96c   0x0000004c   Code   RO          366    .text.pwm_current_peripheral_init  pwm_current.o
    0x0800b9b8   0x0800b9b8   0x000000ce   Code   RO          368    .text.pwm_generation  pwm_current.o
    0x0800ba86   0x0800ba86   0x00000002   PAD
    0x0800ba88   0x0800ba88   0x00000050   Code   RO          656    .text.rb_push       uart4_drv.o
    0x0800bad8   0x0800bad8   0x000000c8   Code   RO         1821    .text.rcu_adc_clock_config  gd32f50x_rcu.o
    0x0800bba0   0x0800bba0   0x000002de   Code   RO         1879    .text.rcu_clock_freq_get  gd32f50x_rcu.o
    0x0800be7e   0x0800be7e   0x00000002   PAD
    0x0800be80   0x0800be80   0x00000028   Code   RO         1785    .text.rcu_periph_clock_enable  gd32f50x_rcu.o
    0x0800bea8   0x0800bea8   0x00000028   Code   RO         1795    .text.rcu_periph_reset_disable  gd32f50x_rcu.o
    0x0800bed0   0x0800bed0   0x00000028   Code   RO         1793    .text.rcu_periph_reset_enable  gd32f50x_rcu.o
    0x0800bef8   0x0800bef8   0x0000005e   Code   RO          397    .text.rev_park      foc_math.o
    0x0800bf56   0x0800bf56   0x00000002   PAD
    0x0800bf58   0x0800bf58   0x00000340   Code   RO          425    .text.sin_cos_float  foc_math.o
    0x0800c298   0x0800c298   0x000001b4   Code   RO         2479    .text.smo_atan_update  smo_observer.lib(smo_observer.o)
    0x0800c44c   0x0800c44c   0x00000232   Code   RO         2475    .text.smo_observer_update  smo_observer.lib(smo_observer.o)
    0x0800c67e   0x0800c67e   0x00000002   PAD
    0x0800c680   0x0800c680   0x00000130   Code   RO         2477    .text.smo_pll_update  smo_observer.lib(smo_observer.o)
    0x0800c7b0   0x0800c7b0   0x00000044   Code   RO          453    .text.soft_delay_1us  foc_soft_delay.o
    0x0800c7f4   0x0800c7f4   0x00000038   Code   RO          455    .text.soft_delay_ms  foc_soft_delay.o
    0x0800c82c   0x0800c82c   0x000000d4   Code   RO          325    .text.speed_get     angle.o
    0x0800c900   0x0800c900   0x000000a0   Code   RO          419    .text.sqrt_float    foc_math.o
    0x0800c9a0   0x0800c9a0   0x00000086   Code   RO          464    .text.start_ctrl    motor_ctrl_driver.o
    0x0800ca26   0x0800ca26   0x00000002   PAD
    0x0800ca28   0x0800ca28   0x000000c2   Code   RO          466    .text.stop_ctrl     motor_ctrl_driver.o
    0x0800caea   0x0800caea   0x00000002   PAD
    0x0800caec   0x0800caec   0x0000002e   Code   RO         2054    .text.syscfg_sram_ecc_flag_get  gd32f50x_syscfg.o
    0x0800cb1a   0x0800cb1a   0x00000002   PAD
    0x0800cb1c   0x0800cb1c   0x000001e6   Code   RO          683    .text.system_clock_252m_hxtal  system_gd32f50x.o
    0x0800cd02   0x0800cd02   0x00000002   PAD
    0x0800cd04   0x0800cd04   0x00000008   Code   RO          677    .text.system_clock_config  system_gd32f50x.o
    0x0800cd0c   0x0800cd0c   0x00000032   Code   RO          301    .text.systick_config  systick.o
    0x0800cd3e   0x0800cd3e   0x00000002   PAD
    0x0800cd40   0x0800cd40   0x00000114   Code   RO          583    .text.timer0_dma_config  pwm_current_1shunt.o
    0x0800ce54   0x0800ce54   0x00000012   Code   RO         2075    .text.timer_auto_reload_shadow_enable  gd32f50x_timer.o
    0x0800ce66   0x0800ce66   0x00000002   PAD
    0x0800ce68   0x0800ce68   0x000000a8   Code   RO         2121    .text.timer_break_config  gd32f50x_timer.o
    0x0800cf10   0x0800cf10   0x00000042   Code   RO         2119    .text.timer_break_struct_para_init  gd32f50x_timer.o
    0x0800cf52   0x0800cf52   0x00000002   PAD
    0x0800cf54   0x0800cf54   0x00000060   Code   RO         2169    .text.timer_channel_capture_value_register_read  gd32f50x_timer.o
    0x0800cfb4   0x0800cfb4   0x0000009e   Code   RO         2157    .text.timer_channel_complementary_output_state_config  gd32f50x_timer.o
    0x0800d052   0x0800d052   0x00000002   PAD
    0x0800d054   0x0800d054   0x000000c6   Code   RO         2167    .text.timer_channel_input_capture_prescaler_config  gd32f50x_timer.o
    0x0800d11a   0x0800d11a   0x00000002   PAD
    0x0800d11c   0x0800d11c   0x00000032   Code   RO         2163    .text.timer_channel_input_struct_para_init  gd32f50x_timer.o
    0x0800d14e   0x0800d14e   0x00000002   PAD
    0x0800d150   0x0800d150   0x0000072e   Code   RO         2139    .text.timer_channel_output_config  gd32f50x_timer.o
    0x0800d87e   0x0800d87e   0x00000002   PAD
    0x0800d880   0x0800d880   0x000000f8   Code   RO         2141    .text.timer_channel_output_mode_config  gd32f50x_timer.o
    0x0800d978   0x0800d978   0x0000005c   Code   RO         2143    .text.timer_channel_output_pulse_value_config  gd32f50x_timer.o
    0x0800d9d4   0x0800d9d4   0x000000c6   Code   RO         2145    .text.timer_channel_output_shadow_config  gd32f50x_timer.o
    0x0800da9a   0x0800da9a   0x00000002   PAD
    0x0800da9c   0x0800da9c   0x000000bc   Code   RO         2155    .text.timer_channel_output_state_config  gd32f50x_timer.o
    0x0800db58   0x0800db58   0x00000038   Code   RO         2137    .text.timer_channel_output_struct_para_init  gd32f50x_timer.o
    0x0800db90   0x0800db90   0x000000ac   Code   RO         2247    .text.timer_channel_primary_output_config  gd32f50x_timer.o
    0x0800dc3c   0x0800dc3c   0x0000015c   Code   RO         2065    .text.timer_deinit  gd32f50x_timer.o
    0x0800dd98   0x0800dd98   0x00000012   Code   RO         2073    .text.timer_disable  gd32f50x_timer.o
    0x0800ddaa   0x0800ddaa   0x00000002   PAD
    0x0800ddac   0x0800ddac   0x00000020   Code   RO         2109    .text.timer_dma_enable  gd32f50x_timer.o
    0x0800ddcc   0x0800ddcc   0x00000036   Code   RO         2115    .text.timer_dma_transfer_config  gd32f50x_timer.o
    0x0800de02   0x0800de02   0x00000002   PAD
    0x0800de04   0x0800de04   0x00000012   Code   RO         2071    .text.timer_enable  gd32f50x_timer.o
    0x0800de16   0x0800de16   0x00000002   PAD
    0x0800de18   0x0800de18   0x00000014   Code   RO         2117    .text.timer_event_software_generate  gd32f50x_timer.o
    0x0800de2c   0x0800de2c   0x00000034   Code   RO         2173    .text.timer_hall_mode_config  gd32f50x_timer.o
    0x0800de60   0x0800de60   0x00000166   Code   RO         2069    .text.timer_init    gd32f50x_timer.o
    0x0800dfc6   0x0800dfc6   0x00000002   PAD
    0x0800dfc8   0x0800dfc8   0x000002b4   Code   RO         2165    .text.timer_input_capture_config  gd32f50x_timer.o
    0x0800e27c   0x0800e27c   0x000001bc   Code   RO         2181    .text.timer_input_trigger_source_select  gd32f50x_timer.o
    0x0800e438   0x0800e438   0x00000022   Code   RO         2271    .text.timer_interrupt_disable  gd32f50x_timer.o
    0x0800e45a   0x0800e45a   0x00000002   PAD
    0x0800e45c   0x0800e45c   0x00000022   Code   RO         2269    .text.timer_interrupt_enable  gd32f50x_timer.o
    0x0800e47e   0x0800e47e   0x00000002   PAD
    0x0800e480   0x0800e480   0x00000020   Code   RO         2275    .text.timer_interrupt_flag_clear  gd32f50x_timer.o
    0x0800e4a0   0x0800e4a0   0x00000062   Code   RO         2273    .text.timer_interrupt_flag_get  gd32f50x_timer.o
    0x0800e502   0x0800e502   0x00000002   PAD
    0x0800e504   0x0800e504   0x00000034   Code   RO         2183    .text.timer_master_output_trigger_source_select  gd32f50x_timer.o
    0x0800e538   0x0800e538   0x00000034   Code   RO         2187    .text.timer_master_slave_mode_config  gd32f50x_timer.o
    0x0800e56c   0x0800e56c   0x0000002e   Code   RO         2131    .text.timer_primary_output_config  gd32f50x_timer.o
    0x0800e59a   0x0800e59a   0x00000002   PAD
    0x0800e59c   0x0800e59c   0x000000c6   Code   RO         2191    .text.timer_quadrature_decoder_mode_config  gd32f50x_timer.o
    0x0800e662   0x0800e662   0x00000002   PAD
    0x0800e664   0x0800e664   0x000001d0   Code   RO         2185    .text.timer_slave_mode_select  gd32f50x_timer.o
    0x0800e834   0x0800e834   0x0000003c   Code   RO         2067    .text.timer_struct_para_init  gd32f50x_timer.o
    0x0800e870   0x0800e870   0x00000012   Code   RO         2081    .text.timer_update_event_disable  gd32f50x_timer.o
    0x0800e882   0x0800e882   0x00000002   PAD
    0x0800e884   0x0800e884   0x00000012   Code   RO         2079    .text.timer_update_event_enable  gd32f50x_timer.o
    0x0800e896   0x0800e896   0x00000002   PAD
    0x0800e898   0x0800e898   0x0000005c   Code   RO         2286    .text.trigsel_init  gd32f50x_trigsel.o
    0x0800e8f4   0x0800e8f4   0x00000036   Code   RO         2288    .text.trigsel_register_lock_get  gd32f50x_trigsel.o
    0x0800e92a   0x0800e92a   0x00000002   PAD
    0x0800e92c   0x0800e92c   0x00000270   Code   RO          644    .text.uart4_encoder_rx_process  uart4_drv.o
    0x0800eb9c   0x0800eb9c   0x0000001e   Code   RO          650    .text.uart4_get_last_elec_angle_rad  uart4_drv.o
    0x0800ebba   0x0800ebba   0x00000002   PAD
    0x0800ebbc   0x0800ebbc   0x00000036   Code   RO          652    .text.uart4_get_last_output_state  uart4_drv.o
    0x0800ebf2   0x0800ebf2   0x00000002   PAD
    0x0800ebf4   0x0800ebf4   0x000000ce   Code   RO          638    .text.uart4_init    uart4_drv.o
    0x0800ecc2   0x0800ecc2   0x00000002   PAD
    0x0800ecc4   0x0800ecc4   0x00000018   Code   RO          642    .text.uart4_request_encoder_data  uart4_drv.o
    0x0800ecdc   0x0800ecdc   0x00000072   Code   RO          640    .text.uart4_send    uart4_drv.o
    0x0800ed4e   0x0800ed4e   0x00000002   PAD
    0x0800ed50   0x0800ed50   0x00000126   Code   RO         2330    .text.usart_baudrate_set  gd32f50x_usart.o
    0x0800ee76   0x0800ee76   0x00000002   PAD
    0x0800ee78   0x0800ee78   0x00000080   Code   RO           59    .text.usart_config  communication.o
    0x0800eef8   0x0800eef8   0x00000010   Code   RO         2362    .text.usart_data_receive  gd32f50x_usart.o
    0x0800ef08   0x0800ef08   0x00000014   Code   RO         2360    .text.usart_data_transmit  gd32f50x_usart.o
    0x0800ef1c   0x0800ef1c   0x000000b8   Code   RO         2328    .text.usart_deinit  gd32f50x_usart.o
    0x0800efd4   0x0800efd4   0x00000022   Code   RO         2422    .text.usart_dma_receive_config  gd32f50x_usart.o
    0x0800eff6   0x0800eff6   0x00000002   PAD
    0x0800eff8   0x0800eff8   0x00000022   Code   RO         2424    .text.usart_dma_transmit_config  gd32f50x_usart.o
    0x0800f01a   0x0800f01a   0x00000002   PAD
    0x0800f01c   0x0800f01c   0x00000012   Code   RO         2338    .text.usart_enable  gd32f50x_usart.o
    0x0800f02e   0x0800f02e   0x00000002   PAD
    0x0800f030   0x0800f030   0x0000004a   Code   RO         2428    .text.usart_flag_clear  gd32f50x_usart.o
    0x0800f07a   0x0800f07a   0x00000002   PAD
    0x0800f07c   0x0800f07c   0x00000040   Code   RO         2426    .text.usart_flag_get  gd32f50x_usart.o
    0x0800f0bc   0x0800f0bc   0x00000056   Code   RO           57    .text.usart_gpio_config  communication.o
    0x0800f112   0x0800f112   0x00000002   PAD
    0x0800f114   0x0800f114   0x00000022   Code   RO         2414    .text.usart_hardware_flow_cts_config  gd32f50x_usart.o
    0x0800f136   0x0800f136   0x00000002   PAD
    0x0800f138   0x0800f138   0x00000022   Code   RO         2412    .text.usart_hardware_flow_rts_config  gd32f50x_usart.o
    0x0800f15a   0x0800f15a   0x00000002   PAD
    0x0800f15c   0x0800f15c   0x00000024   Code   RO         2430    .text.usart_interrupt_enable  gd32f50x_usart.o
    0x0800f180   0x0800f180   0x00000062   Code   RO         2434    .text.usart_interrupt_flag_get  gd32f50x_usart.o
    0x0800f1e2   0x0800f1e2   0x00000002   PAD
    0x0800f1e4   0x0800f1e4   0x00000022   Code   RO         2332    .text.usart_parity_config  gd32f50x_usart.o
    0x0800f206   0x0800f206   0x00000002   PAD
    0x0800f208   0x0800f208   0x00000038   Code   RO           55    .text.usart_rcu_config  communication.o
    0x0800f240   0x0800f240   0x00000022   Code   RO         2344    .text.usart_receive_config  gd32f50x_usart.o
    0x0800f262   0x0800f262   0x00000002   PAD
    0x0800f264   0x0800f264   0x00000022   Code   RO         2336    .text.usart_stop_bit_set  gd32f50x_usart.o
    0x0800f286   0x0800f286   0x00000002   PAD
    0x0800f288   0x0800f288   0x00000022   Code   RO         2342    .text.usart_transmit_config  gd32f50x_usart.o
    0x0800f2aa   0x0800f2aa   0x00000002   PAD
    0x0800f2ac   0x0800f2ac   0x00000022   Code   RO         2334    .text.usart_word_length_set  gd32f50x_usart.o
    0x0800f2ce   0x0800f2ce   0x00000002   PAD
    0x0800f2d0   0x0800f2d0   0x000000ce   Code   RO         2491    .text.vf_start_up   vf_if_startup.lib(vf_if_startup.o)
    0x0800f39e   0x0800f39e   0x00000002   PAD
    0x0800f3a0   0x0800f3a0   0x000000e0   Code   RO         2489    .text.vf_start_up_init  vf_if_startup.lib(vf_if_startup.o)
    0x0800f480   0x0800f480   0x0000000e   Code   RO         2547    i.__scatterload_copy  mc_w.l(handlers.o)
    0x0800f48e   0x0800f48e   0x00000002   Code   RO         2548    i.__scatterload_null  mc_w.l(handlers.o)
    0x0800f490   0x0800f490   0x0000000e   Code   RO         2549    i.__scatterload_zeroinit  mc_w.l(handlers.o)
    0x0800f49e   0x0800f49e   0x00000271   Data   RO          226    .rodata.GDQR_logo   gd32_bldc_foc_eval.o
    0x0800f70f   0x0800f70f   0x00000228   Data   RO          204    .rodata.asc2_0806   gd32_bldc_foc_eval.o
    0x0800f937   0x0800f937   0x000005f0   Data   RO          206    .rodata.asc2_1608   gd32_bldc_foc_eval.o
    0x0800ff27   0x0800ff27   0x00000d5c   Data   RO          207    .rodata.asc2_2412   gd32_bldc_foc_eval.o
    0x08010c83   0x08010c83   0x00000001   PAD
    0x08010c84   0x08010c84   0x00000198   Data   RO          432    .rodata.atan_table  foc_math.o
    0x08010e1c   0x08010e1c   0x000002b0   Data   RO          225    .rodata.gImage_logo  gd32_bldc_foc_eval.o
    0x080110cc   0x080110cc   0x0000020c   Data   RO          431    .rodata.sin_table   foc_math.o
    0x080112d8   0x080112d8   0x000000c3   Data   RO          239    .rodata.str1.1      gd32_bldc_foc_eval.o
    0x0801139b   0x0801139b   0x00000001   PAD
    0x0801139c   0x0801139c   0x00000020   Data   RO         2546    Region$$Table       anon$$obj.o


    Execution Region RW_IRAM1 (Exec base: 0x20000000, Load base: 0x080113c0, Size: 0x00001a20, Max: 0x00010000, ABSOLUTE, COMPRESSED[0x000005f0])

    Exec Addr    Load Addr    Size         Type   Attr      Idx    E Section Name        Object

    0x20000000   COMPRESSED   0x00000004   Data   RW          685    .data.SystemCoreClock  system_gd32f50x.o
    0x20000004   COMPRESSED   0x00000070   Data   RW          259    .data.aflux         gdfoc_config.o
    0x20000074   COMPRESSED   0x00000044   Data   RW          252    .data.alpha_pll_pid  gdfoc_config.o
    0x200000b8   COMPRESSED   0x00000016   Data   RW          224    .data.arrow_11_11_left  gd32_bldc_foc_eval.o
    0x200000ce   COMPRESSED   0x00000016   Data   RW          223    .data.arrow_11_11_right  gd32_bldc_foc_eval.o
    0x200000e4   COMPRESSED   0x00000044   Data   RW          253    .data.beta_pll_pid  gdfoc_config.o
    0x20000128   COMPRESSED   0x00000102   Data   RW          220    .data.current_sampling_43_42  gd32_bldc_foc_eval.o
    0x2000022a   COMPRESSED   0x00000102   Data   RW          219    .data.direction_config_43_42  gd32_bldc_foc_eval.o
    0x2000032c   COMPRESSED   0x00000008   Data   RW          213    .data.direction_database  gd32_bldc_foc_eval.o
    0x20000334   COMPRESSED   0x00000001   Data   RW          229    .data.ec_orientation  gd32_bldc_foc_eval.o
    0x20000335   COMPRESSED   0x00000003   PAD
    0x20000338   COMPRESSED   0x00000034   Data   RW          261    .data.encoder       gdfoc_config.o
    0x2000036c   COMPRESSED   0x00000001   Data   RW          228    .data.end_edge      gd32_bldc_foc_eval.o
    0x2000036d   COMPRESSED   0x00000062   Data   RW          217    .data.fault_database  gd32_bldc_foc_eval.o
    0x200003cf   COMPRESSED   0x00000001   PAD
    0x200003d0   COMPRESSED   0x00000044   Data   RW          250    .data.flux_pid      gdfoc_config.o
    0x20000414   COMPRESSED   0x00000080   Data   RW          260    .data.hall          gdfoc_config.o
    0x20000494   COMPRESSED   0x00000064   Data   RW          256    .data.if_startup    gdfoc_config.o
    0x200004f8   COMPRESSED   0x00000044   Data   RW          255    .data.if_startup_pid  gdfoc_config.o
    0x2000053c   COMPRESSED   0x00000004   Data   RW          238    .data.led_sacn_state.j  gd32_bldc_foc_eval.o
    0x20000540   COMPRESSED   0x000000f0   Data   RW          231    .data.menu_table    gd32_bldc_foc_eval.o
    0x20000630   COMPRESSED   0x00000004   Data   RW          357    .data.mit_kd        motor_ctrl.o
    0x20000634   COMPRESSED   0x00000004   Data   RW          355    .data.mit_v_des     motor_ctrl.o
    0x20000638   COMPRESSED   0x000000be   Data   RW          212    .data.mode_database  gd32_bldc_foc_eval.o
    0x200006f6   COMPRESSED   0x00000102   Data   RW          218    .data.mode_select_43_42  gd32_bldc_foc_eval.o
    0x200007f8   COMPRESSED   0x00000021   Data   RW          214    .data.modulation_database  gd32_bldc_foc_eval.o
    0x20000819   COMPRESSED   0x00000102   Data   RW          221    .data.modulation_set_43_42  gd32_bldc_foc_eval.o
    0x2000091b   COMPRESSED   0x00000001   PAD
    0x2000091c   COMPRESSED   0x000000dc   Data   RW          257    .data.motor         gdfoc_config.o
    0x200009f8   COMPRESSED   0x000000a0   Data   RW          293    .data.motor_lock_voltage  motor_protect.o
    0x20000a98   COMPRESSED   0x00000001   Data   RW           44    .data.motor_running_mode_process.first_flag  main.o
    0x20000a99   COMPRESSED   0x00000001   Data   RW           43    .data.motor_running_mode_process.running_mode_pre  main.o
    0x20000a9a   COMPRESSED   0x00000400   Data   RW          240    .data.oled_buffer   gd32_bldc_foc_eval.o
    0x20000e9a   COMPRESSED   0x00000001   Data   RW          227    .data.pre_edge      gd32_bldc_foc_eval.o
    0x20000e9b   COMPRESSED   0x00000001   PAD
    0x20000e9c   COMPRESSED   0x00000048   Data   RW          263    .data.pwm_current   gdfoc_config.o
    0x20000ee4   COMPRESSED   0x0000002c   Data   RW          262    .data.rotor_angle   gdfoc_config.o
    0x20000f10   COMPRESSED   0x00000018   Data   RW          215    .data.sample_database  gd32_bldc_foc_eval.o
    0x20000f28   COMPRESSED   0x00000002   Data   RW          601    .data.sample_point  pwm_current_1shunt.o
    0x20000f2a   COMPRESSED   0x00000002   PAD
    0x20000f2c   COMPRESSED   0x00000200   Data   RW          258    .data.smo           gdfoc_config.o
    0x2000112c   COMPRESSED   0x00000044   Data   RW          251    .data.smo_pll_pid   gdfoc_config.o
    0x20001170   COMPRESSED   0x00000044   Data   RW          248    .data.speed_pid     gdfoc_config.o
    0x200011b4   COMPRESSED   0x0000001e   Data   RW          216    .data.state_database  gd32_bldc_foc_eval.o
    0x200011d2   COMPRESSED   0x00000002   PAD
    0x200011d4   COMPRESSED   0x00000044   Data   RW          249    .data.torque_pid    gdfoc_config.o
    0x20001218   COMPRESSED   0x00000044   Data   RW          254    .data.vf_startup    gdfoc_config.o
    0x2000125c   COMPRESSED   0x00000004   PAD
    0x20001260        -       0x00000004   Zero   RW          513    .bss.adc_interrupt_cnt  angle_hall.o
    0x20001264        -       0x00000002   Zero   RW          292    .bss.adc_regular_buffer  motor_protect.o
    0x20001266   COMPRESSED   0x00000002   PAD
    0x20001268        -       0x00000004   Zero   RW          329    .bss.angle_elec_from_uart4_rad  angle.o
    0x2000126c        -       0x00000001   Zero   RW          330    .bss.angle_sensor_interrupt_handler.encoder_detect_cnt  angle.o
    0x2000126d   COMPRESSED   0x00000001   PAD
    0x2000126e        -       0x00000002   Zero   RW           73    .bss.comm_usart_motor_state_data_transmit.time_count  communication.o
    0x20001270        -       0x00000004   Zero   RW          311    .bss.delay          systick.o
    0x20001274        -       0x00000002   Zero   RW          230    .bss.delay_ec       gd32_bldc_foc_eval.o
    0x20001276   COMPRESSED   0x00000002   PAD
    0x20001278        -       0x00000004   Zero   RW          234    .bss.display_menu   gd32_bldc_foc_eval.o
    0x2000127c        -       0x00000001   Zero   RW          698    .bss.err_report_buff_index  gd32f50x_err_report.o
    0x2000127d   COMPRESSED   0x00000001   PAD
    0x2000127e        -       0x0000000c   Zero   RW          699    .bss.err_report_buffer  gd32f50x_err_report.o
    0x2000128a        -       0x00000001   Zero   RW          232    .bss.func_index     gd32_bldc_foc_eval.o
    0x2000128b        -       0x00000001   Zero   RW          233    .bss.func_index_pre  gd32_bldc_foc_eval.o
    0x2000128c        -       0x00000044   Zero   RW          515    .bss.hall_detect    angle_hall.o
    0x200012d0        -       0x00000030   Zero   RW          514    .bss.hall_speed     angle_hall.o
    0x20001300        -       0x00000002   Zero   RW          237    .bss.led_sacn_state.dir  gd32_bldc_foc_eval.o
    0x20001302        -       0x00000002   Zero   RW          236    .bss.led_sacn_state.i  gd32_bldc_foc_eval.o
    0x20001304        -       0x00000002   Zero   RW          235    .bss.led_sacn_state.k  gd32_bldc_foc_eval.o
    0x20001306   COMPRESSED   0x00000002   PAD
    0x20001308        -       0x00000004   Zero   RW          356    .bss.mit_kp         motor_ctrl.o
    0x2000130c        -       0x00000004   Zero   RW          354    .bss.mit_p_des      motor_ctrl.o
    0x20001310        -       0x00000004   Zero   RW          358    .bss.mit_t_ff       motor_ctrl.o
    0x20001314        -       0x00000030   Zero   RW          291    .bss.motor_protect  motor_protect.o
    0x20001344        -       0x0000001e   Zero   RW          599    .bss.oneshunt_current  pwm_current_1shunt.o
    0x20001362        -       0x00000080   Zero   RW           78    .bss.receive_data   communication.o
    0x200013e2        -       0x00000100   Zero   RW          660    .bss.rx_buf         uart4_drv.o
    0x200014e2        -       0x00000002   Zero   RW          659    .bss.rx_head        uart4_drv.o
    0x200014e4        -       0x00000002   Zero   RW          658    .bss.rx_tail        uart4_drv.o
    0x200014e6        -       0x00000010   Zero   RW          600    .bss.timer_update_buffer  pwm_current_1shunt.o
    0x200014f6        -       0x00000080   Zero   RW           76    .bss.transmit_data  communication.o
    0x20001576        -       0x00000001   Zero   RW           75    .bss.transmit_dma_busy  communication.o
    0x20001577   COMPRESSED   0x00000001   PAD
    0x20001578        -       0x00000004   Zero   RW          661    .bss.uart4_last_elec_angle_rad  uart4_drv.o
    0x2000157c        -       0x00000004   Zero   RW          662    .bss.uart4_last_output_pos_rad  uart4_drv.o
    0x20001580        -       0x00000004   Zero   RW          665    .bss.uart4_last_output_speed_rad_s  uart4_drv.o
    0x20001584        -       0x00000001   Zero   RW          663    .bss.uart4_output_state_inited  uart4_drv.o
    0x20001585   COMPRESSED   0x00000003   PAD
    0x20001588        -       0x00000004   Zero   RW          664    .bss.uart4_prev_output_pos_rad  uart4_drv.o
    0x2000158c        -       0x00000084   Zero   RW           77    .bss.usart_receive  communication.o
    0x20001610        -       0x0000000c   Zero   RW           74    .bss.usart_transmit  communication.o
    0x2000161c   COMPRESSED   0x00000004   PAD
    0x20001620        -       0x00000400   Zero   RW         2465    STACK               startup_gd32f50x.o


==============================================================================

Image component sizes


      Code (inc. data)   RO Data    RW Data    ZI Data      Debug   Object Name

      1482         12          0          0          5      11536   angle.o
      1116         48          0          0          0      10515   angle_encoder.o
      4310        128          0          0        120      15270   angle_hall.o
       924          0          0          0        403       7407   communication.o
      3068         68        932          0          0      11047   foc_math.o
       124          0          0          0          0       1001   foc_soft_delay.o
     11370         34       7000       2730         14      19255   gd32_bldc_foc_eval.o
       966          0          0          0          0       3627   gd32_foc_it.o
      1760          4          0          0          0       8918   gd32f50x_adc.o
        40          0          0          0          0       2264   gd32f50x_dbg.o
      1154          0          0          0          0      12212   gd32f50x_dma.o
       114          0          0          0         13       1500   gd32f50x_err_report.o
       332          4          0          0          0       3224   gd32f50x_exti.o
      1734          0          0          0          0      10080   gd32f50x_fmc.o
       852          0          0          0          0       5152   gd32f50x_gpio.o
       452          0          0          0          0      10621   gd32f50x_i2c.o
       444          0          0          0          0       6779   gd32f50x_misc.o
      1054         22          0          0          0      15326   gd32f50x_rcu.o
        46          0          0          0          0       5029   gd32f50x_syscfg.o
      6688        154          0          0          0      27939   gd32f50x_timer.o
       146          0          0          0          0       6416   gd32f50x_trigsel.o
      1110          0          0          0          0      11851   gd32f50x_usart.o
         0          0          0       1784          0      10047   gdfoc_config.o
      1174          6          0          2          0       3957   main.o
      2274         60          0          0          0       7092   modulation.o
       648         20          0          8         12       5695   motor_ctrl.o
       570          0          0          0          0       1319   motor_ctrl_driver.o
      1986         32          0        160         50       5246   motor_protect.o
       358          0          0          0          0       5771   pwm_current.o
      4000         26          0          2         46      16776   pwm_current_1shunt.o
      2246         12          0          0          0      13575   pwm_current_2shunt.o
      2764         12          0          0          0      13866   pwm_current_3shunt.o
        76         12        384          0       1024       1112   startup_gd32f50x.o
       970          0          0          4          0       3854   system_gd32f50x.o
       268          0          0          0          4       4993   systick.o
      1194         24          0          0        277       8007   uart4_drv.o

    ----------------------------------------------------------------------
     58140        678       8350       4700       1988     308279   Object Totals
         0          0         32          0          0          0   (incl. Generated)
       326          0          2         10         20          0   (incl. Padding)

    ----------------------------------------------------------------------

      Code (inc. data)   RO Data    RW Data    ZI Data      Debug   Library Member Name

       924         40          0          0          0       6092   aflux_observer.o
        86          0          0          0          0          0   __dczerorl2.o
         0          0          0          0          0          0   entry.o
         0          0          0          0          0          0   entry10a.o
         0          0          0          0          0          0   entry11a.o
         8          4          0          0          0          0   entry2.o
         4          0          0          0          0          0   entry5.o
         0          0          0          0          0          0   entry7b.o
         0          0          0          0          0          0   entry8b.o
         8          4          0          0          0          0   entry9a.o
        30          0          0          0          0          0   handlers.o
        48         10          0          0          0         68   init.o
        36          0          0          0          0         68   memcpya.o
      1302         28          0          0          0       6696   smo_observer.o
      1644         24          0          0          0       8005   vf_if_startup.o

    ----------------------------------------------------------------------
      4098        110          0          0          0      20929   Library Totals
         8          0          0          0          0          0   (incl. Padding)

    ----------------------------------------------------------------------

      Code (inc. data)   RO Data    RW Data    ZI Data      Debug   Library Name

       924         40          0          0          0       6092   aflux_observer.lib
       220         18          0          0          0        136   mc_w.l
      1302         28          0          0          0       6696   smo_observer.lib
      1644         24          0          0          0       8005   vf_if_startup.lib

    ----------------------------------------------------------------------
      4098        110          0          0          0      20929   Library Totals

    ----------------------------------------------------------------------

==============================================================================


      Code (inc. data)   RO Data    RW Data    ZI Data      Debug   

     62238        788       8350       4700       1988     328800   Grand Totals
     62238        788       8350       1520       1988     328800   ELF Image Totals (compressed)
     62238        788       8350       1520          0          0   ROM Totals

==============================================================================

    Total RO  Size (Code + RO Data)                70588 (  68.93kB)
    Total RW  Size (RW Data + ZI Data)              6688 (   6.53kB)
    Total ROM Size (Code + RO Data + RW Data)      72108 (  70.42kB)

==============================================================================

