<!doctype html public "-//w3c//dtd html 4.0 transitional//en">
<html><head>
<title>Static Call Graph - [.\output\project.axf]</title></head>
<body><HR>
<H1>Static Call Graph for image .\output\project.axf</H1><HR>
<BR><P>#&#060CALLGRAPH&#062# ARM Linker, 6210000: Last Updated: Wed Feb 25 18:08:39 2026
<BR><P>
<H3>Maximum Stack Usage =        236 bytes + Unknown(Cycles, Untraceable Function Pointers)</H3><H3>
Call chain for Maximum Stack Depth:</H3>
main &rArr; uart4_init &rArr; usart_baudrate_set &rArr; rcu_clock_freq_get
<P>
<H3>
Mutually Recursive functions
</H3> <LI><a href="#[75]">ADC2_IRQHandler</a>&nbsp;&nbsp;&nbsp;&rArr;&nbsp;&nbsp;&nbsp;<a href="#[75]">ADC2_IRQHandler</a><BR>
</UL>
<P>
<H3>
Function Pointers
</H3><UL>
 <LI><a href="#[58]">ADC0_1_IRQHandler</a> from gd32_foc_it.o(.text.ADC0_1_IRQHandler) referenced from startup_gd32f50x.o(RESET)
 <LI><a href="#[75]">ADC2_IRQHandler</a> from startup_gd32f50x.o(.text) referenced from startup_gd32f50x.o(RESET)
 <LI><a href="#[40]">BusFault_Handler</a> from gd32_foc_it.o(.text.BusFault_Handler) referenced from startup_gd32f50x.o(RESET)
 <LI><a href="#[5c]">CAN0_EWMC_IRQHandler</a> from startup_gd32f50x.o(.text) referenced from startup_gd32f50x.o(RESET)
 <LI><a href="#[5a]">CAN0_RX0_IRQHandler</a> from startup_gd32f50x.o(.text) referenced from startup_gd32f50x.o(RESET)
 <LI><a href="#[5b]">CAN0_RX1_IRQHandler</a> from startup_gd32f50x.o(.text) referenced from startup_gd32f50x.o(RESET)
 <LI><a href="#[59]">CAN0_TX_IRQHandler</a> from startup_gd32f50x.o(.text) referenced from startup_gd32f50x.o(RESET)
 <LI><a href="#[87]">CAN1_EWMC_IRQHandler</a> from startup_gd32f50x.o(.text) referenced from startup_gd32f50x.o(RESET)
 <LI><a href="#[85]">CAN1_RX0_IRQHandler</a> from startup_gd32f50x.o(.text) referenced from startup_gd32f50x.o(RESET)
 <LI><a href="#[86]">CAN1_RX1_IRQHandler</a> from startup_gd32f50x.o(.text) referenced from startup_gd32f50x.o(RESET)
 <LI><a href="#[84]">CAN1_TX_IRQHandler</a> from startup_gd32f50x.o(.text) referenced from startup_gd32f50x.o(RESET)
 <LI><a href="#[8c]">CAU_IRQHandler</a> from startup_gd32f50x.o(.text) referenced from startup_gd32f50x.o(RESET)
 <LI><a href="#[8a]">CMP_IRQHandler</a> from startup_gd32f50x.o(.text) referenced from startup_gd32f50x.o(RESET)
 <LI><a href="#[77]">CMP_WAKEUP_IRQHandler</a> from startup_gd32f50x.o(.text) referenced from startup_gd32f50x.o(RESET)
 <LI><a href="#[82]">DAC_IRQHandler</a> from startup_gd32f50x.o(.text) referenced from startup_gd32f50x.o(RESET)
 <LI><a href="#[51]">DMA0_Channel0_IRQHandler</a> from startup_gd32f50x.o(.text) referenced from startup_gd32f50x.o(RESET)
 <LI><a href="#[52]">DMA0_Channel1_IRQHandler</a> from startup_gd32f50x.o(.text) referenced from startup_gd32f50x.o(RESET)
 <LI><a href="#[53]">DMA0_Channel2_IRQHandler</a> from gd32_foc_it.o(.text.DMA0_Channel2_IRQHandler) referenced from startup_gd32f50x.o(RESET)
 <LI><a href="#[54]">DMA0_Channel3_IRQHandler</a> from startup_gd32f50x.o(.text) referenced from startup_gd32f50x.o(RESET)
 <LI><a href="#[55]">DMA0_Channel4_IRQHandler</a> from startup_gd32f50x.o(.text) referenced from startup_gd32f50x.o(RESET)
 <LI><a href="#[56]">DMA0_Channel5_IRQHandler</a> from startup_gd32f50x.o(.text) referenced from startup_gd32f50x.o(RESET)
 <LI><a href="#[57]">DMA0_Channel6_IRQHandler</a> from startup_gd32f50x.o(.text) referenced from startup_gd32f50x.o(RESET)
 <LI><a href="#[7d]">DMA1_Channel0_IRQHandler</a> from startup_gd32f50x.o(.text) referenced from startup_gd32f50x.o(RESET)
 <LI><a href="#[7e]">DMA1_Channel1_IRQHandler</a> from startup_gd32f50x.o(.text) referenced from startup_gd32f50x.o(RESET)
 <LI><a href="#[7f]">DMA1_Channel2_IRQHandler</a> from startup_gd32f50x.o(.text) referenced from startup_gd32f50x.o(RESET)
 <LI><a href="#[80]">DMA1_Channel3_IRQHandler</a> from startup_gd32f50x.o(.text) referenced from startup_gd32f50x.o(RESET)
 <LI><a href="#[81]">DMA1_Channel4_IRQHandler</a> from startup_gd32f50x.o(.text) referenced from startup_gd32f50x.o(RESET)
 <LI><a href="#[8b]">DMAMUX_IRQHandler</a> from startup_gd32f50x.o(.text) referenced from startup_gd32f50x.o(RESET)
 <LI><a href="#[43]">DebugMon_Handler</a> from gd32_foc_it.o(.text.DebugMon_Handler) referenced from startup_gd32f50x.o(RESET)
 <LI><a href="#[4c]">EXTI0_IRQHandler</a> from startup_gd32f50x.o(.text) referenced from startup_gd32f50x.o(RESET)
 <LI><a href="#[6e]">EXTI10_15_IRQHandler</a> from gd32_foc_it.o(.text.EXTI10_15_IRQHandler) referenced from startup_gd32f50x.o(RESET)
 <LI><a href="#[4d]">EXTI1_IRQHandler</a> from startup_gd32f50x.o(.text) referenced from startup_gd32f50x.o(RESET)
 <LI><a href="#[4e]">EXTI2_IRQHandler</a> from startup_gd32f50x.o(.text) referenced from startup_gd32f50x.o(RESET)
 <LI><a href="#[4f]">EXTI3_IRQHandler</a> from startup_gd32f50x.o(.text) referenced from startup_gd32f50x.o(RESET)
 <LI><a href="#[50]">EXTI4_IRQHandler</a> from startup_gd32f50x.o(.text) referenced from startup_gd32f50x.o(RESET)
 <LI><a href="#[5d]">EXTI5_9_IRQHandler</a> from startup_gd32f50x.o(.text) referenced from startup_gd32f50x.o(RESET)
 <LI><a href="#[4a]">FMC_IRQHandler</a> from startup_gd32f50x.o(.text) referenced from startup_gd32f50x.o(RESET)
 <LI><a href="#[89]">FPU_IRQHandler</a> from startup_gd32f50x.o(.text) referenced from startup_gd32f50x.o(RESET)
 <LI><a href="#[8d]">HAU_IRQHandler</a> from startup_gd32f50x.o(.text) referenced from startup_gd32f50x.o(RESET)
 <LI><a href="#[3e]">HardFault_Handler</a> from gd32_foc_it.o(.text.HardFault_Handler) referenced from startup_gd32f50x.o(RESET)
 <LI><a href="#[66]">I2C0_ER_IRQHandler</a> from startup_gd32f50x.o(.text) referenced from startup_gd32f50x.o(RESET)
 <LI><a href="#[65]">I2C0_EV_IRQHandler</a> from startup_gd32f50x.o(.text) referenced from startup_gd32f50x.o(RESET)
 <LI><a href="#[68]">I2C1_ER_IRQHandler</a> from startup_gd32f50x.o(.text) referenced from startup_gd32f50x.o(RESET)
 <LI><a href="#[67]">I2C1_EV_IRQHandler</a> from startup_gd32f50x.o(.text) referenced from startup_gd32f50x.o(RESET)
 <LI><a href="#[47]">LVD_VAVD_IRQHandler</a> from startup_gd32f50x.o(.text) referenced from startup_gd32f50x.o(RESET)
 <LI><a href="#[3f]">MemManage_Handler</a> from gd32_foc_it.o(.text.MemManage_Handler) referenced from startup_gd32f50x.o(RESET)
 <LI><a href="#[3d]">NMI_Handler</a> from gd32_foc_it.o(.text.NMI_Handler) referenced from startup_gd32f50x.o(RESET)
 <LI><a href="#[44]">PendSV_Handler</a> from gd32_foc_it.o(.text.PendSV_Handler) referenced from startup_gd32f50x.o(RESET)
 <LI><a href="#[76]">RCU_CKFM_IRQHandler</a> from startup_gd32f50x.o(.text) referenced from startup_gd32f50x.o(RESET)
 <LI><a href="#[4b]">RCU_CTC_IRQHandler</a> from startup_gd32f50x.o(.text) referenced from startup_gd32f50x.o(RESET)
 <LI><a href="#[6f]">RTC_Alarm_IRQHandler</a> from startup_gd32f50x.o(.text) referenced from startup_gd32f50x.o(RESET)
 <LI><a href="#[49]">RTC_IRQHandler</a> from startup_gd32f50x.o(.text) referenced from startup_gd32f50x.o(RESET)
 <LI><a href="#[3c]">Reset_Handler</a> from startup_gd32f50x.o(.text) referenced from startup_gd32f50x.o(RESET)
 <LI><a href="#[69]">SPI0_IRQHandler</a> from startup_gd32f50x.o(.text) referenced from startup_gd32f50x.o(RESET)
 <LI><a href="#[6a]">SPI1_IRQHandler</a> from startup_gd32f50x.o(.text) referenced from startup_gd32f50x.o(RESET)
 <LI><a href="#[78]">SPI2_IRQHandler</a> from startup_gd32f50x.o(.text) referenced from startup_gd32f50x.o(RESET)
 <LI><a href="#[88]">SRAM_ECC_IRQHandler</a> from startup_gd32f50x.o(.text) referenced from startup_gd32f50x.o(RESET)
 <LI><a href="#[42]">SVC_Handler</a> from gd32_foc_it.o(.text.SVC_Handler) referenced from startup_gd32f50x.o(RESET)
 <LI><a href="#[45]">SysTick_Handler</a> from gd32_foc_it.o(.text.SysTick_Handler) referenced from startup_gd32f50x.o(RESET)
 <LI><a href="#[96]">SystemInit</a> from system_gd32f50x.o(.text.SystemInit) referenced from startup_gd32f50x.o(.text)
 <LI><a href="#[48]">TAMPER_IRQHandler</a> from startup_gd32f50x.o(.text) referenced from startup_gd32f50x.o(RESET)
 <LI><a href="#[93]">TIMER0_BRK_Channel_IRQHandler</a> from startup_gd32f50x.o(.text) referenced from startup_gd32f50x.o(RESET)
 <LI><a href="#[5e]">TIMER0_BRK_IRQHandler</a> from startup_gd32f50x.o(.text) referenced from startup_gd32f50x.o(RESET)
 <LI><a href="#[61]">TIMER0_Channel_IRQHandler</a> from startup_gd32f50x.o(.text) referenced from startup_gd32f50x.o(RESET)
 <LI><a href="#[60]">TIMER0_TRG_CMT_IRQHandler</a> from startup_gd32f50x.o(.text) referenced from startup_gd32f50x.o(RESET)
 <LI><a href="#[5f]">TIMER0_UP_IRQHandler</a> from startup_gd32f50x.o(.text) referenced from startup_gd32f50x.o(RESET)
 <LI><a href="#[91]">TIMER15_IRQHandler</a> from startup_gd32f50x.o(.text) referenced from startup_gd32f50x.o(RESET)
 <LI><a href="#[92]">TIMER16_IRQHandler</a> from startup_gd32f50x.o(.text) referenced from startup_gd32f50x.o(RESET)
 <LI><a href="#[62]">TIMER1_IRQHandler</a> from startup_gd32f50x.o(.text) referenced from startup_gd32f50x.o(RESET)
 <LI><a href="#[63]">TIMER2_IRQHandler</a> from gd32_foc_it.o(.text.TIMER2_IRQHandler) referenced from startup_gd32f50x.o(RESET)
 <LI><a href="#[64]">TIMER3_IRQHandler</a> from startup_gd32f50x.o(.text) referenced from startup_gd32f50x.o(RESET)
 <LI><a href="#[90]">TIMER4_IRQHandler</a> from startup_gd32f50x.o(.text) referenced from startup_gd32f50x.o(RESET)
 <LI><a href="#[7b]">TIMER5_IRQHandler</a> from startup_gd32f50x.o(.text) referenced from startup_gd32f50x.o(RESET)
 <LI><a href="#[7c]">TIMER6_IRQHandler</a> from startup_gd32f50x.o(.text) referenced from startup_gd32f50x.o(RESET)
 <LI><a href="#[94]">TIMER7_BRK_Channel_IRQHandler</a> from startup_gd32f50x.o(.text) referenced from startup_gd32f50x.o(RESET)
 <LI><a href="#[71]">TIMER7_BRK_IRQHandler</a> from startup_gd32f50x.o(.text) referenced from startup_gd32f50x.o(RESET)
 <LI><a href="#[74]">TIMER7_Channel_IRQHandler</a> from startup_gd32f50x.o(.text) referenced from startup_gd32f50x.o(RESET)
 <LI><a href="#[73]">TIMER7_TRG_CMT_IRQHandler</a> from startup_gd32f50x.o(.text) referenced from startup_gd32f50x.o(RESET)
 <LI><a href="#[72]">TIMER7_UP_IRQHandler</a> from startup_gd32f50x.o(.text) referenced from startup_gd32f50x.o(RESET)
 <LI><a href="#[8e]">TRNG_IRQHandler</a> from startup_gd32f50x.o(.text) referenced from startup_gd32f50x.o(RESET)
 <LI><a href="#[79]">UART3_IRQHandler</a> from startup_gd32f50x.o(.text) referenced from startup_gd32f50x.o(RESET)
 <LI><a href="#[7a]">UART4_IRQHandler</a> from uart4_drv.o(.text.UART4_IRQHandler) referenced from startup_gd32f50x.o(RESET)
 <LI><a href="#[6b]">USART0_IRQHandler</a> from startup_gd32f50x.o(.text) referenced from startup_gd32f50x.o(RESET)
 <LI><a href="#[6c]">USART1_IRQHandler</a> from startup_gd32f50x.o(.text) referenced from startup_gd32f50x.o(RESET)
 <LI><a href="#[6d]">USART2_IRQHandler</a> from startup_gd32f50x.o(.text) referenced from startup_gd32f50x.o(RESET)
 <LI><a href="#[8f]">USBFS_IRQHandler</a> from startup_gd32f50x.o(.text) referenced from startup_gd32f50x.o(RESET)
 <LI><a href="#[70]">USBFS_WKUP_IRQHandler</a> from startup_gd32f50x.o(.text) referenced from startup_gd32f50x.o(RESET)
 <LI><a href="#[41]">UsageFault_Handler</a> from gd32_foc_it.o(.text.UsageFault_Handler) referenced from startup_gd32f50x.o(RESET)
 <LI><a href="#[83]">VUVD_VOVD_IRQHandler</a> from startup_gd32f50x.o(.text) referenced from startup_gd32f50x.o(RESET)
 <LI><a href="#[46]">WWDGT_IRQHandler</a> from startup_gd32f50x.o(.text) referenced from startup_gd32f50x.o(RESET)
 <LI><a href="#[97]">__main</a> from entry.o(.ARM.Collect$$$$00000000) referenced from startup_gd32f50x.o(.text)
 <LI><a href="#[2d]">break_ctrl</a> from motor_ctrl_driver.o(.text.break_ctrl) referenced 2 times from gdfoc_config.o(.data.motor)
 <LI><a href="#[3]">encoder_sensor_angle_calc</a> from angle_encoder.o(.text.encoder_sensor_angle_calc) referenced 2 times from gdfoc_config.o(.data.encoder)
 <LI><a href="#[6]">encoder_sensor_angle_detect</a> from angle_encoder.o(.text.encoder_sensor_angle_detect) referenced 2 times from gdfoc_config.o(.data.encoder)
 <LI><a href="#[4]">encoder_sensor_detect_var_init</a> from angle_encoder.o(.text.encoder_sensor_detect_var_init) referenced 2 times from gdfoc_config.o(.data.encoder)
 <LI><a href="#[7]">encoder_sensor_interrupt_handler</a> from angle_encoder.o(.text.encoder_sensor_interrupt_handler) referenced 2 times from gdfoc_config.o(.data.encoder)
 <LI><a href="#[1]">encoder_sensor_peripheral_init</a> from angle_encoder.o(.text.encoder_sensor_peripheral_init) referenced 2 times from gdfoc_config.o(.data.encoder)
 <LI><a href="#[2]">encoder_sensor_speed_calc</a> from angle_encoder.o(.text.encoder_sensor_speed_calc) referenced 2 times from gdfoc_config.o(.data.encoder)
 <LI><a href="#[5]">encoder_sensor_var_init</a> from angle_encoder.o(.text.encoder_sensor_var_init) referenced 2 times from gdfoc_config.o(.data.encoder)
 <LI><a href="#[0]">flux_observer_update</a> from aflux_observer.o(.text.flux_observer_update) referenced 2 times from gdfoc_config.o(.data.aflux)
 <LI><a href="#[98]">fputc</a> from main.o(.text.fputc) referenced from printfa.o(i.__0printf)
 <LI><a href="#[12]">fun_index1_0</a> from gd32_bldc_foc_eval.o(.text.fun_index1_0) referenced 2 times from gd32_bldc_foc_eval.o(.data.menu_table)
 <LI><a href="#[13]">fun_index1_1</a> from gd32_bldc_foc_eval.o(.text.fun_index1_1) referenced 2 times from gd32_bldc_foc_eval.o(.data.menu_table)
 <LI><a href="#[14]">fun_index2_2</a> from gd32_bldc_foc_eval.o(.text.fun_index2_2) referenced 2 times from gd32_bldc_foc_eval.o(.data.menu_table)
 <LI><a href="#[15]">fun_index2_3</a> from gd32_bldc_foc_eval.o(.text.fun_index2_3) referenced 2 times from gd32_bldc_foc_eval.o(.data.menu_table)
 <LI><a href="#[16]">fun_index2_4</a> from gd32_bldc_foc_eval.o(.text.fun_index2_4) referenced 2 times from gd32_bldc_foc_eval.o(.data.menu_table)
 <LI><a href="#[17]">fun_index2_5</a> from gd32_bldc_foc_eval.o(.text.fun_index2_5) referenced 2 times from gd32_bldc_foc_eval.o(.data.menu_table)
 <LI><a href="#[1b]">fun_index3_10</a> from gd32_bldc_foc_eval.o(.text.fun_index3_10) referenced 2 times from gd32_bldc_foc_eval.o(.data.menu_table)
 <LI><a href="#[1c]">fun_index3_11</a> from gd32_bldc_foc_eval.o(.text.fun_index3_11) referenced 2 times from gd32_bldc_foc_eval.o(.data.menu_table)
 <LI><a href="#[1d]">fun_index3_12</a> from gd32_bldc_foc_eval.o(.text.fun_index3_12) referenced 2 times from gd32_bldc_foc_eval.o(.data.menu_table)
 <LI><a href="#[1e]">fun_index3_13</a> from gd32_bldc_foc_eval.o(.text.fun_index3_13) referenced 2 times from gd32_bldc_foc_eval.o(.data.menu_table)
 <LI><a href="#[1f]">fun_index3_14</a> from gd32_bldc_foc_eval.o(.text.fun_index3_14) referenced 2 times from gd32_bldc_foc_eval.o(.data.menu_table)
 <LI><a href="#[20]">fun_index3_15</a> from gd32_bldc_foc_eval.o(.text.fun_index3_15) referenced 2 times from gd32_bldc_foc_eval.o(.data.menu_table)
 <LI><a href="#[21]">fun_index3_16</a> from gd32_bldc_foc_eval.o(.text.fun_index3_16) referenced 2 times from gd32_bldc_foc_eval.o(.data.menu_table)
 <LI><a href="#[22]">fun_index3_17</a> from gd32_bldc_foc_eval.o(.text.fun_index3_17) referenced 2 times from gd32_bldc_foc_eval.o(.data.menu_table)
 <LI><a href="#[23]">fun_index3_18</a> from gd32_bldc_foc_eval.o(.text.fun_index3_18) referenced 2 times from gd32_bldc_foc_eval.o(.data.menu_table)
 <LI><a href="#[24]">fun_index3_19</a> from gd32_bldc_foc_eval.o(.text.fun_index3_19) referenced 2 times from gd32_bldc_foc_eval.o(.data.menu_table)
 <LI><a href="#[25]">fun_index3_20</a> from gd32_bldc_foc_eval.o(.text.fun_index3_20) referenced 2 times from gd32_bldc_foc_eval.o(.data.menu_table)
 <LI><a href="#[26]">fun_index3_21</a> from gd32_bldc_foc_eval.o(.text.fun_index3_21) referenced 2 times from gd32_bldc_foc_eval.o(.data.menu_table)
 <LI><a href="#[27]">fun_index3_22</a> from gd32_bldc_foc_eval.o(.text.fun_index3_22) referenced 2 times from gd32_bldc_foc_eval.o(.data.menu_table)
 <LI><a href="#[28]">fun_index3_23</a> from gd32_bldc_foc_eval.o(.text.fun_index3_23) referenced 2 times from gd32_bldc_foc_eval.o(.data.menu_table)
 <LI><a href="#[29]">fun_index3_24</a> from gd32_bldc_foc_eval.o(.text.fun_index3_24) referenced 2 times from gd32_bldc_foc_eval.o(.data.menu_table)
 <LI><a href="#[18]">fun_index3_7</a> from gd32_bldc_foc_eval.o(.text.fun_index3_7) referenced 2 times from gd32_bldc_foc_eval.o(.data.menu_table)
 <LI><a href="#[19]">fun_index3_8</a> from gd32_bldc_foc_eval.o(.text.fun_index3_8) referenced 2 times from gd32_bldc_foc_eval.o(.data.menu_table)
 <LI><a href="#[1a]">fun_index3_9</a> from gd32_bldc_foc_eval.o(.text.fun_index3_9) referenced 2 times from gd32_bldc_foc_eval.o(.data.menu_table)
 <LI><a href="#[2a]">fun_index_hint</a> from gd32_bldc_foc_eval.o(.text.fun_index_hint) referenced 2 times from gd32_bldc_foc_eval.o(.data.menu_table)
 <LI><a href="#[11]">fun_index_start</a> from gd32_bldc_foc_eval.o(.text.fun_index_start) referenced 2 times from gd32_bldc_foc_eval.o(.data.menu_table)
 <LI><a href="#[b]">hall_angle_calc</a> from angle_hall.o(.text.hall_angle_calc) referenced 2 times from gdfoc_config.o(.data.hall)
 <LI><a href="#[d]">hall_angle_detect</a> from angle_hall.o(.text.hall_angle_detect) referenced 2 times from gdfoc_config.o(.data.hall)
 <LI><a href="#[c]">hall_detect_var_init</a> from angle_hall.o(.text.hall_detect_var_init) referenced 2 times from gdfoc_config.o(.data.hall)
 <LI><a href="#[9]">hall_normal_var_init</a> from angle_hall.o(.text.hall_normal_var_init) referenced 2 times from gdfoc_config.o(.data.hall)
 <LI><a href="#[8]">hall_peripheral_init</a> from angle_hall.o(.text.hall_peripheral_init) referenced 2 times from gdfoc_config.o(.data.hall)
 <LI><a href="#[e]">hall_sensor_interrupt_handler</a> from angle_hall.o(.text.hall_sensor_interrupt_handler) referenced 2 times from gdfoc_config.o(.data.hall)
 <LI><a href="#[a]">hall_speed_calc</a> from angle_hall.o(.text.hall_speed_calc) referenced 2 times from gdfoc_config.o(.data.hall)
 <LI><a href="#[10]">if_start_up</a> from vf_if_startup.o(.text.if_start_up) referenced 2 times from gdfoc_config.o(.data.if_startup)
 <LI><a href="#[f]">if_start_up_init</a> from vf_if_startup.o(.text.if_start_up_init) referenced 2 times from gdfoc_config.o(.data.if_startup)
 <LI><a href="#[95]">main</a> from main.o(.text.main) referenced from entry9a.o(.ARM.Collect$$$$0000000B)
 <LI><a href="#[37]">pwm_2shunt_update_duty</a> from pwm_current_2shunt.o(.text.pwm_2shunt_update_duty) referenced 2 times from gdfoc_config.o(.data.pwm_current)
 <LI><a href="#[38]">pwm_3shunt_update_duty</a> from pwm_current_3shunt.o(.text.pwm_3shunt_update_duty) referenced 2 times from gdfoc_config.o(.data.pwm_current)
 <LI><a href="#[33]">pwm_current_1shunt_get_current</a> from pwm_current_1shunt.o(.text.pwm_current_1shunt_get_current) referenced 2 times from gdfoc_config.o(.data.pwm_current)
 <LI><a href="#[30]">pwm_current_1shunt_peripheral_init</a> from pwm_current_1shunt.o(.text.pwm_current_1shunt_peripheral_init) referenced 2 times from gdfoc_config.o(.data.pwm_current)
 <LI><a href="#[36]">pwm_current_1shunt_sampling_point_config</a> from pwm_current_1shunt.o(.text.pwm_current_1shunt_sampling_point_config) referenced 2 times from gdfoc_config.o(.data.pwm_current)
 <LI><a href="#[32]">pwm_current_2shunt_get_current</a> from pwm_current_2shunt.o(.text.pwm_current_2shunt_get_current) referenced 2 times from gdfoc_config.o(.data.pwm_current)
 <LI><a href="#[2f]">pwm_current_2shunt_peripheral_init</a> from pwm_current_2shunt.o(.text.pwm_current_2shunt_peripheral_init) referenced 2 times from gdfoc_config.o(.data.pwm_current)
 <LI><a href="#[35]">pwm_current_2shunt_sampling_point_config</a> from pwm_current_2shunt.o(.text.pwm_current_2shunt_sampling_point_config) referenced 2 times from gdfoc_config.o(.data.pwm_current)
 <LI><a href="#[31]">pwm_current_3shunt_get_current</a> from pwm_current_3shunt.o(.text.pwm_current_3shunt_get_current) referenced 2 times from gdfoc_config.o(.data.pwm_current)
 <LI><a href="#[2e]">pwm_current_3shunt_peripheral_init</a> from pwm_current_3shunt.o(.text.pwm_current_3shunt_peripheral_init) referenced 2 times from gdfoc_config.o(.data.pwm_current)
 <LI><a href="#[34]">pwm_current_3shunt_sampling_point_config</a> from pwm_current_3shunt.o(.text.pwm_current_3shunt_sampling_point_config) referenced 2 times from gdfoc_config.o(.data.pwm_current)
 <LI><a href="#[39]">smo_observer_update</a> from smo_observer.o(.text.smo_observer_update) referenced 2 times from gdfoc_config.o(.data.smo)
 <LI><a href="#[2b]">start_ctrl</a> from motor_ctrl_driver.o(.text.start_ctrl) referenced 2 times from gdfoc_config.o(.data.motor)
 <LI><a href="#[2c]">stop_ctrl</a> from motor_ctrl_driver.o(.text.stop_ctrl) referenced 2 times from gdfoc_config.o(.data.motor)
 <LI><a href="#[3b]">vf_start_up</a> from vf_if_startup.o(.text.vf_start_up) referenced 2 times from gdfoc_config.o(.data.vf_startup)
 <LI><a href="#[3a]">vf_start_up_init</a> from vf_if_startup.o(.text.vf_start_up_init) referenced 2 times from gdfoc_config.o(.data.vf_startup)
</UL>
<P>
<H3>
Global Symbols
</H3>
<P><STRONG><a name="[97]"></a>__main</STRONG> (Thumb, 0 bytes, Stack size unknown bytes, entry.o(.ARM.Collect$$$$00000000))
<BR>[Address Reference Count : 1]<UL><LI> startup_gd32f50x.o(.text)
</UL>
<P><STRONG><a name="[1be]"></a>_main_stk</STRONG> (Thumb, 0 bytes, Stack size unknown bytes, entry2.o(.ARM.Collect$$$$00000001))

<P><STRONG><a name="[99]"></a>_main_scatterload</STRONG> (Thumb, 0 bytes, Stack size unknown bytes, entry5.o(.ARM.Collect$$$$00000004))
<BR><BR>[Calls]<UL><LI><a href="#[9a]">&gt;&gt;</a>&nbsp;&nbsp;&nbsp;__scatterload
</UL>

<P><STRONG><a name="[a7]"></a>__main_after_scatterload</STRONG> (Thumb, 0 bytes, Stack size unknown bytes, entry5.o(.ARM.Collect$$$$00000004))
<BR><BR>[Called By]<UL><LI><a href="#[9a]">&gt;&gt;</a>&nbsp;&nbsp;&nbsp;__scatterload
</UL>

<P><STRONG><a name="[1bf]"></a>_main_clock</STRONG> (Thumb, 0 bytes, Stack size unknown bytes, entry7b.o(.ARM.Collect$$$$00000008))

<P><STRONG><a name="[1c0]"></a>_main_cpp_init</STRONG> (Thumb, 0 bytes, Stack size unknown bytes, entry8b.o(.ARM.Collect$$$$0000000A))

<P><STRONG><a name="[1c1]"></a>_main_init</STRONG> (Thumb, 0 bytes, Stack size unknown bytes, entry9a.o(.ARM.Collect$$$$0000000B))

<P><STRONG><a name="[1c2]"></a>__rt_final_cpp</STRONG> (Thumb, 0 bytes, Stack size unknown bytes, entry10a.o(.ARM.Collect$$$$0000000D))

<P><STRONG><a name="[1c3]"></a>__rt_final_exit</STRONG> (Thumb, 0 bytes, Stack size unknown bytes, entry11a.o(.ARM.Collect$$$$0000000F))

<P><STRONG><a name="[3c]"></a>Reset_Handler</STRONG> (Thumb, 44 bytes, Stack size 0 bytes, startup_gd32f50x.o(.text))
<BR>[Address Reference Count : 1]<UL><LI> startup_gd32f50x.o(RESET)
</UL>
<P><STRONG><a name="[75]"></a>ADC2_IRQHandler</STRONG> (Thumb, 0 bytes, Stack size 0 bytes, startup_gd32f50x.o(.text))
<BR><BR>[Calls]<UL><LI><a href="#[75]">&gt;&gt;</a>&nbsp;&nbsp;&nbsp;ADC2_IRQHandler
</UL>
<BR>[Called By]<UL><LI><a href="#[75]">&gt;&gt;</a>&nbsp;&nbsp;&nbsp;ADC2_IRQHandler
</UL>
<BR>[Address Reference Count : 1]<UL><LI> startup_gd32f50x.o(RESET)
</UL>
<P><STRONG><a name="[5c]"></a>CAN0_EWMC_IRQHandler</STRONG> (Thumb, 0 bytes, Stack size 0 bytes, startup_gd32f50x.o(.text))
<BR>[Address Reference Count : 1]<UL><LI> startup_gd32f50x.o(RESET)
</UL>
<P><STRONG><a name="[5a]"></a>CAN0_RX0_IRQHandler</STRONG> (Thumb, 0 bytes, Stack size 0 bytes, startup_gd32f50x.o(.text))
<BR>[Address Reference Count : 1]<UL><LI> startup_gd32f50x.o(RESET)
</UL>
<P><STRONG><a name="[5b]"></a>CAN0_RX1_IRQHandler</STRONG> (Thumb, 0 bytes, Stack size 0 bytes, startup_gd32f50x.o(.text))
<BR>[Address Reference Count : 1]<UL><LI> startup_gd32f50x.o(RESET)
</UL>
<P><STRONG><a name="[59]"></a>CAN0_TX_IRQHandler</STRONG> (Thumb, 0 bytes, Stack size 0 bytes, startup_gd32f50x.o(.text))
<BR>[Address Reference Count : 1]<UL><LI> startup_gd32f50x.o(RESET)
</UL>
<P><STRONG><a name="[87]"></a>CAN1_EWMC_IRQHandler</STRONG> (Thumb, 0 bytes, Stack size 0 bytes, startup_gd32f50x.o(.text))
<BR>[Address Reference Count : 1]<UL><LI> startup_gd32f50x.o(RESET)
</UL>
<P><STRONG><a name="[85]"></a>CAN1_RX0_IRQHandler</STRONG> (Thumb, 0 bytes, Stack size 0 bytes, startup_gd32f50x.o(.text))
<BR>[Address Reference Count : 1]<UL><LI> startup_gd32f50x.o(RESET)
</UL>
<P><STRONG><a name="[86]"></a>CAN1_RX1_IRQHandler</STRONG> (Thumb, 0 bytes, Stack size 0 bytes, startup_gd32f50x.o(.text))
<BR>[Address Reference Count : 1]<UL><LI> startup_gd32f50x.o(RESET)
</UL>
<P><STRONG><a name="[84]"></a>CAN1_TX_IRQHandler</STRONG> (Thumb, 0 bytes, Stack size 0 bytes, startup_gd32f50x.o(.text))
<BR>[Address Reference Count : 1]<UL><LI> startup_gd32f50x.o(RESET)
</UL>
<P><STRONG><a name="[8c]"></a>CAU_IRQHandler</STRONG> (Thumb, 0 bytes, Stack size 0 bytes, startup_gd32f50x.o(.text))
<BR>[Address Reference Count : 1]<UL><LI> startup_gd32f50x.o(RESET)
</UL>
<P><STRONG><a name="[8a]"></a>CMP_IRQHandler</STRONG> (Thumb, 0 bytes, Stack size 0 bytes, startup_gd32f50x.o(.text))
<BR>[Address Reference Count : 1]<UL><LI> startup_gd32f50x.o(RESET)
</UL>
<P><STRONG><a name="[77]"></a>CMP_WAKEUP_IRQHandler</STRONG> (Thumb, 0 bytes, Stack size 0 bytes, startup_gd32f50x.o(.text))
<BR>[Address Reference Count : 1]<UL><LI> startup_gd32f50x.o(RESET)
</UL>
<P><STRONG><a name="[82]"></a>DAC_IRQHandler</STRONG> (Thumb, 0 bytes, Stack size 0 bytes, startup_gd32f50x.o(.text))
<BR>[Address Reference Count : 1]<UL><LI> startup_gd32f50x.o(RESET)
</UL>
<P><STRONG><a name="[51]"></a>DMA0_Channel0_IRQHandler</STRONG> (Thumb, 0 bytes, Stack size 0 bytes, startup_gd32f50x.o(.text))
<BR>[Address Reference Count : 1]<UL><LI> startup_gd32f50x.o(RESET)
</UL>
<P><STRONG><a name="[52]"></a>DMA0_Channel1_IRQHandler</STRONG> (Thumb, 0 bytes, Stack size 0 bytes, startup_gd32f50x.o(.text))
<BR>[Address Reference Count : 1]<UL><LI> startup_gd32f50x.o(RESET)
</UL>
<P><STRONG><a name="[54]"></a>DMA0_Channel3_IRQHandler</STRONG> (Thumb, 0 bytes, Stack size 0 bytes, startup_gd32f50x.o(.text))
<BR>[Address Reference Count : 1]<UL><LI> startup_gd32f50x.o(RESET)
</UL>
<P><STRONG><a name="[55]"></a>DMA0_Channel4_IRQHandler</STRONG> (Thumb, 0 bytes, Stack size 0 bytes, startup_gd32f50x.o(.text))
<BR>[Address Reference Count : 1]<UL><LI> startup_gd32f50x.o(RESET)
</UL>
<P><STRONG><a name="[56]"></a>DMA0_Channel5_IRQHandler</STRONG> (Thumb, 0 bytes, Stack size 0 bytes, startup_gd32f50x.o(.text))
<BR>[Address Reference Count : 1]<UL><LI> startup_gd32f50x.o(RESET)
</UL>
<P><STRONG><a name="[57]"></a>DMA0_Channel6_IRQHandler</STRONG> (Thumb, 0 bytes, Stack size 0 bytes, startup_gd32f50x.o(.text))
<BR>[Address Reference Count : 1]<UL><LI> startup_gd32f50x.o(RESET)
</UL>
<P><STRONG><a name="[7d]"></a>DMA1_Channel0_IRQHandler</STRONG> (Thumb, 0 bytes, Stack size 0 bytes, startup_gd32f50x.o(.text))
<BR>[Address Reference Count : 1]<UL><LI> startup_gd32f50x.o(RESET)
</UL>
<P><STRONG><a name="[7e]"></a>DMA1_Channel1_IRQHandler</STRONG> (Thumb, 0 bytes, Stack size 0 bytes, startup_gd32f50x.o(.text))
<BR>[Address Reference Count : 1]<UL><LI> startup_gd32f50x.o(RESET)
</UL>
<P><STRONG><a name="[7f]"></a>DMA1_Channel2_IRQHandler</STRONG> (Thumb, 0 bytes, Stack size 0 bytes, startup_gd32f50x.o(.text))
<BR>[Address Reference Count : 1]<UL><LI> startup_gd32f50x.o(RESET)
</UL>
<P><STRONG><a name="[80]"></a>DMA1_Channel3_IRQHandler</STRONG> (Thumb, 0 bytes, Stack size 0 bytes, startup_gd32f50x.o(.text))
<BR>[Address Reference Count : 1]<UL><LI> startup_gd32f50x.o(RESET)
</UL>
<P><STRONG><a name="[81]"></a>DMA1_Channel4_IRQHandler</STRONG> (Thumb, 0 bytes, Stack size 0 bytes, startup_gd32f50x.o(.text))
<BR>[Address Reference Count : 1]<UL><LI> startup_gd32f50x.o(RESET)
</UL>
<P><STRONG><a name="[8b]"></a>DMAMUX_IRQHandler</STRONG> (Thumb, 0 bytes, Stack size 0 bytes, startup_gd32f50x.o(.text))
<BR>[Address Reference Count : 1]<UL><LI> startup_gd32f50x.o(RESET)
</UL>
<P><STRONG><a name="[4c]"></a>EXTI0_IRQHandler</STRONG> (Thumb, 0 bytes, Stack size 0 bytes, startup_gd32f50x.o(.text))
<BR>[Address Reference Count : 1]<UL><LI> startup_gd32f50x.o(RESET)
</UL>
<P><STRONG><a name="[4d]"></a>EXTI1_IRQHandler</STRONG> (Thumb, 0 bytes, Stack size 0 bytes, startup_gd32f50x.o(.text))
<BR>[Address Reference Count : 1]<UL><LI> startup_gd32f50x.o(RESET)
</UL>
<P><STRONG><a name="[4e]"></a>EXTI2_IRQHandler</STRONG> (Thumb, 0 bytes, Stack size 0 bytes, startup_gd32f50x.o(.text))
<BR>[Address Reference Count : 1]<UL><LI> startup_gd32f50x.o(RESET)
</UL>
<P><STRONG><a name="[4f]"></a>EXTI3_IRQHandler</STRONG> (Thumb, 0 bytes, Stack size 0 bytes, startup_gd32f50x.o(.text))
<BR>[Address Reference Count : 1]<UL><LI> startup_gd32f50x.o(RESET)
</UL>
<P><STRONG><a name="[50]"></a>EXTI4_IRQHandler</STRONG> (Thumb, 0 bytes, Stack size 0 bytes, startup_gd32f50x.o(.text))
<BR>[Address Reference Count : 1]<UL><LI> startup_gd32f50x.o(RESET)
</UL>
<P><STRONG><a name="[5d]"></a>EXTI5_9_IRQHandler</STRONG> (Thumb, 0 bytes, Stack size 0 bytes, startup_gd32f50x.o(.text))
<BR>[Address Reference Count : 1]<UL><LI> startup_gd32f50x.o(RESET)
</UL>
<P><STRONG><a name="[4a]"></a>FMC_IRQHandler</STRONG> (Thumb, 0 bytes, Stack size 0 bytes, startup_gd32f50x.o(.text))
<BR>[Address Reference Count : 1]<UL><LI> startup_gd32f50x.o(RESET)
</UL>
<P><STRONG><a name="[89]"></a>FPU_IRQHandler</STRONG> (Thumb, 0 bytes, Stack size 0 bytes, startup_gd32f50x.o(.text))
<BR>[Address Reference Count : 1]<UL><LI> startup_gd32f50x.o(RESET)
</UL>
<P><STRONG><a name="[8d]"></a>HAU_IRQHandler</STRONG> (Thumb, 0 bytes, Stack size 0 bytes, startup_gd32f50x.o(.text))
<BR>[Address Reference Count : 1]<UL><LI> startup_gd32f50x.o(RESET)
</UL>
<P><STRONG><a name="[66]"></a>I2C0_ER_IRQHandler</STRONG> (Thumb, 0 bytes, Stack size 0 bytes, startup_gd32f50x.o(.text))
<BR>[Address Reference Count : 1]<UL><LI> startup_gd32f50x.o(RESET)
</UL>
<P><STRONG><a name="[65]"></a>I2C0_EV_IRQHandler</STRONG> (Thumb, 0 bytes, Stack size 0 bytes, startup_gd32f50x.o(.text))
<BR>[Address Reference Count : 1]<UL><LI> startup_gd32f50x.o(RESET)
</UL>
<P><STRONG><a name="[68]"></a>I2C1_ER_IRQHandler</STRONG> (Thumb, 0 bytes, Stack size 0 bytes, startup_gd32f50x.o(.text))
<BR>[Address Reference Count : 1]<UL><LI> startup_gd32f50x.o(RESET)
</UL>
<P><STRONG><a name="[67]"></a>I2C1_EV_IRQHandler</STRONG> (Thumb, 0 bytes, Stack size 0 bytes, startup_gd32f50x.o(.text))
<BR>[Address Reference Count : 1]<UL><LI> startup_gd32f50x.o(RESET)
</UL>
<P><STRONG><a name="[47]"></a>LVD_VAVD_IRQHandler</STRONG> (Thumb, 0 bytes, Stack size 0 bytes, startup_gd32f50x.o(.text))
<BR>[Address Reference Count : 1]<UL><LI> startup_gd32f50x.o(RESET)
</UL>
<P><STRONG><a name="[76]"></a>RCU_CKFM_IRQHandler</STRONG> (Thumb, 0 bytes, Stack size 0 bytes, startup_gd32f50x.o(.text))
<BR>[Address Reference Count : 1]<UL><LI> startup_gd32f50x.o(RESET)
</UL>
<P><STRONG><a name="[4b]"></a>RCU_CTC_IRQHandler</STRONG> (Thumb, 0 bytes, Stack size 0 bytes, startup_gd32f50x.o(.text))
<BR>[Address Reference Count : 1]<UL><LI> startup_gd32f50x.o(RESET)
</UL>
<P><STRONG><a name="[6f]"></a>RTC_Alarm_IRQHandler</STRONG> (Thumb, 0 bytes, Stack size 0 bytes, startup_gd32f50x.o(.text))
<BR>[Address Reference Count : 1]<UL><LI> startup_gd32f50x.o(RESET)
</UL>
<P><STRONG><a name="[49]"></a>RTC_IRQHandler</STRONG> (Thumb, 0 bytes, Stack size 0 bytes, startup_gd32f50x.o(.text))
<BR>[Address Reference Count : 1]<UL><LI> startup_gd32f50x.o(RESET)
</UL>
<P><STRONG><a name="[69]"></a>SPI0_IRQHandler</STRONG> (Thumb, 0 bytes, Stack size 0 bytes, startup_gd32f50x.o(.text))
<BR>[Address Reference Count : 1]<UL><LI> startup_gd32f50x.o(RESET)
</UL>
<P><STRONG><a name="[6a]"></a>SPI1_IRQHandler</STRONG> (Thumb, 0 bytes, Stack size 0 bytes, startup_gd32f50x.o(.text))
<BR>[Address Reference Count : 1]<UL><LI> startup_gd32f50x.o(RESET)
</UL>
<P><STRONG><a name="[78]"></a>SPI2_IRQHandler</STRONG> (Thumb, 0 bytes, Stack size 0 bytes, startup_gd32f50x.o(.text))
<BR>[Address Reference Count : 1]<UL><LI> startup_gd32f50x.o(RESET)
</UL>
<P><STRONG><a name="[88]"></a>SRAM_ECC_IRQHandler</STRONG> (Thumb, 0 bytes, Stack size 0 bytes, startup_gd32f50x.o(.text))
<BR>[Address Reference Count : 1]<UL><LI> startup_gd32f50x.o(RESET)
</UL>
<P><STRONG><a name="[48]"></a>TAMPER_IRQHandler</STRONG> (Thumb, 0 bytes, Stack size 0 bytes, startup_gd32f50x.o(.text))
<BR>[Address Reference Count : 1]<UL><LI> startup_gd32f50x.o(RESET)
</UL>
<P><STRONG><a name="[93]"></a>TIMER0_BRK_Channel_IRQHandler</STRONG> (Thumb, 0 bytes, Stack size 0 bytes, startup_gd32f50x.o(.text))
<BR>[Address Reference Count : 1]<UL><LI> startup_gd32f50x.o(RESET)
</UL>
<P><STRONG><a name="[5e]"></a>TIMER0_BRK_IRQHandler</STRONG> (Thumb, 0 bytes, Stack size 0 bytes, startup_gd32f50x.o(.text))
<BR>[Address Reference Count : 1]<UL><LI> startup_gd32f50x.o(RESET)
</UL>
<P><STRONG><a name="[61]"></a>TIMER0_Channel_IRQHandler</STRONG> (Thumb, 0 bytes, Stack size 0 bytes, startup_gd32f50x.o(.text))
<BR>[Address Reference Count : 1]<UL><LI> startup_gd32f50x.o(RESET)
</UL>
<P><STRONG><a name="[60]"></a>TIMER0_TRG_CMT_IRQHandler</STRONG> (Thumb, 0 bytes, Stack size 0 bytes, startup_gd32f50x.o(.text))
<BR>[Address Reference Count : 1]<UL><LI> startup_gd32f50x.o(RESET)
</UL>
<P><STRONG><a name="[5f]"></a>TIMER0_UP_IRQHandler</STRONG> (Thumb, 0 bytes, Stack size 0 bytes, startup_gd32f50x.o(.text))
<BR>[Address Reference Count : 1]<UL><LI> startup_gd32f50x.o(RESET)
</UL>
<P><STRONG><a name="[91]"></a>TIMER15_IRQHandler</STRONG> (Thumb, 0 bytes, Stack size 0 bytes, startup_gd32f50x.o(.text))
<BR>[Address Reference Count : 1]<UL><LI> startup_gd32f50x.o(RESET)
</UL>
<P><STRONG><a name="[92]"></a>TIMER16_IRQHandler</STRONG> (Thumb, 0 bytes, Stack size 0 bytes, startup_gd32f50x.o(.text))
<BR>[Address Reference Count : 1]<UL><LI> startup_gd32f50x.o(RESET)
</UL>
<P><STRONG><a name="[62]"></a>TIMER1_IRQHandler</STRONG> (Thumb, 0 bytes, Stack size 0 bytes, startup_gd32f50x.o(.text))
<BR>[Address Reference Count : 1]<UL><LI> startup_gd32f50x.o(RESET)
</UL>
<P><STRONG><a name="[64]"></a>TIMER3_IRQHandler</STRONG> (Thumb, 0 bytes, Stack size 0 bytes, startup_gd32f50x.o(.text))
<BR>[Address Reference Count : 1]<UL><LI> startup_gd32f50x.o(RESET)
</UL>
<P><STRONG><a name="[90]"></a>TIMER4_IRQHandler</STRONG> (Thumb, 0 bytes, Stack size 0 bytes, startup_gd32f50x.o(.text))
<BR>[Address Reference Count : 1]<UL><LI> startup_gd32f50x.o(RESET)
</UL>
<P><STRONG><a name="[7b]"></a>TIMER5_IRQHandler</STRONG> (Thumb, 0 bytes, Stack size 0 bytes, startup_gd32f50x.o(.text))
<BR>[Address Reference Count : 1]<UL><LI> startup_gd32f50x.o(RESET)
</UL>
<P><STRONG><a name="[7c]"></a>TIMER6_IRQHandler</STRONG> (Thumb, 0 bytes, Stack size 0 bytes, startup_gd32f50x.o(.text))
<BR>[Address Reference Count : 1]<UL><LI> startup_gd32f50x.o(RESET)
</UL>
<P><STRONG><a name="[94]"></a>TIMER7_BRK_Channel_IRQHandler</STRONG> (Thumb, 0 bytes, Stack size 0 bytes, startup_gd32f50x.o(.text))
<BR>[Address Reference Count : 1]<UL><LI> startup_gd32f50x.o(RESET)
</UL>
<P><STRONG><a name="[71]"></a>TIMER7_BRK_IRQHandler</STRONG> (Thumb, 0 bytes, Stack size 0 bytes, startup_gd32f50x.o(.text))
<BR>[Address Reference Count : 1]<UL><LI> startup_gd32f50x.o(RESET)
</UL>
<P><STRONG><a name="[74]"></a>TIMER7_Channel_IRQHandler</STRONG> (Thumb, 0 bytes, Stack size 0 bytes, startup_gd32f50x.o(.text))
<BR>[Address Reference Count : 1]<UL><LI> startup_gd32f50x.o(RESET)
</UL>
<P><STRONG><a name="[73]"></a>TIMER7_TRG_CMT_IRQHandler</STRONG> (Thumb, 0 bytes, Stack size 0 bytes, startup_gd32f50x.o(.text))
<BR>[Address Reference Count : 1]<UL><LI> startup_gd32f50x.o(RESET)
</UL>
<P><STRONG><a name="[72]"></a>TIMER7_UP_IRQHandler</STRONG> (Thumb, 0 bytes, Stack size 0 bytes, startup_gd32f50x.o(.text))
<BR>[Address Reference Count : 1]<UL><LI> startup_gd32f50x.o(RESET)
</UL>
<P><STRONG><a name="[8e]"></a>TRNG_IRQHandler</STRONG> (Thumb, 0 bytes, Stack size 0 bytes, startup_gd32f50x.o(.text))
<BR>[Address Reference Count : 1]<UL><LI> startup_gd32f50x.o(RESET)
</UL>
<P><STRONG><a name="[79]"></a>UART3_IRQHandler</STRONG> (Thumb, 0 bytes, Stack size 0 bytes, startup_gd32f50x.o(.text))
<BR>[Address Reference Count : 1]<UL><LI> startup_gd32f50x.o(RESET)
</UL>
<P><STRONG><a name="[6b]"></a>USART0_IRQHandler</STRONG> (Thumb, 0 bytes, Stack size 0 bytes, startup_gd32f50x.o(.text))
<BR>[Address Reference Count : 1]<UL><LI> startup_gd32f50x.o(RESET)
</UL>
<P><STRONG><a name="[6c]"></a>USART1_IRQHandler</STRONG> (Thumb, 0 bytes, Stack size 0 bytes, startup_gd32f50x.o(.text))
<BR>[Address Reference Count : 1]<UL><LI> startup_gd32f50x.o(RESET)
</UL>
<P><STRONG><a name="[6d]"></a>USART2_IRQHandler</STRONG> (Thumb, 0 bytes, Stack size 0 bytes, startup_gd32f50x.o(.text))
<BR>[Address Reference Count : 1]<UL><LI> startup_gd32f50x.o(RESET)
</UL>
<P><STRONG><a name="[8f]"></a>USBFS_IRQHandler</STRONG> (Thumb, 0 bytes, Stack size 0 bytes, startup_gd32f50x.o(.text))
<BR>[Address Reference Count : 1]<UL><LI> startup_gd32f50x.o(RESET)
</UL>
<P><STRONG><a name="[70]"></a>USBFS_WKUP_IRQHandler</STRONG> (Thumb, 0 bytes, Stack size 0 bytes, startup_gd32f50x.o(.text))
<BR>[Address Reference Count : 1]<UL><LI> startup_gd32f50x.o(RESET)
</UL>
<P><STRONG><a name="[83]"></a>VUVD_VOVD_IRQHandler</STRONG> (Thumb, 0 bytes, Stack size 0 bytes, startup_gd32f50x.o(.text))
<BR>[Address Reference Count : 1]<UL><LI> startup_gd32f50x.o(RESET)
</UL>
<P><STRONG><a name="[46]"></a>WWDGT_IRQHandler</STRONG> (Thumb, 0 bytes, Stack size 0 bytes, startup_gd32f50x.o(.text))
<BR>[Address Reference Count : 1]<UL><LI> startup_gd32f50x.o(RESET)
</UL>
<P><STRONG><a name="[e0]"></a>__aeabi_memcpy</STRONG> (Thumb, 36 bytes, Stack size 0 bytes, memcpya.o(.text))
<BR><BR>[Called By]<UL><LI><a href="#[b6]">&gt;&gt;</a>&nbsp;&nbsp;&nbsp;comm_usart_interrupt_handler
</UL>

<P><STRONG><a name="[1c4]"></a>__aeabi_memcpy4</STRONG> (Thumb, 0 bytes, Stack size 0 bytes, memcpya.o(.text), UNUSED)

<P><STRONG><a name="[1c5]"></a>__aeabi_memcpy8</STRONG> (Thumb, 0 bytes, Stack size 0 bytes, memcpya.o(.text), UNUSED)

<P><STRONG><a name="[156]"></a>__aeabi_f2d</STRONG> (Thumb, 38 bytes, Stack size 0 bytes, f2d.o(.text))
<BR><BR>[Called By]<UL><LI><a href="#[95]">&gt;&gt;</a>&nbsp;&nbsp;&nbsp;main
</UL>

<P><STRONG><a name="[1c6]"></a>__aeabi_uidiv</STRONG> (Thumb, 0 bytes, Stack size 12 bytes, uidiv.o(.text), UNUSED)

<P><STRONG><a name="[1bd]"></a>__aeabi_uidivmod</STRONG> (Thumb, 44 bytes, Stack size 12 bytes, uidiv.o(.text), UNUSED)
<BR><BR>[Called By]<UL><LI><a href="#[1b8]">&gt;&gt;</a>&nbsp;&nbsp;&nbsp;_printf_core
</UL>

<P><STRONG><a name="[9b]"></a>__aeabi_uldivmod</STRONG> (Thumb, 98 bytes, Stack size 40 bytes, uldiv.o(.text), UNUSED)
<BR><BR>[Calls]<UL><LI><a href="#[9c]">&gt;&gt;</a>&nbsp;&nbsp;&nbsp;__aeabi_llsr
<LI><a href="#[9d]">&gt;&gt;</a>&nbsp;&nbsp;&nbsp;__aeabi_llsl
</UL>
<BR>[Called By]<UL><LI><a href="#[1b8]">&gt;&gt;</a>&nbsp;&nbsp;&nbsp;_printf_core
<LI><a href="#[1b9]">&gt;&gt;</a>&nbsp;&nbsp;&nbsp;_fp_digits
</UL>

<P><STRONG><a name="[1c7]"></a>__I$use$fp</STRONG> (Thumb, 0 bytes, Stack size 48 bytes, iusefp.o(.text), UNUSED)

<P><STRONG><a name="[9e]"></a>__aeabi_dadd</STRONG> (Thumb, 322 bytes, Stack size 48 bytes, dadd.o(.text), UNUSED)
<BR><BR>[Calls]<UL><LI><a href="#[9f]">&gt;&gt;</a>&nbsp;&nbsp;&nbsp;__aeabi_lasr
<LI><a href="#[9d]">&gt;&gt;</a>&nbsp;&nbsp;&nbsp;__aeabi_llsl
<LI><a href="#[a1]">&gt;&gt;</a>&nbsp;&nbsp;&nbsp;_double_round
<LI><a href="#[a0]">&gt;&gt;</a>&nbsp;&nbsp;&nbsp;_double_epilogue
</UL>
<BR>[Called By]<UL><LI><a href="#[a3]">&gt;&gt;</a>&nbsp;&nbsp;&nbsp;__aeabi_drsub
<LI><a href="#[a2]">&gt;&gt;</a>&nbsp;&nbsp;&nbsp;__aeabi_dsub
<LI><a href="#[1b9]">&gt;&gt;</a>&nbsp;&nbsp;&nbsp;_fp_digits
</UL>

<P><STRONG><a name="[a2]"></a>__aeabi_dsub</STRONG> (Thumb, 6 bytes, Stack size 0 bytes, dadd.o(.text), UNUSED)
<BR><BR>[Calls]<UL><LI><a href="#[9e]">&gt;&gt;</a>&nbsp;&nbsp;&nbsp;__aeabi_dadd
</UL>

<P><STRONG><a name="[a3]"></a>__aeabi_drsub</STRONG> (Thumb, 6 bytes, Stack size 0 bytes, dadd.o(.text), UNUSED)
<BR><BR>[Calls]<UL><LI><a href="#[9e]">&gt;&gt;</a>&nbsp;&nbsp;&nbsp;__aeabi_dadd
</UL>

<P><STRONG><a name="[a4]"></a>__aeabi_dmul</STRONG> (Thumb, 228 bytes, Stack size 48 bytes, dmul.o(.text), UNUSED)
<BR><BR>[Calls]<UL><LI><a href="#[a0]">&gt;&gt;</a>&nbsp;&nbsp;&nbsp;_double_epilogue
</UL>
<BR>[Called By]<UL><LI><a href="#[1b9]">&gt;&gt;</a>&nbsp;&nbsp;&nbsp;_fp_digits
</UL>

<P><STRONG><a name="[a5]"></a>__aeabi_ddiv</STRONG> (Thumb, 222 bytes, Stack size 32 bytes, ddiv.o(.text), UNUSED)
<BR><BR>[Calls]<UL><LI><a href="#[a1]">&gt;&gt;</a>&nbsp;&nbsp;&nbsp;_double_round
</UL>
<BR>[Called By]<UL><LI><a href="#[1b9]">&gt;&gt;</a>&nbsp;&nbsp;&nbsp;_fp_digits
</UL>

<P><STRONG><a name="[a6]"></a>__aeabi_d2ulz</STRONG> (Thumb, 48 bytes, Stack size 0 bytes, dfixul.o(.text), UNUSED)
<BR><BR>[Calls]<UL><LI><a href="#[9c]">&gt;&gt;</a>&nbsp;&nbsp;&nbsp;__aeabi_llsr
<LI><a href="#[9d]">&gt;&gt;</a>&nbsp;&nbsp;&nbsp;__aeabi_llsl
</UL>
<BR>[Called By]<UL><LI><a href="#[1b9]">&gt;&gt;</a>&nbsp;&nbsp;&nbsp;_fp_digits
</UL>

<P><STRONG><a name="[1ba]"></a>__aeabi_cdrcmple</STRONG> (Thumb, 48 bytes, Stack size 0 bytes, cdrcmple.o(.text), UNUSED)
<BR><BR>[Called By]<UL><LI><a href="#[1b9]">&gt;&gt;</a>&nbsp;&nbsp;&nbsp;_fp_digits
</UL>

<P><STRONG><a name="[9a]"></a>__scatterload</STRONG> (Thumb, 38 bytes, Stack size 0 bytes, init.o(.text))
<BR><BR>[Calls]<UL><LI><a href="#[a7]">&gt;&gt;</a>&nbsp;&nbsp;&nbsp;__main_after_scatterload
</UL>
<BR>[Called By]<UL><LI><a href="#[99]">&gt;&gt;</a>&nbsp;&nbsp;&nbsp;_main_scatterload
</UL>

<P><STRONG><a name="[1c8]"></a>__scatterload_rt2</STRONG> (Thumb, 0 bytes, Stack size 0 bytes, init.o(.text), UNUSED)

<P><STRONG><a name="[9d]"></a>__aeabi_llsl</STRONG> (Thumb, 30 bytes, Stack size 0 bytes, llshl.o(.text), UNUSED)
<BR><BR>[Called By]<UL><LI><a href="#[a0]">&gt;&gt;</a>&nbsp;&nbsp;&nbsp;_double_epilogue
<LI><a href="#[9b]">&gt;&gt;</a>&nbsp;&nbsp;&nbsp;__aeabi_uldivmod
<LI><a href="#[9e]">&gt;&gt;</a>&nbsp;&nbsp;&nbsp;__aeabi_dadd
<LI><a href="#[a6]">&gt;&gt;</a>&nbsp;&nbsp;&nbsp;__aeabi_d2ulz
</UL>

<P><STRONG><a name="[1c9]"></a>_ll_shift_l</STRONG> (Thumb, 0 bytes, Stack size 0 bytes, llshl.o(.text), UNUSED)

<P><STRONG><a name="[9c]"></a>__aeabi_llsr</STRONG> (Thumb, 32 bytes, Stack size 0 bytes, llushr.o(.text), UNUSED)
<BR><BR>[Called By]<UL><LI><a href="#[a0]">&gt;&gt;</a>&nbsp;&nbsp;&nbsp;_double_epilogue
<LI><a href="#[9b]">&gt;&gt;</a>&nbsp;&nbsp;&nbsp;__aeabi_uldivmod
<LI><a href="#[a6]">&gt;&gt;</a>&nbsp;&nbsp;&nbsp;__aeabi_d2ulz
</UL>

<P><STRONG><a name="[1ca]"></a>_ll_ushift_r</STRONG> (Thumb, 0 bytes, Stack size 0 bytes, llushr.o(.text), UNUSED)

<P><STRONG><a name="[9f]"></a>__aeabi_lasr</STRONG> (Thumb, 36 bytes, Stack size 0 bytes, llsshr.o(.text), UNUSED)
<BR><BR>[Called By]<UL><LI><a href="#[9e]">&gt;&gt;</a>&nbsp;&nbsp;&nbsp;__aeabi_dadd
</UL>

<P><STRONG><a name="[1cb]"></a>_ll_sshift_r</STRONG> (Thumb, 0 bytes, Stack size 0 bytes, llsshr.o(.text), UNUSED)

<P><STRONG><a name="[a1]"></a>_double_round</STRONG> (Thumb, 30 bytes, Stack size 8 bytes, depilogue.o(.text), UNUSED)
<BR><BR>[Called By]<UL><LI><a href="#[a0]">&gt;&gt;</a>&nbsp;&nbsp;&nbsp;_double_epilogue
<LI><a href="#[a5]">&gt;&gt;</a>&nbsp;&nbsp;&nbsp;__aeabi_ddiv
<LI><a href="#[9e]">&gt;&gt;</a>&nbsp;&nbsp;&nbsp;__aeabi_dadd
</UL>

<P><STRONG><a name="[a0]"></a>_double_epilogue</STRONG> (Thumb, 156 bytes, Stack size 32 bytes, depilogue.o(.text), UNUSED)
<BR><BR>[Calls]<UL><LI><a href="#[9c]">&gt;&gt;</a>&nbsp;&nbsp;&nbsp;__aeabi_llsr
<LI><a href="#[9d]">&gt;&gt;</a>&nbsp;&nbsp;&nbsp;__aeabi_llsl
<LI><a href="#[a1]">&gt;&gt;</a>&nbsp;&nbsp;&nbsp;_double_round
</UL>
<BR>[Called By]<UL><LI><a href="#[a4]">&gt;&gt;</a>&nbsp;&nbsp;&nbsp;__aeabi_dmul
<LI><a href="#[9e]">&gt;&gt;</a>&nbsp;&nbsp;&nbsp;__aeabi_dadd
</UL>

<P><STRONG><a name="[1cc]"></a>__decompress</STRONG> (Thumb, 0 bytes, Stack size unknown bytes, __dczerorl2.o(.text), UNUSED)

<P><STRONG><a name="[1cd]"></a>__decompress1</STRONG> (Thumb, 86 bytes, Stack size unknown bytes, __dczerorl2.o(.text), UNUSED)

<P><STRONG><a name="[58]"></a>ADC0_1_IRQHandler</STRONG> (Thumb, 220 bytes, Stack size 32 bytes, gd32_foc_it.o(.text.ADC0_1_IRQHandler))
<BR><BR>[Stack]<UL><LI>Max Depth = 124<LI>Call Chain = ADC0_1_IRQHandler &rArr; pwm_generation &rArr; dsvpwm
</UL>
<BR>[Calls]<UL><LI><a href="#[b5]">&gt;&gt;</a>&nbsp;&nbsp;&nbsp;pwm_generation
<LI><a href="#[b4]">&gt;&gt;</a>&nbsp;&nbsp;&nbsp;rev_park
<LI><a href="#[b3]">&gt;&gt;</a>&nbsp;&nbsp;&nbsp;over_modulation
<LI><a href="#[b2]">&gt;&gt;</a>&nbsp;&nbsp;&nbsp;motor_udq_calc
<LI><a href="#[b1]">&gt;&gt;</a>&nbsp;&nbsp;&nbsp;park
<LI><a href="#[b0]">&gt;&gt;</a>&nbsp;&nbsp;&nbsp;clarke_amplitude
<LI><a href="#[af]">&gt;&gt;</a>&nbsp;&nbsp;&nbsp;sin_cos_float
<LI><a href="#[ae]">&gt;&gt;</a>&nbsp;&nbsp;&nbsp;angle_get
<LI><a href="#[ad]">&gt;&gt;</a>&nbsp;&nbsp;&nbsp;angle_set_elec_angle_from_uart4
<LI><a href="#[ac]">&gt;&gt;</a>&nbsp;&nbsp;&nbsp;uart4_get_last_elec_angle_rad
<LI><a href="#[ab]">&gt;&gt;</a>&nbsp;&nbsp;&nbsp;uart4_request_encoder_data
<LI><a href="#[aa]">&gt;&gt;</a>&nbsp;&nbsp;&nbsp;motor_protect_phase_loss_check
<LI><a href="#[a9]">&gt;&gt;</a>&nbsp;&nbsp;&nbsp;get_iab
<LI><a href="#[a8]">&gt;&gt;</a>&nbsp;&nbsp;&nbsp;adc_interrupt_flag_clear
</UL>
<BR>[Address Reference Count : 1]<UL><LI> startup_gd32f50x.o(RESET)
</UL>
<P><STRONG><a name="[40]"></a>BusFault_Handler</STRONG> (Thumb, 4 bytes, Stack size 0 bytes, gd32_foc_it.o(.text.BusFault_Handler))
<BR>[Address Reference Count : 1]<UL><LI> startup_gd32f50x.o(RESET)
</UL>
<P><STRONG><a name="[53]"></a>DMA0_Channel2_IRQHandler</STRONG> (Thumb, 8 bytes, Stack size 8 bytes, gd32_foc_it.o(.text.DMA0_Channel2_IRQHandler))
<BR><BR>[Stack]<UL><LI>Max Depth = 44<LI>Call Chain = DMA0_Channel2_IRQHandler &rArr; comm_usart_interrupt_handler &rArr; dma_interrupt_flag_get
</UL>
<BR>[Calls]<UL><LI><a href="#[b6]">&gt;&gt;</a>&nbsp;&nbsp;&nbsp;comm_usart_interrupt_handler
</UL>
<BR>[Address Reference Count : 1]<UL><LI> startup_gd32f50x.o(RESET)
</UL>
<P><STRONG><a name="[43]"></a>DebugMon_Handler</STRONG> (Thumb, 4 bytes, Stack size 0 bytes, gd32_foc_it.o(.text.DebugMon_Handler))
<BR>[Address Reference Count : 1]<UL><LI> startup_gd32f50x.o(RESET)
</UL>
<P><STRONG><a name="[6e]"></a>EXTI10_15_IRQHandler</STRONG> (Thumb, 524 bytes, Stack size 16 bytes, gd32_foc_it.o(.text.EXTI10_15_IRQHandler))
<BR><BR>[Stack]<UL><LI>Max Depth = 28<LI>Call Chain = EXTI10_15_IRQHandler &rArr; gpio_input_bit_get
</UL>
<BR>[Calls]<UL><LI><a href="#[bb]">&gt;&gt;</a>&nbsp;&nbsp;&nbsp;ec11_handle
<LI><a href="#[ba]">&gt;&gt;</a>&nbsp;&nbsp;&nbsp;gpio_input_bit_get
<LI><a href="#[b9]">&gt;&gt;</a>&nbsp;&nbsp;&nbsp;ec_delay
<LI><a href="#[b8]">&gt;&gt;</a>&nbsp;&nbsp;&nbsp;exti_interrupt_flag_clear
<LI><a href="#[b7]">&gt;&gt;</a>&nbsp;&nbsp;&nbsp;exti_interrupt_flag_get
</UL>
<BR>[Address Reference Count : 1]<UL><LI> startup_gd32f50x.o(RESET)
</UL>
<P><STRONG><a name="[3e]"></a>HardFault_Handler</STRONG> (Thumb, 4 bytes, Stack size 0 bytes, gd32_foc_it.o(.text.HardFault_Handler))
<BR>[Address Reference Count : 1]<UL><LI> startup_gd32f50x.o(RESET)
</UL>
<P><STRONG><a name="[3f]"></a>MemManage_Handler</STRONG> (Thumb, 4 bytes, Stack size 0 bytes, gd32_foc_it.o(.text.MemManage_Handler))
<BR>[Address Reference Count : 1]<UL><LI> startup_gd32f50x.o(RESET)
</UL>
<P><STRONG><a name="[3d]"></a>NMI_Handler</STRONG> (Thumb, 62 bytes, Stack size 8 bytes, gd32_foc_it.o(.text.NMI_Handler))
<BR><BR>[Stack]<UL><LI>Max Depth = 16<LI>Call Chain = NMI_Handler &rArr; syscfg_sram_ecc_flag_get
</UL>
<BR>[Calls]<UL><LI><a href="#[bc]">&gt;&gt;</a>&nbsp;&nbsp;&nbsp;syscfg_sram_ecc_flag_get
</UL>
<BR>[Address Reference Count : 1]<UL><LI> startup_gd32f50x.o(RESET)
</UL>
<P><STRONG><a name="[44]"></a>PendSV_Handler</STRONG> (Thumb, 4 bytes, Stack size 0 bytes, gd32_foc_it.o(.text.PendSV_Handler))
<BR>[Address Reference Count : 1]<UL><LI> startup_gd32f50x.o(RESET)
</UL>
<P><STRONG><a name="[42]"></a>SVC_Handler</STRONG> (Thumb, 4 bytes, Stack size 0 bytes, gd32_foc_it.o(.text.SVC_Handler))
<BR>[Address Reference Count : 1]<UL><LI> startup_gd32f50x.o(RESET)
</UL>
<P><STRONG><a name="[45]"></a>SysTick_Handler</STRONG> (Thumb, 48 bytes, Stack size 16 bytes, gd32_foc_it.o(.text.SysTick_Handler))
<BR><BR>[Stack]<UL><LI>Max Depth = 60<LI>Call Chain = SysTick_Handler &rArr; motor_protect_check &rArr; motor_protect_motor_locked_check &rArr; sqrt_float
</UL>
<BR>[Calls]<UL><LI><a href="#[c3]">&gt;&gt;</a>&nbsp;&nbsp;&nbsp;comm_usart_motor_state_data_transmit
<LI><a href="#[c2]">&gt;&gt;</a>&nbsp;&nbsp;&nbsp;motor_protect_check
<LI><a href="#[c1]">&gt;&gt;</a>&nbsp;&nbsp;&nbsp;motor_idqref_calc
<LI><a href="#[c0]">&gt;&gt;</a>&nbsp;&nbsp;&nbsp;speed_get
<LI><a href="#[bf]">&gt;&gt;</a>&nbsp;&nbsp;&nbsp;delay_decrement
</UL>
<BR>[Address Reference Count : 1]<UL><LI> startup_gd32f50x.o(RESET)
</UL>
<P><STRONG><a name="[96]"></a>SystemInit</STRONG> (Thumb, 436 bytes, Stack size 24 bytes, system_gd32f50x.o(.text.SystemInit))
<BR><BR>[Stack]<UL><LI>Max Depth = 60<LI>Call Chain = SystemInit &rArr; system_clock_config &rArr; system_clock_252m_hxtal
</UL>
<BR>[Calls]<UL><LI><a href="#[c9]">&gt;&gt;</a>&nbsp;&nbsp;&nbsp;nvic_vector_table_set
<LI><a href="#[c6]">&gt;&gt;</a>&nbsp;&nbsp;&nbsp;fmc_bank0_lock
<LI><a href="#[c5]">&gt;&gt;</a>&nbsp;&nbsp;&nbsp;fmc_nwa_enable
<LI><a href="#[c4]">&gt;&gt;</a>&nbsp;&nbsp;&nbsp;fmc_bank0_unlock
<LI><a href="#[c8]">&gt;&gt;</a>&nbsp;&nbsp;&nbsp;system_clock_config
<LI><a href="#[c7]">&gt;&gt;</a>&nbsp;&nbsp;&nbsp;_soft_delay_
</UL>
<BR>[Address Reference Count : 1]<UL><LI> startup_gd32f50x.o(.text)
</UL>
<P><STRONG><a name="[63]"></a>TIMER2_IRQHandler</STRONG> (Thumb, 24 bytes, Stack size 8 bytes, gd32_foc_it.o(.text.TIMER2_IRQHandler))
<BR><BR>[Stack]<UL><LI>Max Depth = 32<LI>Call Chain = TIMER2_IRQHandler &rArr; angle_sensor_interrupt_handler &rArr; timer_interrupt_flag_clear
</UL>
<BR>[Calls]<UL><LI><a href="#[ca]">&gt;&gt;</a>&nbsp;&nbsp;&nbsp;angle_sensor_interrupt_handler
</UL>
<BR>[Address Reference Count : 1]<UL><LI> startup_gd32f50x.o(RESET)
</UL>
<P><STRONG><a name="[7a]"></a>UART4_IRQHandler</STRONG> (Thumb, 62 bytes, Stack size 16 bytes, uart4_drv.o(.text.UART4_IRQHandler))
<BR><BR>[Stack]<UL><LI>Max Depth = 56<LI>Call Chain = UART4_IRQHandler &rArr; uart4_encoder_rx_process
</UL>
<BR>[Calls]<UL><LI><a href="#[cc]">&gt;&gt;</a>&nbsp;&nbsp;&nbsp;usart_data_receive
<LI><a href="#[cb]">&gt;&gt;</a>&nbsp;&nbsp;&nbsp;usart_interrupt_flag_get
<LI><a href="#[ce]">&gt;&gt;</a>&nbsp;&nbsp;&nbsp;uart4_encoder_rx_process
<LI><a href="#[cd]">&gt;&gt;</a>&nbsp;&nbsp;&nbsp;rb_push
</UL>
<BR>[Address Reference Count : 1]<UL><LI> startup_gd32f50x.o(RESET)
</UL>
<P><STRONG><a name="[41]"></a>UsageFault_Handler</STRONG> (Thumb, 4 bytes, Stack size 0 bytes, gd32_foc_it.o(.text.UsageFault_Handler))
<BR>[Address Reference Count : 1]<UL><LI> startup_gd32f50x.o(RESET)
</UL>
<P><STRONG><a name="[e9]"></a>adc_channel_length_config</STRONG> (Thumb, 142 bytes, Stack size 16 bytes, gd32f50x_adc.o(.text.adc_channel_length_config))
<BR><BR>[Stack]<UL><LI>Max Depth = 16<LI>Call Chain = adc_channel_length_config
</UL>
<BR>[Called By]<UL><LI><a href="#[18e]">&gt;&gt;</a>&nbsp;&nbsp;&nbsp;pwm_current_1shunt_adc_config
<LI><a href="#[f0]">&gt;&gt;</a>&nbsp;&nbsp;&nbsp;current_3shunt_adc_config
<LI><a href="#[e5]">&gt;&gt;</a>&nbsp;&nbsp;&nbsp;current_2shunt_adc_config
<LI><a href="#[15c]">&gt;&gt;</a>&nbsp;&nbsp;&nbsp;motor_protect_adc_config
</UL>

<P><STRONG><a name="[e8]"></a>adc_data_alignment_config</STRONG> (Thumb, 34 bytes, Stack size 8 bytes, gd32f50x_adc.o(.text.adc_data_alignment_config))
<BR><BR>[Stack]<UL><LI>Max Depth = 8<LI>Call Chain = adc_data_alignment_config
</UL>
<BR>[Called By]<UL><LI><a href="#[18e]">&gt;&gt;</a>&nbsp;&nbsp;&nbsp;pwm_current_1shunt_adc_config
<LI><a href="#[f0]">&gt;&gt;</a>&nbsp;&nbsp;&nbsp;current_3shunt_adc_config
<LI><a href="#[e5]">&gt;&gt;</a>&nbsp;&nbsp;&nbsp;current_2shunt_adc_config
<LI><a href="#[15c]">&gt;&gt;</a>&nbsp;&nbsp;&nbsp;motor_protect_adc_config
</UL>

<P><STRONG><a name="[cf]"></a>adc_deinit</STRONG> (Thumb, 116 bytes, Stack size 32 bytes, gd32f50x_adc.o(.text.adc_deinit))
<BR><BR>[Stack]<UL><LI>Max Depth = 36<LI>Call Chain = adc_deinit &rArr; rcu_periph_reset_disable
</UL>
<BR>[Calls]<UL><LI><a href="#[d1]">&gt;&gt;</a>&nbsp;&nbsp;&nbsp;rcu_periph_reset_disable
<LI><a href="#[d0]">&gt;&gt;</a>&nbsp;&nbsp;&nbsp;rcu_periph_reset_enable
</UL>
<BR>[Called By]<UL><LI><a href="#[18e]">&gt;&gt;</a>&nbsp;&nbsp;&nbsp;pwm_current_1shunt_adc_config
<LI><a href="#[f0]">&gt;&gt;</a>&nbsp;&nbsp;&nbsp;current_3shunt_adc_config
<LI><a href="#[e5]">&gt;&gt;</a>&nbsp;&nbsp;&nbsp;current_2shunt_adc_config
</UL>

<P><STRONG><a name="[18f]"></a>adc_discontinuous_mode_config</STRONG> (Thumb, 140 bytes, Stack size 12 bytes, gd32f50x_adc.o(.text.adc_discontinuous_mode_config))
<BR><BR>[Stack]<UL><LI>Max Depth = 12<LI>Call Chain = adc_discontinuous_mode_config
</UL>
<BR>[Called By]<UL><LI><a href="#[18e]">&gt;&gt;</a>&nbsp;&nbsp;&nbsp;pwm_current_1shunt_adc_config
</UL>

<P><STRONG><a name="[15d]"></a>adc_dma_mode_enable</STRONG> (Thumb, 60 bytes, Stack size 12 bytes, gd32f50x_adc.o(.text.adc_dma_mode_enable))
<BR><BR>[Stack]<UL><LI>Max Depth = 12<LI>Call Chain = adc_dma_mode_enable
</UL>
<BR>[Called By]<UL><LI><a href="#[18e]">&gt;&gt;</a>&nbsp;&nbsp;&nbsp;pwm_current_1shunt_adc_config
<LI><a href="#[15c]">&gt;&gt;</a>&nbsp;&nbsp;&nbsp;motor_protect_adc_config
</UL>

<P><STRONG><a name="[ed]"></a>adc_enable</STRONG> (Thumb, 30 bytes, Stack size 4 bytes, gd32f50x_adc.o(.text.adc_enable))
<BR><BR>[Stack]<UL><LI>Max Depth = 4<LI>Call Chain = adc_enable
</UL>
<BR>[Called By]<UL><LI><a href="#[18e]">&gt;&gt;</a>&nbsp;&nbsp;&nbsp;pwm_current_1shunt_adc_config
<LI><a href="#[f0]">&gt;&gt;</a>&nbsp;&nbsp;&nbsp;current_3shunt_adc_config
<LI><a href="#[e5]">&gt;&gt;</a>&nbsp;&nbsp;&nbsp;current_2shunt_adc_config
</UL>

<P><STRONG><a name="[d6]"></a>adc_external_trigger_config</STRONG> (Thumb, 130 bytes, Stack size 16 bytes, gd32f50x_adc.o(.text.adc_external_trigger_config))
<BR><BR>[Stack]<UL><LI>Max Depth = 16<LI>Call Chain = adc_external_trigger_config
</UL>
<BR>[Called By]<UL><LI><a href="#[fa]">&gt;&gt;</a>&nbsp;&nbsp;&nbsp;current_calibration
<LI><a href="#[18e]">&gt;&gt;</a>&nbsp;&nbsp;&nbsp;pwm_current_1shunt_adc_config
<LI><a href="#[f1]">&gt;&gt;</a>&nbsp;&nbsp;&nbsp;current_calibration
<LI><a href="#[f0]">&gt;&gt;</a>&nbsp;&nbsp;&nbsp;current_3shunt_adc_config
<LI><a href="#[ee]">&gt;&gt;</a>&nbsp;&nbsp;&nbsp;current_calibration
<LI><a href="#[e5]">&gt;&gt;</a>&nbsp;&nbsp;&nbsp;current_2shunt_adc_config
<LI><a href="#[15c]">&gt;&gt;</a>&nbsp;&nbsp;&nbsp;motor_protect_adc_config
<LI><a href="#[2d]">&gt;&gt;</a>&nbsp;&nbsp;&nbsp;break_ctrl
<LI><a href="#[2c]">&gt;&gt;</a>&nbsp;&nbsp;&nbsp;stop_ctrl
<LI><a href="#[2b]">&gt;&gt;</a>&nbsp;&nbsp;&nbsp;start_ctrl
</UL>

<P><STRONG><a name="[f7]"></a>adc_flag_clear</STRONG> (Thumb, 24 bytes, Stack size 8 bytes, gd32f50x_adc.o(.text.adc_flag_clear))
<BR><BR>[Stack]<UL><LI>Max Depth = 8<LI>Call Chain = adc_flag_clear
</UL>
<BR>[Called By]<UL><LI><a href="#[fa]">&gt;&gt;</a>&nbsp;&nbsp;&nbsp;current_calibration
<LI><a href="#[ee]">&gt;&gt;</a>&nbsp;&nbsp;&nbsp;current_calibration
</UL>

<P><STRONG><a name="[f6]"></a>adc_flag_get</STRONG> (Thumb, 40 bytes, Stack size 12 bytes, gd32f50x_adc.o(.text.adc_flag_get))
<BR><BR>[Stack]<UL><LI>Max Depth = 12<LI>Call Chain = adc_flag_get
</UL>
<BR>[Called By]<UL><LI><a href="#[fa]">&gt;&gt;</a>&nbsp;&nbsp;&nbsp;current_calibration
<LI><a href="#[f1]">&gt;&gt;</a>&nbsp;&nbsp;&nbsp;current_calibration
<LI><a href="#[ee]">&gt;&gt;</a>&nbsp;&nbsp;&nbsp;current_calibration
</UL>

<P><STRONG><a name="[ec]"></a>adc_inserted_channel_config</STRONG> (Thumb, 252 bytes, Stack size 24 bytes, gd32f50x_adc.o(.text.adc_inserted_channel_config))
<BR><BR>[Stack]<UL><LI>Max Depth = 24<LI>Call Chain = adc_inserted_channel_config
</UL>
<BR>[Called By]<UL><LI><a href="#[18e]">&gt;&gt;</a>&nbsp;&nbsp;&nbsp;pwm_current_1shunt_adc_config
<LI><a href="#[f1]">&gt;&gt;</a>&nbsp;&nbsp;&nbsp;current_calibration
<LI><a href="#[f0]">&gt;&gt;</a>&nbsp;&nbsp;&nbsp;current_3shunt_adc_config
<LI><a href="#[ee]">&gt;&gt;</a>&nbsp;&nbsp;&nbsp;current_calibration
<LI><a href="#[e5]">&gt;&gt;</a>&nbsp;&nbsp;&nbsp;current_2shunt_adc_config
<LI><a href="#[34]">&gt;&gt;</a>&nbsp;&nbsp;&nbsp;pwm_current_3shunt_sampling_point_config
</UL>

<P><STRONG><a name="[d7]"></a>adc_interrupt_disable</STRONG> (Thumb, 28 bytes, Stack size 8 bytes, gd32f50x_adc.o(.text.adc_interrupt_disable))
<BR><BR>[Stack]<UL><LI>Max Depth = 8<LI>Call Chain = adc_interrupt_disable
</UL>
<BR>[Called By]<UL><LI><a href="#[2d]">&gt;&gt;</a>&nbsp;&nbsp;&nbsp;break_ctrl
<LI><a href="#[2c]">&gt;&gt;</a>&nbsp;&nbsp;&nbsp;stop_ctrl
</UL>

<P><STRONG><a name="[1a1]"></a>adc_interrupt_enable</STRONG> (Thumb, 24 bytes, Stack size 8 bytes, gd32f50x_adc.o(.text.adc_interrupt_enable))
<BR><BR>[Stack]<UL><LI>Max Depth = 8<LI>Call Chain = adc_interrupt_enable
</UL>
<BR>[Called By]<UL><LI><a href="#[2b]">&gt;&gt;</a>&nbsp;&nbsp;&nbsp;start_ctrl
</UL>

<P><STRONG><a name="[a8]"></a>adc_interrupt_flag_clear</STRONG> (Thumb, 24 bytes, Stack size 8 bytes, gd32f50x_adc.o(.text.adc_interrupt_flag_clear))
<BR><BR>[Stack]<UL><LI>Max Depth = 8<LI>Call Chain = adc_interrupt_flag_clear
</UL>
<BR>[Called By]<UL><LI><a href="#[18e]">&gt;&gt;</a>&nbsp;&nbsp;&nbsp;pwm_current_1shunt_adc_config
<LI><a href="#[2b]">&gt;&gt;</a>&nbsp;&nbsp;&nbsp;start_ctrl
<LI><a href="#[58]">&gt;&gt;</a>&nbsp;&nbsp;&nbsp;ADC0_1_IRQHandler
</UL>

<P><STRONG><a name="[190]"></a>adc_latch_data_read</STRONG> (Thumb, 76 bytes, Stack size 16 bytes, gd32f50x_adc.o(.text.adc_latch_data_read))
<BR><BR>[Stack]<UL><LI>Max Depth = 16<LI>Call Chain = adc_latch_data_read
</UL>
<BR>[Called By]<UL><LI><a href="#[33]">&gt;&gt;</a>&nbsp;&nbsp;&nbsp;pwm_current_1shunt_get_current
<LI><a href="#[32]">&gt;&gt;</a>&nbsp;&nbsp;&nbsp;pwm_current_2shunt_get_current
<LI><a href="#[31]">&gt;&gt;</a>&nbsp;&nbsp;&nbsp;pwm_current_3shunt_get_current
</UL>

<P><STRONG><a name="[ea]"></a>adc_routine_channel_config</STRONG> (Thumb, 364 bytes, Stack size 20 bytes, gd32f50x_adc.o(.text.adc_routine_channel_config))
<BR><BR>[Stack]<UL><LI>Max Depth = 20<LI>Call Chain = adc_routine_channel_config
</UL>
<BR>[Called By]<UL><LI><a href="#[fa]">&gt;&gt;</a>&nbsp;&nbsp;&nbsp;current_calibration
<LI><a href="#[18e]">&gt;&gt;</a>&nbsp;&nbsp;&nbsp;pwm_current_1shunt_adc_config
<LI><a href="#[f1]">&gt;&gt;</a>&nbsp;&nbsp;&nbsp;current_calibration
<LI><a href="#[f0]">&gt;&gt;</a>&nbsp;&nbsp;&nbsp;current_3shunt_adc_config
<LI><a href="#[ee]">&gt;&gt;</a>&nbsp;&nbsp;&nbsp;current_calibration
<LI><a href="#[e5]">&gt;&gt;</a>&nbsp;&nbsp;&nbsp;current_2shunt_adc_config
<LI><a href="#[15c]">&gt;&gt;</a>&nbsp;&nbsp;&nbsp;motor_protect_adc_config
</UL>

<P><STRONG><a name="[f8]"></a>adc_routine_data_read</STRONG> (Thumb, 14 bytes, Stack size 4 bytes, gd32f50x_adc.o(.text.adc_routine_data_read))
<BR><BR>[Stack]<UL><LI>Max Depth = 4<LI>Call Chain = adc_routine_data_read
</UL>
<BR>[Called By]<UL><LI><a href="#[fa]">&gt;&gt;</a>&nbsp;&nbsp;&nbsp;current_calibration
<LI><a href="#[f1]">&gt;&gt;</a>&nbsp;&nbsp;&nbsp;current_calibration
<LI><a href="#[ee]">&gt;&gt;</a>&nbsp;&nbsp;&nbsp;current_calibration
</UL>

<P><STRONG><a name="[f5]"></a>adc_software_trigger_enable</STRONG> (Thumb, 58 bytes, Stack size 8 bytes, gd32f50x_adc.o(.text.adc_software_trigger_enable))
<BR><BR>[Stack]<UL><LI>Max Depth = 8<LI>Call Chain = adc_software_trigger_enable
</UL>
<BR>[Called By]<UL><LI><a href="#[fa]">&gt;&gt;</a>&nbsp;&nbsp;&nbsp;current_calibration
<LI><a href="#[f1]">&gt;&gt;</a>&nbsp;&nbsp;&nbsp;current_calibration
<LI><a href="#[ee]">&gt;&gt;</a>&nbsp;&nbsp;&nbsp;current_calibration
<LI><a href="#[15c]">&gt;&gt;</a>&nbsp;&nbsp;&nbsp;motor_protect_adc_config
<LI><a href="#[c2]">&gt;&gt;</a>&nbsp;&nbsp;&nbsp;motor_protect_check
</UL>

<P><STRONG><a name="[e7]"></a>adc_special_function_config</STRONG> (Thumb, 168 bytes, Stack size 12 bytes, gd32f50x_adc.o(.text.adc_special_function_config))
<BR><BR>[Stack]<UL><LI>Max Depth = 12<LI>Call Chain = adc_special_function_config
</UL>
<BR>[Called By]<UL><LI><a href="#[18e]">&gt;&gt;</a>&nbsp;&nbsp;&nbsp;pwm_current_1shunt_adc_config
<LI><a href="#[f0]">&gt;&gt;</a>&nbsp;&nbsp;&nbsp;current_3shunt_adc_config
<LI><a href="#[e5]">&gt;&gt;</a>&nbsp;&nbsp;&nbsp;current_2shunt_adc_config
</UL>

<P><STRONG><a name="[e6]"></a>adc_sync_mode_config</STRONG> (Thumb, 36 bytes, Stack size 4 bytes, gd32f50x_adc.o(.text.adc_sync_mode_config))
<BR><BR>[Stack]<UL><LI>Max Depth = 4<LI>Call Chain = adc_sync_mode_config
</UL>
<BR>[Called By]<UL><LI><a href="#[f0]">&gt;&gt;</a>&nbsp;&nbsp;&nbsp;current_3shunt_adc_config
<LI><a href="#[e5]">&gt;&gt;</a>&nbsp;&nbsp;&nbsp;current_2shunt_adc_config
</UL>

<P><STRONG><a name="[ae]"></a>angle_get</STRONG> (Thumb, 700 bytes, Stack size 24 bytes, angle.o(.text.angle_get))
<BR><BR>[Stack]<UL><LI>Max Depth = 24<LI>Call Chain = angle_get
</UL>
<BR>[Called By]<UL><LI><a href="#[58]">&gt;&gt;</a>&nbsp;&nbsp;&nbsp;ADC0_1_IRQHandler
</UL>

<P><STRONG><a name="[d2]"></a>angle_init</STRONG> (Thumb, 350 bytes, Stack size 16 bytes, angle.o(.text.angle_init))
<BR><BR>[Stack]<UL><LI>Max Depth = 24<LI>Call Chain = angle_init &rArr; flux_observer_init
</UL>
<BR>[Calls]<UL><LI><a href="#[d4]">&gt;&gt;</a>&nbsp;&nbsp;&nbsp;flux_observer_init
<LI><a href="#[d3]">&gt;&gt;</a>&nbsp;&nbsp;&nbsp;pid_init
</UL>
<BR>[Called By]<UL><LI><a href="#[155]">&gt;&gt;</a>&nbsp;&nbsp;&nbsp;motor_state_machine
</UL>

<P><STRONG><a name="[11c]"></a>angle_nomalize_float</STRONG> (Thumb, 88 bytes, Stack size 4 bytes, foc_math.o(.text.angle_nomalize_float))
<BR><BR>[Stack]<UL><LI>Max Depth = 4<LI>Call Chain = angle_nomalize_float
</UL>
<BR>[Called By]<UL><LI><a href="#[12f]">&gt;&gt;</a>&nbsp;&nbsp;&nbsp;hall_fix_macro_data_read
<LI><a href="#[12e]">&gt;&gt;</a>&nbsp;&nbsp;&nbsp;hall_detect_fmc_data_read
<LI><a href="#[d]">&gt;&gt;</a>&nbsp;&nbsp;&nbsp;hall_angle_detect
<LI><a href="#[b]">&gt;&gt;</a>&nbsp;&nbsp;&nbsp;hall_angle_calc
<LI><a href="#[9]">&gt;&gt;</a>&nbsp;&nbsp;&nbsp;hall_normal_var_init
<LI><a href="#[0]">&gt;&gt;</a>&nbsp;&nbsp;&nbsp;flux_observer_update
<LI><a href="#[10]">&gt;&gt;</a>&nbsp;&nbsp;&nbsp;if_start_up
<LI><a href="#[3b]">&gt;&gt;</a>&nbsp;&nbsp;&nbsp;vf_start_up
<LI><a href="#[19f]">&gt;&gt;</a>&nbsp;&nbsp;&nbsp;smo_pll_update
<LI><a href="#[19d]">&gt;&gt;</a>&nbsp;&nbsp;&nbsp;smo_atan_update
</UL>

<P><STRONG><a name="[ca]"></a>angle_sensor_interrupt_handler</STRONG> (Thumb, 186 bytes, Stack size 16 bytes, angle.o(.text.angle_sensor_interrupt_handler))
<BR><BR>[Stack]<UL><LI>Max Depth = 24<LI>Call Chain = angle_sensor_interrupt_handler &rArr; timer_interrupt_flag_clear
</UL>
<BR>[Calls]<UL><LI><a href="#[d5]">&gt;&gt;</a>&nbsp;&nbsp;&nbsp;timer_interrupt_flag_clear
</UL>
<BR>[Called By]<UL><LI><a href="#[63]">&gt;&gt;</a>&nbsp;&nbsp;&nbsp;TIMER2_IRQHandler
</UL>

<P><STRONG><a name="[ad]"></a>angle_set_elec_angle_from_uart4</STRONG> (Thumb, 22 bytes, Stack size 4 bytes, angle.o(.text.angle_set_elec_angle_from_uart4))
<BR><BR>[Stack]<UL><LI>Max Depth = 4<LI>Call Chain = angle_set_elec_angle_from_uart4
</UL>
<BR>[Called By]<UL><LI><a href="#[58]">&gt;&gt;</a>&nbsp;&nbsp;&nbsp;ADC0_1_IRQHandler
</UL>

<P><STRONG><a name="[11b]"></a>atan2_float</STRONG> (Thumb, 1216 bytes, Stack size 20 bytes, foc_math.o(.text.atan2_float))
<BR><BR>[Stack]<UL><LI>Max Depth = 20<LI>Call Chain = atan2_float
</UL>
<BR>[Called By]<UL><LI><a href="#[0]">&gt;&gt;</a>&nbsp;&nbsp;&nbsp;flux_observer_update
<LI><a href="#[19f]">&gt;&gt;</a>&nbsp;&nbsp;&nbsp;smo_pll_update
<LI><a href="#[19d]">&gt;&gt;</a>&nbsp;&nbsp;&nbsp;smo_atan_update
</UL>

<P><STRONG><a name="[2d]"></a>break_ctrl</STRONG> (Thumb, 52 bytes, Stack size 16 bytes, motor_ctrl_driver.o(.text.break_ctrl))
<BR><BR>[Stack]<UL><LI>Max Depth = 72<LI>Call Chain = break_ctrl &rArr; motor_patial_brake &rArr; timer_channel_output_pulse_value_config
</UL>
<BR>[Calls]<UL><LI><a href="#[d7]">&gt;&gt;</a>&nbsp;&nbsp;&nbsp;adc_interrupt_disable
<LI><a href="#[d8]">&gt;&gt;</a>&nbsp;&nbsp;&nbsp;motor_patial_brake
<LI><a href="#[d6]">&gt;&gt;</a>&nbsp;&nbsp;&nbsp;adc_external_trigger_config
<LI><a href="#[d9]">&gt;&gt;</a>&nbsp;&nbsp;&nbsp;soft_delay_ms
</UL>
<BR>[Address Reference Count : 1]<UL><LI> gdfoc_config.o(.data.motor)
</UL>
<P><STRONG><a name="[b0]"></a>clarke_amplitude</STRONG> (Thumb, 60 bytes, Stack size 16 bytes, foc_math.o(.text.clarke_amplitude))
<BR><BR>[Stack]<UL><LI>Max Depth = 16<LI>Call Chain = clarke_amplitude
</UL>
<BR>[Called By]<UL><LI><a href="#[58]">&gt;&gt;</a>&nbsp;&nbsp;&nbsp;ADC0_1_IRQHandler
</UL>

<P><STRONG><a name="[da]"></a>comm_init</STRONG> (Thumb, 16 bytes, Stack size 8 bytes, communication.o(.text.comm_init))
<BR><BR>[Stack]<UL><LI>Max Depth = 172<LI>Call Chain = comm_init &rArr; usart_config &rArr; usart_baudrate_set &rArr; rcu_clock_freq_get
</UL>
<BR>[Calls]<UL><LI><a href="#[dd]">&gt;&gt;</a>&nbsp;&nbsp;&nbsp;usart_config
<LI><a href="#[dc]">&gt;&gt;</a>&nbsp;&nbsp;&nbsp;usart_gpio_config
<LI><a href="#[db]">&gt;&gt;</a>&nbsp;&nbsp;&nbsp;usart_rcu_config
</UL>
<BR>[Called By]<UL><LI><a href="#[95]">&gt;&gt;</a>&nbsp;&nbsp;&nbsp;main
</UL>

<P><STRONG><a name="[b6]"></a>comm_usart_interrupt_handler</STRONG> (Thumb, 82 bytes, Stack size 8 bytes, communication.o(.text.comm_usart_interrupt_handler))
<BR><BR>[Stack]<UL><LI>Max Depth = 36<LI>Call Chain = comm_usart_interrupt_handler &rArr; dma_interrupt_flag_get
</UL>
<BR>[Calls]<UL><LI><a href="#[df]">&gt;&gt;</a>&nbsp;&nbsp;&nbsp;dma_interrupt_flag_clear
<LI><a href="#[de]">&gt;&gt;</a>&nbsp;&nbsp;&nbsp;dma_interrupt_flag_get
<LI><a href="#[e0]">&gt;&gt;</a>&nbsp;&nbsp;&nbsp;__aeabi_memcpy
</UL>
<BR>[Called By]<UL><LI><a href="#[53]">&gt;&gt;</a>&nbsp;&nbsp;&nbsp;DMA0_Channel2_IRQHandler
</UL>

<P><STRONG><a name="[c3]"></a>comm_usart_motor_state_data_transmit</STRONG> (Thumb, 556 bytes, Stack size 16 bytes, communication.o(.text.comm_usart_motor_state_data_transmit))
<BR><BR>[Stack]<UL><LI>Max Depth = 32<LI>Call Chain = comm_usart_motor_state_data_transmit &rArr; dma_flag_get
</UL>
<BR>[Calls]<UL><LI><a href="#[e4]">&gt;&gt;</a>&nbsp;&nbsp;&nbsp;dma_channel_enable
<LI><a href="#[e3]">&gt;&gt;</a>&nbsp;&nbsp;&nbsp;dma_channel_disable
<LI><a href="#[e2]">&gt;&gt;</a>&nbsp;&nbsp;&nbsp;dma_flag_clear
<LI><a href="#[e1]">&gt;&gt;</a>&nbsp;&nbsp;&nbsp;dma_flag_get
</UL>
<BR>[Called By]<UL><LI><a href="#[45]">&gt;&gt;</a>&nbsp;&nbsp;&nbsp;SysTick_Handler
</UL>

<P><STRONG><a name="[19b]"></a>csvpwm</STRONG> (Thumb, 1032 bytes, Stack size 68 bytes, modulation.o(.text.csvpwm))
<BR><BR>[Stack]<UL><LI>Max Depth = 68<LI>Call Chain = csvpwm
</UL>
<BR>[Called By]<UL><LI><a href="#[b5]">&gt;&gt;</a>&nbsp;&nbsp;&nbsp;pwm_generation
</UL>

<P><STRONG><a name="[151]"></a>dbg_periph_enable</STRONG> (Thumb, 40 bytes, Stack size 4 bytes, gd32f50x_dbg.o(.text.dbg_periph_enable))
<BR><BR>[Stack]<UL><LI>Max Depth = 4<LI>Call Chain = dbg_periph_enable
</UL>
<BR>[Called By]<UL><LI><a href="#[95]">&gt;&gt;</a>&nbsp;&nbsp;&nbsp;main
</UL>

<P><STRONG><a name="[12a]"></a>delay_1ms</STRONG> (Thumb, 38 bytes, Stack size 4 bytes, systick.o(.text.delay_1ms))
<BR><BR>[Stack]<UL><LI>Max Depth = 4<LI>Call Chain = delay_1ms
</UL>
<BR>[Called By]<UL><LI><a href="#[11]">&gt;&gt;</a>&nbsp;&nbsp;&nbsp;fun_index_start
<LI><a href="#[150]">&gt;&gt;</a>&nbsp;&nbsp;&nbsp;led_sacn_state
<LI><a href="#[155]">&gt;&gt;</a>&nbsp;&nbsp;&nbsp;motor_state_machine
</UL>

<P><STRONG><a name="[bf]"></a>delay_decrement</STRONG> (Thumb, 32 bytes, Stack size 0 bytes, systick.o(.text.delay_decrement))
<BR><BR>[Called By]<UL><LI><a href="#[45]">&gt;&gt;</a>&nbsp;&nbsp;&nbsp;SysTick_Handler
</UL>

<P><STRONG><a name="[e3]"></a>dma_channel_disable</STRONG> (Thumb, 34 bytes, Stack size 8 bytes, gd32f50x_dma.o(.text.dma_channel_disable))
<BR><BR>[Stack]<UL><LI>Max Depth = 8<LI>Call Chain = dma_channel_disable
</UL>
<BR>[Called By]<UL><LI><a href="#[c3]">&gt;&gt;</a>&nbsp;&nbsp;&nbsp;comm_usart_motor_state_data_transmit
</UL>

<P><STRONG><a name="[e4]"></a>dma_channel_enable</STRONG> (Thumb, 34 bytes, Stack size 8 bytes, gd32f50x_dma.o(.text.dma_channel_enable))
<BR><BR>[Stack]<UL><LI>Max Depth = 8<LI>Call Chain = dma_channel_enable
</UL>
<BR>[Called By]<UL><LI><a href="#[194]">&gt;&gt;</a>&nbsp;&nbsp;&nbsp;timer0_dma_config
<LI><a href="#[161]">&gt;&gt;</a>&nbsp;&nbsp;&nbsp;motor_protect_dma_config
<LI><a href="#[c3]">&gt;&gt;</a>&nbsp;&nbsp;&nbsp;comm_usart_motor_state_data_transmit
</UL>

<P><STRONG><a name="[163]"></a>dma_circulation_enable</STRONG> (Thumb, 34 bytes, Stack size 8 bytes, gd32f50x_dma.o(.text.dma_circulation_enable))
<BR><BR>[Stack]<UL><LI>Max Depth = 8<LI>Call Chain = dma_circulation_enable
</UL>
<BR>[Called By]<UL><LI><a href="#[194]">&gt;&gt;</a>&nbsp;&nbsp;&nbsp;timer0_dma_config
<LI><a href="#[161]">&gt;&gt;</a>&nbsp;&nbsp;&nbsp;motor_protect_dma_config
</UL>

<P><STRONG><a name="[162]"></a>dma_deinit</STRONG> (Thumb, 120 bytes, Stack size 8 bytes, gd32f50x_dma.o(.text.dma_deinit))
<BR><BR>[Stack]<UL><LI>Max Depth = 8<LI>Call Chain = dma_deinit
</UL>
<BR>[Called By]<UL><LI><a href="#[194]">&gt;&gt;</a>&nbsp;&nbsp;&nbsp;timer0_dma_config
<LI><a href="#[161]">&gt;&gt;</a>&nbsp;&nbsp;&nbsp;motor_protect_dma_config
</UL>

<P><STRONG><a name="[e2]"></a>dma_flag_clear</STRONG> (Thumb, 34 bytes, Stack size 12 bytes, gd32f50x_dma.o(.text.dma_flag_clear))
<BR><BR>[Stack]<UL><LI>Max Depth = 12<LI>Call Chain = dma_flag_clear
</UL>
<BR>[Called By]<UL><LI><a href="#[c3]">&gt;&gt;</a>&nbsp;&nbsp;&nbsp;comm_usart_motor_state_data_transmit
</UL>

<P><STRONG><a name="[e1]"></a>dma_flag_get</STRONG> (Thumb, 54 bytes, Stack size 16 bytes, gd32f50x_dma.o(.text.dma_flag_get))
<BR><BR>[Stack]<UL><LI>Max Depth = 16<LI>Call Chain = dma_flag_get
</UL>
<BR>[Called By]<UL><LI><a href="#[c3]">&gt;&gt;</a>&nbsp;&nbsp;&nbsp;comm_usart_motor_state_data_transmit
</UL>

<P><STRONG><a name="[ff]"></a>dma_init</STRONG> (Thumb, 490 bytes, Stack size 24 bytes, gd32f50x_dma.o(.text.dma_init))
<BR><BR>[Stack]<UL><LI>Max Depth = 48<LI>Call Chain = dma_init &rArr; fw_debug_report_err
</UL>
<BR>[Calls]<UL><LI><a href="#[100]">&gt;&gt;</a>&nbsp;&nbsp;&nbsp;fw_debug_report_err
</UL>
<BR>[Called By]<UL><LI><a href="#[194]">&gt;&gt;</a>&nbsp;&nbsp;&nbsp;timer0_dma_config
<LI><a href="#[161]">&gt;&gt;</a>&nbsp;&nbsp;&nbsp;motor_protect_dma_config
</UL>

<P><STRONG><a name="[df]"></a>dma_interrupt_flag_clear</STRONG> (Thumb, 34 bytes, Stack size 12 bytes, gd32f50x_dma.o(.text.dma_interrupt_flag_clear))
<BR><BR>[Stack]<UL><LI>Max Depth = 12<LI>Call Chain = dma_interrupt_flag_clear
</UL>
<BR>[Called By]<UL><LI><a href="#[b6]">&gt;&gt;</a>&nbsp;&nbsp;&nbsp;comm_usart_interrupt_handler
</UL>

<P><STRONG><a name="[de]"></a>dma_interrupt_flag_get</STRONG> (Thumb, 208 bytes, Stack size 28 bytes, gd32f50x_dma.o(.text.dma_interrupt_flag_get))
<BR><BR>[Stack]<UL><LI>Max Depth = 28<LI>Call Chain = dma_interrupt_flag_get
</UL>
<BR>[Called By]<UL><LI><a href="#[b6]">&gt;&gt;</a>&nbsp;&nbsp;&nbsp;comm_usart_interrupt_handler
</UL>

<P><STRONG><a name="[164]"></a>dma_memory_to_memory_disable</STRONG> (Thumb, 34 bytes, Stack size 8 bytes, gd32f50x_dma.o(.text.dma_memory_to_memory_disable))
<BR><BR>[Stack]<UL><LI>Max Depth = 8<LI>Call Chain = dma_memory_to_memory_disable
</UL>
<BR>[Called By]<UL><LI><a href="#[194]">&gt;&gt;</a>&nbsp;&nbsp;&nbsp;timer0_dma_config
<LI><a href="#[161]">&gt;&gt;</a>&nbsp;&nbsp;&nbsp;motor_protect_dma_config
</UL>

<P><STRONG><a name="[101]"></a>dma_struct_para_init</STRONG> (Thumb, 78 bytes, Stack size 16 bytes, gd32f50x_dma.o(.text.dma_struct_para_init))
<BR><BR>[Stack]<UL><LI>Max Depth = 40<LI>Call Chain = dma_struct_para_init &rArr; fw_debug_report_err
</UL>
<BR>[Calls]<UL><LI><a href="#[100]">&gt;&gt;</a>&nbsp;&nbsp;&nbsp;fw_debug_report_err
</UL>
<BR>[Called By]<UL><LI><a href="#[194]">&gt;&gt;</a>&nbsp;&nbsp;&nbsp;timer0_dma_config
</UL>

<P><STRONG><a name="[19c]"></a>dsvpwm</STRONG> (Thumb, 968 bytes, Stack size 68 bytes, modulation.o(.text.dsvpwm))
<BR><BR>[Stack]<UL><LI>Max Depth = 68<LI>Call Chain = dsvpwm
</UL>
<BR>[Called By]<UL><LI><a href="#[b5]">&gt;&gt;</a>&nbsp;&nbsp;&nbsp;pwm_generation
</UL>

<P><STRONG><a name="[bb]"></a>ec11_handle</STRONG> (Thumb, 384 bytes, Stack size 4 bytes, gd32_bldc_foc_eval.o(.text.ec11_handle))
<BR><BR>[Stack]<UL><LI>Max Depth = 4<LI>Call Chain = ec11_handle
</UL>
<BR>[Called By]<UL><LI><a href="#[6e]">&gt;&gt;</a>&nbsp;&nbsp;&nbsp;EXTI10_15_IRQHandler
</UL>

<P><STRONG><a name="[b9]"></a>ec_delay</STRONG> (Thumb, 62 bytes, Stack size 4 bytes, gd32_bldc_foc_eval.o(.text.ec_delay))
<BR><BR>[Stack]<UL><LI>Max Depth = 4<LI>Call Chain = ec_delay
</UL>
<BR>[Called By]<UL><LI><a href="#[6e]">&gt;&gt;</a>&nbsp;&nbsp;&nbsp;EXTI10_15_IRQHandler
</UL>

<P><STRONG><a name="[3]"></a>encoder_sensor_angle_calc</STRONG> (Thumb, 348 bytes, Stack size 16 bytes, angle_encoder.o(.text.encoder_sensor_angle_calc))
<BR><BR>[Stack]<UL><LI>Max Depth = 16<LI>Call Chain = encoder_sensor_angle_calc
</UL>
<BR>[Address Reference Count : 1]<UL><LI> gdfoc_config.o(.data.encoder)
</UL>
<P><STRONG><a name="[6]"></a>encoder_sensor_angle_detect</STRONG> (Thumb, 10 bytes, Stack size 8 bytes, angle_encoder.o(.text.encoder_sensor_angle_detect))
<BR><BR>[Stack]<UL><LI>Max Depth = 8<LI>Call Chain = encoder_sensor_angle_detect
</UL>
<BR>[Address Reference Count : 1]<UL><LI> gdfoc_config.o(.data.encoder)
</UL>
<P><STRONG><a name="[4]"></a>encoder_sensor_detect_var_init</STRONG> (Thumb, 36 bytes, Stack size 8 bytes, angle_encoder.o(.text.encoder_sensor_detect_var_init))
<BR><BR>[Stack]<UL><LI>Max Depth = 8<LI>Call Chain = encoder_sensor_detect_var_init
</UL>
<BR>[Address Reference Count : 1]<UL><LI> gdfoc_config.o(.data.encoder)
</UL>
<P><STRONG><a name="[7]"></a>encoder_sensor_interrupt_handler</STRONG> (Thumb, 132 bytes, Stack size 24 bytes, angle_encoder.o(.text.encoder_sensor_interrupt_handler))
<BR><BR>[Stack]<UL><LI>Max Depth = 108<LI>Call Chain = encoder_sensor_interrupt_handler &rArr; encoder_sensor_detect_fmc_data_program &rArr; fmc_halfword_program &rArr; fmc_bank1_ready_wait &rArr; fmc_bank1_state_get
</UL>
<BR>[Calls]<UL><LI><a href="#[106]">&gt;&gt;</a>&nbsp;&nbsp;&nbsp;encoder_sensor_detect_fmc_data_program
<LI><a href="#[10b]">&gt;&gt;</a>&nbsp;&nbsp;&nbsp;encoder_sensor_detect_fmc_erase_pages
<LI><a href="#[10d]">&gt;&gt;</a>&nbsp;&nbsp;&nbsp;timer_interrupt_flag_get
<LI><a href="#[10e]">&gt;&gt;</a>&nbsp;&nbsp;&nbsp;timer_event_software_generate
<LI><a href="#[d5]">&gt;&gt;</a>&nbsp;&nbsp;&nbsp;timer_interrupt_flag_clear
<LI><a href="#[2]">&gt;&gt;</a>&nbsp;&nbsp;&nbsp;encoder_sensor_speed_calc
</UL>
<BR>[Address Reference Count : 1]<UL><LI> gdfoc_config.o(.data.encoder)
</UL>
<P><STRONG><a name="[1]"></a>encoder_sensor_peripheral_init</STRONG> (Thumb, 300 bytes, Stack size 72 bytes, angle_encoder.o(.text.encoder_sensor_peripheral_init))
<BR><BR>[Stack]<UL><LI>Max Depth = 152<LI>Call Chain = encoder_sensor_peripheral_init &rArr; timer_quadrature_decoder_mode_config &rArr; timer_slave_mode_select
</UL>
<BR>[Calls]<UL><LI><a href="#[112]">&gt;&gt;</a>&nbsp;&nbsp;&nbsp;timer_quadrature_decoder_mode_config
<LI><a href="#[113]">&gt;&gt;</a>&nbsp;&nbsp;&nbsp;timer_interrupt_enable
<LI><a href="#[111]">&gt;&gt;</a>&nbsp;&nbsp;&nbsp;timer_input_capture_config
<LI><a href="#[110]">&gt;&gt;</a>&nbsp;&nbsp;&nbsp;timer_init
<LI><a href="#[10f]">&gt;&gt;</a>&nbsp;&nbsp;&nbsp;timer_deinit
<LI><a href="#[114]">&gt;&gt;</a>&nbsp;&nbsp;&nbsp;timer_enable
<LI><a href="#[d5]">&gt;&gt;</a>&nbsp;&nbsp;&nbsp;timer_interrupt_flag_clear
<LI><a href="#[ef]">&gt;&gt;</a>&nbsp;&nbsp;&nbsp;nvic_irq_enable
<LI><a href="#[f9]">&gt;&gt;</a>&nbsp;&nbsp;&nbsp;gpio_af_set
<LI><a href="#[f2]">&gt;&gt;</a>&nbsp;&nbsp;&nbsp;gpio_mode_set
<LI><a href="#[103]">&gt;&gt;</a>&nbsp;&nbsp;&nbsp;rcu_periph_clock_enable
</UL>
<BR>[Address Reference Count : 1]<UL><LI> gdfoc_config.o(.data.encoder)
</UL>
<P><STRONG><a name="[2]"></a>encoder_sensor_speed_calc</STRONG> (Thumb, 28 bytes, Stack size 4 bytes, angle_encoder.o(.text.encoder_sensor_speed_calc))
<BR><BR>[Stack]<UL><LI>Max Depth = 4<LI>Call Chain = encoder_sensor_speed_calc
</UL>
<BR>[Called By]<UL><LI><a href="#[7]">&gt;&gt;</a>&nbsp;&nbsp;&nbsp;encoder_sensor_interrupt_handler
</UL>
<BR>[Address Reference Count : 1]<UL><LI> gdfoc_config.o(.data.encoder)
</UL>
<P><STRONG><a name="[5]"></a>encoder_sensor_var_init</STRONG> (Thumb, 18 bytes, Stack size 16 bytes, angle_encoder.o(.text.encoder_sensor_var_init))
<BR><BR>[Stack]<UL><LI>Max Depth = 24<LI>Call Chain = encoder_sensor_var_init &rArr; encoder_sensor_detect_fmc_data_read
</UL>
<BR>[Calls]<UL><LI><a href="#[115]">&gt;&gt;</a>&nbsp;&nbsp;&nbsp;encoder_sensor_detect_fmc_data_read
</UL>
<BR>[Address Reference Count : 1]<UL><LI> gdfoc_config.o(.data.encoder)
</UL>
<P><STRONG><a name="[116]"></a>eval_board_init</STRONG> (Thumb, 20 bytes, Stack size 8 bytes, gd32_bldc_foc_eval.o(.text.eval_board_init))
<BR><BR>[Stack]<UL><LI>Max Depth = 188<LI>Call Chain = eval_board_init &rArr; oled_init &rArr; oled_flip_horizontal &rArr; oled_write_byte &rArr; i2c_bus_reset &rArr; i2c_gpio_reset &rArr; gpio_mode_set
</UL>
<BR>[Calls]<UL><LI><a href="#[119]">&gt;&gt;</a>&nbsp;&nbsp;&nbsp;oled_init
<LI><a href="#[118]">&gt;&gt;</a>&nbsp;&nbsp;&nbsp;led_init
<LI><a href="#[102]">&gt;&gt;</a>&nbsp;&nbsp;&nbsp;ec_init
<LI><a href="#[117]">&gt;&gt;</a>&nbsp;&nbsp;&nbsp;key_init
</UL>
<BR>[Called By]<UL><LI><a href="#[95]">&gt;&gt;</a>&nbsp;&nbsp;&nbsp;main
</UL>

<P><STRONG><a name="[105]"></a>exti_init</STRONG> (Thumb, 266 bytes, Stack size 16 bytes, gd32f50x_exti.o(.text.exti_init))
<BR><BR>[Stack]<UL><LI>Max Depth = 16<LI>Call Chain = exti_init
</UL>
<BR>[Called By]<UL><LI><a href="#[102]">&gt;&gt;</a>&nbsp;&nbsp;&nbsp;ec_init
</UL>

<P><STRONG><a name="[b8]"></a>exti_interrupt_flag_clear</STRONG> (Thumb, 20 bytes, Stack size 4 bytes, gd32f50x_exti.o(.text.exti_interrupt_flag_clear))
<BR><BR>[Stack]<UL><LI>Max Depth = 4<LI>Call Chain = exti_interrupt_flag_clear
</UL>
<BR>[Called By]<UL><LI><a href="#[102]">&gt;&gt;</a>&nbsp;&nbsp;&nbsp;ec_init
<LI><a href="#[6e]">&gt;&gt;</a>&nbsp;&nbsp;&nbsp;EXTI10_15_IRQHandler
</UL>

<P><STRONG><a name="[b7]"></a>exti_interrupt_flag_get</STRONG> (Thumb, 46 bytes, Stack size 8 bytes, gd32f50x_exti.o(.text.exti_interrupt_flag_get))
<BR><BR>[Stack]<UL><LI>Max Depth = 8<LI>Call Chain = exti_interrupt_flag_get
</UL>
<BR>[Called By]<UL><LI><a href="#[6e]">&gt;&gt;</a>&nbsp;&nbsp;&nbsp;EXTI10_15_IRQHandler
</UL>

<P><STRONG><a name="[d4]"></a>flux_observer_init</STRONG> (Thumb, 112 bytes, Stack size 8 bytes, aflux_observer.o(.text.flux_observer_init))
<BR><BR>[Stack]<UL><LI>Max Depth = 8<LI>Call Chain = flux_observer_init
</UL>
<BR>[Called By]<UL><LI><a href="#[d2]">&gt;&gt;</a>&nbsp;&nbsp;&nbsp;angle_init
</UL>

<P><STRONG><a name="[0]"></a>flux_observer_update</STRONG> (Thumb, 812 bytes, Stack size 32 bytes, aflux_observer.o(.text.flux_observer_update))
<BR><BR>[Stack]<UL><LI>Max Depth = 56<LI>Call Chain = flux_observer_update &rArr; rev_park
</UL>
<BR>[Calls]<UL><LI><a href="#[11b]">&gt;&gt;</a>&nbsp;&nbsp;&nbsp;atan2_float
<LI><a href="#[11c]">&gt;&gt;</a>&nbsp;&nbsp;&nbsp;angle_nomalize_float
<LI><a href="#[11a]">&gt;&gt;</a>&nbsp;&nbsp;&nbsp;pid_incremental_regulation
<LI><a href="#[b4]">&gt;&gt;</a>&nbsp;&nbsp;&nbsp;rev_park
<LI><a href="#[b1]">&gt;&gt;</a>&nbsp;&nbsp;&nbsp;park
<LI><a href="#[af]">&gt;&gt;</a>&nbsp;&nbsp;&nbsp;sin_cos_float
</UL>
<BR>[Address Reference Count : 1]<UL><LI> gdfoc_config.o(.data.aflux)
</UL>
<P><STRONG><a name="[c6]"></a>fmc_bank0_lock</STRONG> (Thumb, 18 bytes, Stack size 0 bytes, gd32f50x_fmc.o(.text.fmc_bank0_lock))
<BR><BR>[Called By]<UL><LI><a href="#[96]">&gt;&gt;</a>&nbsp;&nbsp;&nbsp;SystemInit
</UL>

<P><STRONG><a name="[11d]"></a>fmc_bank0_ready_wait</STRONG> (Thumb, 92 bytes, Stack size 24 bytes, gd32f50x_fmc.o(.text.fmc_bank0_ready_wait))
[...]
<LI><a href="#[18b]">&gt;&gt;</a>&nbsp;&nbsp;&nbsp;timer_channel_primary_output_config
<LI><a href="#[18a]">&gt;&gt;</a>&nbsp;&nbsp;&nbsp;timer_master_slave_mode_config
<LI><a href="#[189]">&gt;&gt;</a>&nbsp;&nbsp;&nbsp;timer_master_output_trigger_source_select
<LI><a href="#[188]">&gt;&gt;</a>&nbsp;&nbsp;&nbsp;timer_break_config
<LI><a href="#[187]">&gt;&gt;</a>&nbsp;&nbsp;&nbsp;timer_break_struct_para_init
<LI><a href="#[186]">&gt;&gt;</a>&nbsp;&nbsp;&nbsp;timer_channel_output_shadow_config
<LI><a href="#[185]">&gt;&gt;</a>&nbsp;&nbsp;&nbsp;timer_auto_reload_shadow_enable
<LI><a href="#[184]">&gt;&gt;</a>&nbsp;&nbsp;&nbsp;timer_struct_para_init
<LI><a href="#[13c]">&gt;&gt;</a>&nbsp;&nbsp;&nbsp;timer_channel_output_mode_config
<LI><a href="#[13a]">&gt;&gt;</a>&nbsp;&nbsp;&nbsp;timer_channel_output_config
<LI><a href="#[139]">&gt;&gt;</a>&nbsp;&nbsp;&nbsp;timer_channel_output_struct_para_init
<LI><a href="#[110]">&gt;&gt;</a>&nbsp;&nbsp;&nbsp;timer_init
<LI><a href="#[10f]">&gt;&gt;</a>&nbsp;&nbsp;&nbsp;timer_deinit
<LI><a href="#[13b]">&gt;&gt;</a>&nbsp;&nbsp;&nbsp;timer_channel_output_pulse_value_config
<LI><a href="#[103]">&gt;&gt;</a>&nbsp;&nbsp;&nbsp;rcu_periph_clock_enable
</UL>
<BR>[Called By]<UL><LI><a href="#[2e]">&gt;&gt;</a>&nbsp;&nbsp;&nbsp;pwm_current_3shunt_peripheral_init
</UL>

<P><STRONG><a name="[f0]"></a>current_3shunt_adc_config</STRONG> (Thumb, 226 bytes, Stack size 40 bytes, pwm_current_3shunt.o(.text.current_3shunt_adc_config))
<BR><BR>[Stack]<UL><LI>Max Depth = 196<LI>Call Chain = current_3shunt_adc_config &rArr; current_calibration &rArr; gpio_mode_set
</UL>
<BR>[Calls]<UL><LI><a href="#[f1]">&gt;&gt;</a>&nbsp;&nbsp;&nbsp;current_calibration
<LI><a href="#[ed]">&gt;&gt;</a>&nbsp;&nbsp;&nbsp;adc_enable
<LI><a href="#[ec]">&gt;&gt;</a>&nbsp;&nbsp;&nbsp;adc_inserted_channel_config
<LI><a href="#[eb]">&gt;&gt;</a>&nbsp;&nbsp;&nbsp;trigsel_init
<LI><a href="#[e7]">&gt;&gt;</a>&nbsp;&nbsp;&nbsp;adc_special_function_config
<LI><a href="#[e6]">&gt;&gt;</a>&nbsp;&nbsp;&nbsp;adc_sync_mode_config
<LI><a href="#[cf]">&gt;&gt;</a>&nbsp;&nbsp;&nbsp;adc_deinit
<LI><a href="#[ea]">&gt;&gt;</a>&nbsp;&nbsp;&nbsp;adc_routine_channel_config
<LI><a href="#[e9]">&gt;&gt;</a>&nbsp;&nbsp;&nbsp;adc_channel_length_config
<LI><a href="#[d6]">&gt;&gt;</a>&nbsp;&nbsp;&nbsp;adc_external_trigger_config
<LI><a href="#[e8]">&gt;&gt;</a>&nbsp;&nbsp;&nbsp;adc_data_alignment_config
<LI><a href="#[ef]">&gt;&gt;</a>&nbsp;&nbsp;&nbsp;nvic_irq_enable
</UL>
<BR>[Called By]<UL><LI><a href="#[2e]">&gt;&gt;</a>&nbsp;&nbsp;&nbsp;pwm_current_3shunt_peripheral_init
</UL>

<P><STRONG><a name="[f1]"></a>current_calibration</STRONG> (Thumb, 972 bytes, Stack size 128 bytes, pwm_current_3shunt.o(.text.current_calibration))
<BR><BR>[Stack]<UL><LI>Max Depth = 156<LI>Call Chain = current_calibration &rArr; gpio_mode_set
</UL>
<BR>[Calls]<UL><LI><a href="#[f8]">&gt;&gt;</a>&nbsp;&nbsp;&nbsp;adc_routine_data_read
<LI><a href="#[f6]">&gt;&gt;</a>&nbsp;&nbsp;&nbsp;adc_flag_get
<LI><a href="#[ec]">&gt;&gt;</a>&nbsp;&nbsp;&nbsp;adc_inserted_channel_config
<LI><a href="#[f5]">&gt;&gt;</a>&nbsp;&nbsp;&nbsp;adc_software_trigger_enable
<LI><a href="#[ea]">&gt;&gt;</a>&nbsp;&nbsp;&nbsp;adc_routine_channel_config
<LI><a href="#[d6]">&gt;&gt;</a>&nbsp;&nbsp;&nbsp;adc_external_trigger_config
<LI><a href="#[f4]">&gt;&gt;</a>&nbsp;&nbsp;&nbsp;gpio_bit_reset
<LI><a href="#[f3]">&gt;&gt;</a>&nbsp;&nbsp;&nbsp;gpio_output_options_set
<LI><a href="#[f9]">&gt;&gt;</a>&nbsp;&nbsp;&nbsp;gpio_af_set
<LI><a href="#[f2]">&gt;&gt;</a>&nbsp;&nbsp;&nbsp;gpio_mode_set
</UL>
<BR>[Called By]<UL><LI><a href="#[f0]">&gt;&gt;</a>&nbsp;&nbsp;&nbsp;current_3shunt_adc_config
</UL>

<P><STRONG><a name="[192]"></a>pwm_current_1shunt_rcu_config</STRONG> (Thumb, 94 bytes, Stack size 16 bytes, pwm_current_1shunt.o(.text.pwm_current_1shunt_rcu_config))
<BR><BR>[Stack]<UL><LI>Max Depth = 32<LI>Call Chain = pwm_current_1shunt_rcu_config &rArr; rcu_adc_clock_config
</UL>
<BR>[Calls]<UL><LI><a href="#[169]">&gt;&gt;</a>&nbsp;&nbsp;&nbsp;rcu_adc_clock_config
<LI><a href="#[103]">&gt;&gt;</a>&nbsp;&nbsp;&nbsp;rcu_periph_clock_enable
</UL>
<BR>[Called By]<UL><LI><a href="#[30]">&gt;&gt;</a>&nbsp;&nbsp;&nbsp;pwm_current_1shunt_peripheral_init
</UL>

<P><STRONG><a name="[191]"></a>pwm_current_1shunt_gpio_config</STRONG> (Thumb, 298 bytes, Stack size 64 bytes, pwm_current_1shunt.o(.text.pwm_current_1shunt_gpio_config))
<BR><BR>[Stack]<UL><LI>Max Depth = 92<LI>Call Chain = pwm_current_1shunt_gpio_config &rArr; gpio_mode_set
</UL>
<BR>[Calls]<UL><LI><a href="#[f3]">&gt;&gt;</a>&nbsp;&nbsp;&nbsp;gpio_output_options_set
<LI><a href="#[f9]">&gt;&gt;</a>&nbsp;&nbsp;&nbsp;gpio_af_set
<LI><a href="#[f2]">&gt;&gt;</a>&nbsp;&nbsp;&nbsp;gpio_mode_set
</UL>
<BR>[Called By]<UL><LI><a href="#[30]">&gt;&gt;</a>&nbsp;&nbsp;&nbsp;pwm_current_1shunt_peripheral_init
</UL>

<P><STRONG><a name="[193]"></a>pwm_current_1shunt_timer_config</STRONG> (Thumb, 424 bytes, Stack size 112 bytes, pwm_current_1shunt.o(.text.pwm_current_1shunt_timer_config))
<BR><BR>[Stack]<UL><LI>Max Depth = 172<LI>Call Chain = pwm_current_1shunt_timer_config &rArr; timer_deinit &rArr; rcu_periph_reset_disable
</UL>
<BR>[Calls]<UL><LI><a href="#[196]">&gt;&gt;</a>&nbsp;&nbsp;&nbsp;timer_dma_enable
<LI><a href="#[195]">&gt;&gt;</a>&nbsp;&nbsp;&nbsp;timer_dma_transfer_config
<LI><a href="#[18c]">&gt;&gt;</a>&nbsp;&nbsp;&nbsp;timer_primary_output_config
<LI><a href="#[18b]">&gt;&gt;</a>&nbsp;&nbsp;&nbsp;timer_channel_primary_output_config
<LI><a href="#[18a]">&gt;&gt;</a>&nbsp;&nbsp;&nbsp;timer_master_slave_mode_config
<LI><a href="#[189]">&gt;&gt;</a>&nbsp;&nbsp;&nbsp;timer_master_output_trigger_source_select
<LI><a href="#[188]">&gt;&gt;</a>&nbsp;&nbsp;&nbsp;timer_break_config
<LI><a href="#[187]">&gt;&gt;</a>&nbsp;&nbsp;&nbsp;timer_break_struct_para_init
<LI><a href="#[186]">&gt;&gt;</a>&nbsp;&nbsp;&nbsp;timer_channel_output_shadow_config
<LI><a href="#[185]">&gt;&gt;</a>&nbsp;&nbsp;&nbsp;timer_auto_reload_shadow_enable
<LI><a href="#[184]">&gt;&gt;</a>&nbsp;&nbsp;&nbsp;timer_struct_para_init
<LI><a href="#[13c]">&gt;&gt;</a>&nbsp;&nbsp;&nbsp;timer_channel_output_mode_config
<LI><a href="#[13a]">&gt;&gt;</a>&nbsp;&nbsp;&nbsp;timer_channel_output_config
<LI><a href="#[139]">&gt;&gt;</a>&nbsp;&nbsp;&nbsp;timer_channel_output_struct_para_init
<LI><a href="#[110]">&gt;&gt;</a>&nbsp;&nbsp;&nbsp;timer_init
<LI><a href="#[10f]">&gt;&gt;</a>&nbsp;&nbsp;&nbsp;timer_deinit
<LI><a href="#[13b]">&gt;&gt;</a>&nbsp;&nbsp;&nbsp;timer_channel_output_pulse_value_config
<LI><a href="#[103]">&gt;&gt;</a>&nbsp;&nbsp;&nbsp;rcu_periph_clock_enable
</UL>
<BR>[Called By]<UL><LI><a href="#[30]">&gt;&gt;</a>&nbsp;&nbsp;&nbsp;pwm_current_1shunt_peripheral_init
</UL>

<P><STRONG><a name="[18e]"></a>pwm_current_1shunt_adc_config</STRONG> (Thumb, 184 bytes, Stack size 32 bytes, pwm_current_1shunt.o(.text.pwm_current_1shunt_adc_config))
<BR><BR>[Stack]<UL><LI>Max Depth = 164<LI>Call Chain = pwm_current_1shunt_adc_config &rArr; current_calibration &rArr; gpio_mode_set
</UL>
<BR>[Calls]<UL><LI><a href="#[18f]">&gt;&gt;</a>&nbsp;&nbsp;&nbsp;adc_discontinuous_mode_config
<LI><a href="#[fa]">&gt;&gt;</a>&nbsp;&nbsp;&nbsp;current_calibration
<LI><a href="#[ed]">&gt;&gt;</a>&nbsp;&nbsp;&nbsp;adc_enable
<LI><a href="#[ec]">&gt;&gt;</a>&nbsp;&nbsp;&nbsp;adc_inserted_channel_config
<LI><a href="#[eb]">&gt;&gt;</a>&nbsp;&nbsp;&nbsp;trigsel_init
<LI><a href="#[e7]">&gt;&gt;</a>&nbsp;&nbsp;&nbsp;adc_special_function_config
<LI><a href="#[cf]">&gt;&gt;</a>&nbsp;&nbsp;&nbsp;adc_deinit
<LI><a href="#[15d]">&gt;&gt;</a>&nbsp;&nbsp;&nbsp;adc_dma_mode_enable
<LI><a href="#[ea]">&gt;&gt;</a>&nbsp;&nbsp;&nbsp;adc_routine_channel_config
<LI><a href="#[e9]">&gt;&gt;</a>&nbsp;&nbsp;&nbsp;adc_channel_length_config
<LI><a href="#[d6]">&gt;&gt;</a>&nbsp;&nbsp;&nbsp;adc_external_trigger_config
<LI><a href="#[e8]">&gt;&gt;</a>&nbsp;&nbsp;&nbsp;adc_data_alignment_config
<LI><a href="#[ef]">&gt;&gt;</a>&nbsp;&nbsp;&nbsp;nvic_irq_enable
<LI><a href="#[a8]">&gt;&gt;</a>&nbsp;&nbsp;&nbsp;adc_interrupt_flag_clear
</UL>
<BR>[Called By]<UL><LI><a href="#[30]">&gt;&gt;</a>&nbsp;&nbsp;&nbsp;pwm_current_1shunt_peripheral_init
</UL>

<P><STRONG><a name="[194]"></a>timer0_dma_config</STRONG> (Thumb, 276 bytes, Stack size 96 bytes, pwm_current_1shunt.o(.text.timer0_dma_config))
<BR><BR>[Stack]<UL><LI>Max Depth = 144<LI>Call Chain = timer0_dma_config &rArr; dma_init &rArr; fw_debug_report_err
</UL>
<BR>[Calls]<UL><LI><a href="#[101]">&gt;&gt;</a>&nbsp;&nbsp;&nbsp;dma_struct_para_init
<LI><a href="#[164]">&gt;&gt;</a>&nbsp;&nbsp;&nbsp;dma_memory_to_memory_disable
<LI><a href="#[163]">&gt;&gt;</a>&nbsp;&nbsp;&nbsp;dma_circulation_enable
<LI><a href="#[ff]">&gt;&gt;</a>&nbsp;&nbsp;&nbsp;dma_init
<LI><a href="#[162]">&gt;&gt;</a>&nbsp;&nbsp;&nbsp;dma_deinit
<LI><a href="#[e4]">&gt;&gt;</a>&nbsp;&nbsp;&nbsp;dma_channel_enable
<LI><a href="#[103]">&gt;&gt;</a>&nbsp;&nbsp;&nbsp;rcu_periph_clock_enable
</UL>
<BR>[Called By]<UL><LI><a href="#[30]">&gt;&gt;</a>&nbsp;&nbsp;&nbsp;pwm_current_1shunt_peripheral_init
</UL>

<P><STRONG><a name="[fa]"></a>current_calibration</STRONG> (Thumb, 664 bytes, Stack size 104 bytes, pwm_current_1shunt.o(.text.current_calibration))
<BR><BR>[Stack]<UL><LI>Max Depth = 132<LI>Call Chain = current_calibration &rArr; gpio_mode_set
</UL>
<BR>[Calls]<UL><LI><a href="#[f8]">&gt;&gt;</a>&nbsp;&nbsp;&nbsp;adc_routine_data_read
<LI><a href="#[f7]">&gt;&gt;</a>&nbsp;&nbsp;&nbsp;adc_flag_clear
<LI><a href="#[f6]">&gt;&gt;</a>&nbsp;&nbsp;&nbsp;adc_flag_get
<LI><a href="#[f5]">&gt;&gt;</a>&nbsp;&nbsp;&nbsp;adc_software_trigger_enable
<LI><a href="#[ea]">&gt;&gt;</a>&nbsp;&nbsp;&nbsp;adc_routine_channel_config
<LI><a href="#[d6]">&gt;&gt;</a>&nbsp;&nbsp;&nbsp;adc_external_trigger_config
<LI><a href="#[f4]">&gt;&gt;</a>&nbsp;&nbsp;&nbsp;gpio_bit_reset
<LI><a href="#[f3]">&gt;&gt;</a>&nbsp;&nbsp;&nbsp;gpio_output_options_set
<LI><a href="#[f9]">&gt;&gt;</a>&nbsp;&nbsp;&nbsp;gpio_af_set
<LI><a href="#[f2]">&gt;&gt;</a>&nbsp;&nbsp;&nbsp;gpio_mode_set
</UL>
<BR>[Called By]<UL><LI><a href="#[18e]">&gt;&gt;</a>&nbsp;&nbsp;&nbsp;pwm_current_1shunt_adc_config
</UL>

<P><STRONG><a name="[fe]"></a>current_sample_region_divide</STRONG> (Thumb, 466 bytes, Stack size 16 bytes, pwm_current_1shunt.o(.text.current_sample_region_divide))
<BR><BR>[Stack]<UL><LI>Max Depth = 40<LI>Call Chain = current_sample_region_divide &rArr; current_sample_region2_handle &rArr; oneshunt_parameter_check
</UL>
<BR>[Calls]<UL><LI><a href="#[fd]">&gt;&gt;</a>&nbsp;&nbsp;&nbsp;current_sample_region2_handle
<LI><a href="#[fb]">&gt;&gt;</a>&nbsp;&nbsp;&nbsp;current_sample_region1_handle
</UL>
<BR>[Called By]<UL><LI><a href="#[36]">&gt;&gt;</a>&nbsp;&nbsp;&nbsp;pwm_current_1shunt_sampling_point_config
</UL>

<P><STRONG><a name="[fb]"></a>current_sample_region1_handle</STRONG> (Thumb, 216 bytes, Stack size 16 bytes, pwm_current_1shunt.o(.text.current_sample_region1_handle))
<BR><BR>[Stack]<UL><LI>Max Depth = 24<LI>Call Chain = current_sample_region1_handle &rArr; oneshunt_parameter_check
</UL>
<BR>[Calls]<UL><LI><a href="#[fc]">&gt;&gt;</a>&nbsp;&nbsp;&nbsp;oneshunt_parameter_check
</UL>
<BR>[Called By]<UL><LI><a href="#[fe]">&gt;&gt;</a>&nbsp;&nbsp;&nbsp;current_sample_region_divide
</UL>

<P><STRONG><a name="[fd]"></a>current_sample_region2_handle</STRONG> (Thumb, 218 bytes, Stack size 16 bytes, pwm_current_1shunt.o(.text.current_sample_region2_handle))
<BR><BR>[Stack]<UL><LI>Max Depth = 24<LI>Call Chain = current_sample_region2_handle &rArr; oneshunt_parameter_check
</UL>
<BR>[Calls]<UL><LI><a href="#[fc]">&gt;&gt;</a>&nbsp;&nbsp;&nbsp;oneshunt_parameter_check
</UL>
<BR>[Called By]<UL><LI><a href="#[fe]">&gt;&gt;</a>&nbsp;&nbsp;&nbsp;current_sample_region_divide
</UL>

<P><STRONG><a name="[fc]"></a>oneshunt_parameter_check</STRONG> (Thumb, 56 bytes, Stack size 8 bytes, pwm_current_1shunt.o(.text.oneshunt_parameter_check))
<BR><BR>[Stack]<UL><LI>Max Depth = 8<LI>Call Chain = oneshunt_parameter_check
</UL>
<BR>[Called By]<UL><LI><a href="#[fd]">&gt;&gt;</a>&nbsp;&nbsp;&nbsp;current_sample_region2_handle
<LI><a href="#[fb]">&gt;&gt;</a>&nbsp;&nbsp;&nbsp;current_sample_region1_handle
</UL>

<P><STRONG><a name="[115]"></a>encoder_sensor_detect_fmc_data_read</STRONG> (Thumb, 60 bytes, Stack size 8 bytes, angle_encoder.o(.text.encoder_sensor_detect_fmc_data_read))
<BR><BR>[Stack]<UL><LI>Max Depth = 8<LI>Call Chain = encoder_sensor_detect_fmc_data_read
</UL>
<BR>[Called By]<UL><LI><a href="#[5]">&gt;&gt;</a>&nbsp;&nbsp;&nbsp;encoder_sensor_var_init
</UL>

<P><STRONG><a name="[10b]"></a>encoder_sensor_detect_fmc_erase_pages</STRONG> (Thumb, 44 bytes, Stack size 16 bytes, angle_encoder.o(.text.encoder_sensor_detect_fmc_erase_pages))
<BR><BR>[Stack]<UL><LI>Max Depth = 76<LI>Call Chain = encoder_sensor_detect_fmc_erase_pages &rArr; fmc_page_erase &rArr; fmc_bank1_ready_wait &rArr; fmc_bank1_state_get
</UL>
<BR>[Calls]<UL><LI><a href="#[10a]">&gt;&gt;</a>&nbsp;&nbsp;&nbsp;fmc_lock
<LI><a href="#[10c]">&gt;&gt;</a>&nbsp;&nbsp;&nbsp;fmc_page_erase
<LI><a href="#[109]">&gt;&gt;</a>&nbsp;&nbsp;&nbsp;fmc_flag_clear
<LI><a href="#[107]">&gt;&gt;</a>&nbsp;&nbsp;&nbsp;fmc_unlock
</UL>
<BR>[Called By]<UL><LI><a href="#[7]">&gt;&gt;</a>&nbsp;&nbsp;&nbsp;encoder_sensor_interrupt_handler
</UL>

<P><STRONG><a name="[106]"></a>encoder_sensor_detect_fmc_data_program</STRONG> (Thumb, 92 bytes, Stack size 24 bytes, angle_encoder.o(.text.encoder_sensor_detect_fmc_data_program))
<BR><BR>[Stack]<UL><LI>Max Depth = 84<LI>Call Chain = encoder_sensor_detect_fmc_data_program &rArr; fmc_halfword_program &rArr; fmc_bank1_ready_wait &rArr; fmc_bank1_state_get
</UL>
<BR>[Calls]<UL><LI><a href="#[108]">&gt;&gt;</a>&nbsp;&nbsp;&nbsp;fmc_halfword_program
<LI><a href="#[10a]">&gt;&gt;</a>&nbsp;&nbsp;&nbsp;fmc_lock
<LI><a href="#[109]">&gt;&gt;</a>&nbsp;&nbsp;&nbsp;fmc_flag_clear
<LI><a href="#[107]">&gt;&gt;</a>&nbsp;&nbsp;&nbsp;fmc_unlock
</UL>
<BR>[Called By]<UL><LI><a href="#[7]">&gt;&gt;</a>&nbsp;&nbsp;&nbsp;encoder_sensor_interrupt_handler
</UL>

<P><STRONG><a name="[cd]"></a>rb_push</STRONG> (Thumb, 80 bytes, Stack size 4 bytes, uart4_drv.o(.text.rb_push))
<BR><BR>[Stack]<UL><LI>Max Depth = 4<LI>Call Chain = rb_push
</UL>
<BR>[Called By]<UL><LI><a href="#[7a]">&gt;&gt;</a>&nbsp;&nbsp;&nbsp;UART4_IRQHandler
</UL>

<P><STRONG><a name="[c7]"></a>_soft_delay_</STRONG> (Thumb, 40 bytes, Stack size 8 bytes, system_gd32f50x.o(.text._soft_delay_))
<BR><BR>[Stack]<UL><LI>Max Depth = 8<LI>Call Chain = _soft_delay_
</UL>
<BR>[Called By]<UL><LI><a href="#[96]">&gt;&gt;</a>&nbsp;&nbsp;&nbsp;SystemInit
</UL>

<P><STRONG><a name="[c8]"></a>system_clock_config</STRONG> (Thumb, 8 bytes, Stack size 8 bytes, system_gd32f50x.o(.text.system_clock_config))
<BR><BR>[Stack]<UL><LI>Max Depth = 36<LI>Call Chain = system_clock_config &rArr; system_clock_252m_hxtal
</UL>
<BR>[Calls]<UL><LI><a href="#[1a4]">&gt;&gt;</a>&nbsp;&nbsp;&nbsp;system_clock_252m_hxtal
</UL>
<BR>[Called By]<UL><LI><a href="#[96]">&gt;&gt;</a>&nbsp;&nbsp;&nbsp;SystemInit
</UL>

<P><STRONG><a name="[1a4]"></a>system_clock_252m_hxtal</STRONG> (Thumb, 486 bytes, Stack size 28 bytes, system_gd32f50x.o(.text.system_clock_252m_hxtal))
<BR><BR>[Stack]<UL><LI>Max Depth = 28<LI>Call Chain = system_clock_252m_hxtal
</UL>
<BR>[Called By]<UL><LI><a href="#[c8]">&gt;&gt;</a>&nbsp;&nbsp;&nbsp;system_clock_config
</UL>

<P><STRONG><a name="[171]"></a>__NVIC_GetPriorityGrouping</STRONG> (Thumb, 16 bytes, Stack size 0 bytes, gd32f50x_misc.o(.text.__NVIC_GetPriorityGrouping))
<BR><BR>[Called By]<UL><LI><a href="#[ef]">&gt;&gt;</a>&nbsp;&nbsp;&nbsp;nvic_irq_enable
</UL>

<P><STRONG><a name="[172]"></a>NVIC_EncodePriority</STRONG> (Thumb, 108 bytes, Stack size 32 bytes, gd32f50x_misc.o(.text.NVIC_EncodePriority))
<BR><BR>[Stack]<UL><LI>Max Depth = 32<LI>Call Chain = NVIC_EncodePriority
</UL>
<BR>[Called By]<UL><LI><a href="#[ef]">&gt;&gt;</a>&nbsp;&nbsp;&nbsp;nvic_irq_enable
</UL>

<P><STRONG><a name="[173]"></a>__NVIC_SetPriority</STRONG> (Thumb, 66 bytes, Stack size 8 bytes, gd32f50x_misc.o(.text.__NVIC_SetPriority))
<BR><BR>[Stack]<UL><LI>Max Depth = 8<LI>Call Chain = __NVIC_SetPriority
</UL>
<BR>[Called By]<UL><LI><a href="#[ef]">&gt;&gt;</a>&nbsp;&nbsp;&nbsp;nvic_irq_enable
</UL>

<P><STRONG><a name="[174]"></a>__NVIC_EnableIRQ</STRONG> (Thumb, 48 bytes, Stack size 4 bytes, gd32f50x_misc.o(.text.__NVIC_EnableIRQ))
<BR><BR>[Stack]<UL><LI>Max Depth = 4<LI>Call Chain = __NVIC_EnableIRQ
</UL>
<BR>[Called By]<UL><LI><a href="#[ef]">&gt;&gt;</a>&nbsp;&nbsp;&nbsp;nvic_irq_enable
</UL>

<P><STRONG><a name="[19d]"></a>smo_atan_update</STRONG> (Thumb, 436 bytes, Stack size 24 bytes, smo_observer.o(.text.smo_atan_update))
<BR><BR>[Stack]<UL><LI>Max Depth = 48<LI>Call Chain = smo_atan_update &rArr; moving_average_float
</UL>
<BR>[Calls]<UL><LI><a href="#[11b]">&gt;&gt;</a>&nbsp;&nbsp;&nbsp;atan2_float
<LI><a href="#[11c]">&gt;&gt;</a>&nbsp;&nbsp;&nbsp;angle_nomalize_float
<LI><a href="#[137]">&gt;&gt;</a>&nbsp;&nbsp;&nbsp;moving_average_float
</UL>
<BR>[Called By]<UL><LI><a href="#[39]">&gt;&gt;</a>&nbsp;&nbsp;&nbsp;smo_observer_update
</UL>

<P><STRONG><a name="[19f]"></a>smo_pll_update</STRONG> (Thumb, 304 bytes, Stack size 40 bytes, smo_observer.o(.text.smo_pll_update))
<BR><BR>[Stack]<UL><LI>Max Depth = 64<LI>Call Chain = smo_pll_update &rArr; moving_average_float
</UL>
<BR>[Calls]<UL><LI><a href="#[11b]">&gt;&gt;</a>&nbsp;&nbsp;&nbsp;atan2_float
<LI><a href="#[11c]">&gt;&gt;</a>&nbsp;&nbsp;&nbsp;angle_nomalize_float
<LI><a href="#[137]">&gt;&gt;</a>&nbsp;&nbsp;&nbsp;moving_average_float
<LI><a href="#[11a]">&gt;&gt;</a>&nbsp;&nbsp;&nbsp;pid_incremental_regulation
<LI><a href="#[af]">&gt;&gt;</a>&nbsp;&nbsp;&nbsp;sin_cos_float
</UL>
<BR>[Called By]<UL><LI><a href="#[39]">&gt;&gt;</a>&nbsp;&nbsp;&nbsp;smo_observer_update
</UL>

<P><STRONG><a name="[149]"></a>if_startup_phase_error_nomalize</STRONG> (Thumb, 200 bytes, Stack size 24 bytes, vf_if_startup.o(.text.if_startup_phase_error_nomalize))
<BR><BR>[Stack]<UL><LI>Max Depth = 24<LI>Call Chain = if_startup_phase_error_nomalize
</UL>
<BR>[Called By]<UL><LI><a href="#[10]">&gt;&gt;</a>&nbsp;&nbsp;&nbsp;if_start_up
</UL>

<P><STRONG><a name="[1b9]"></a>_fp_digits</STRONG> (Thumb, 366 bytes, Stack size 64 bytes, printfa.o(i._fp_digits), UNUSED)
<BR><BR>[Calls]<UL><LI><a href="#[9b]">&gt;&gt;</a>&nbsp;&nbsp;&nbsp;__aeabi_uldivmod
<LI><a href="#[a4]">&gt;&gt;</a>&nbsp;&nbsp;&nbsp;__aeabi_dmul
<LI><a href="#[a5]">&gt;&gt;</a>&nbsp;&nbsp;&nbsp;__aeabi_ddiv
<LI><a href="#[9e]">&gt;&gt;</a>&nbsp;&nbsp;&nbsp;__aeabi_dadd
<LI><a href="#[a6]">&gt;&gt;</a>&nbsp;&nbsp;&nbsp;__aeabi_d2ulz
<LI><a href="#[1ba]">&gt;&gt;</a>&nbsp;&nbsp;&nbsp;__aeabi_cdrcmple
</UL>
<BR>[Called By]<UL><LI><a href="#[1b8]">&gt;&gt;</a>&nbsp;&nbsp;&nbsp;_printf_core
</UL>

<P><STRONG><a name="[1b8]"></a>_printf_core</STRONG> (Thumb, 1744 bytes, Stack size 136 bytes, printfa.o(i._printf_core), UNUSED)
<BR><BR>[Calls]<UL><LI><a href="#[9b]">&gt;&gt;</a>&nbsp;&nbsp;&nbsp;__aeabi_uldivmod
<LI><a href="#[1bd]">&gt;&gt;</a>&nbsp;&nbsp;&nbsp;__aeabi_uidivmod
<LI><a href="#[1bb]">&gt;&gt;</a>&nbsp;&nbsp;&nbsp;_printf_pre_padding
<LI><a href="#[1bc]">&gt;&gt;</a>&nbsp;&nbsp;&nbsp;_printf_post_padding
<LI><a href="#[1b9]">&gt;&gt;</a>&nbsp;&nbsp;&nbsp;_fp_digits
</UL>
<BR>[Called By]<UL><LI><a href="#[1b7]">&gt;&gt;</a>&nbsp;&nbsp;&nbsp;__0printf
</UL>

<P><STRONG><a name="[1bc]"></a>_printf_post_padding</STRONG> (Thumb, 36 bytes, Stack size 24 bytes, printfa.o(i._printf_post_padding), UNUSED)
<BR><BR>[Called By]<UL><LI><a href="#[1b8]">&gt;&gt;</a>&nbsp;&nbsp;&nbsp;_printf_core
</UL>

<P><STRONG><a name="[1bb]"></a>_printf_pre_padding</STRONG> (Thumb, 46 bytes, Stack size 24 bytes, printfa.o(i._printf_pre_padding), UNUSED)
<BR><BR>[Called By]<UL><LI><a href="#[1b8]">&gt;&gt;</a>&nbsp;&nbsp;&nbsp;_printf_core
</UL>
<P>
<H3>
Undefined Global Symbols
</H3><HR></body></html>
